[10.861s] Invoking command in '/home/sunrise/Robot_Car/src/car_control_tools': PYTHONPATH=/home/sunrise/Robot_Car/build/car_control_tools/prefix_override:/usr/lib/python3/dist-packages/colcon_core/task/python/colcon_distutils_commands:/home/sunrise/Robot_Car/install/car_control_tools/lib/python3.10/site-packages:${PYTHONPATH} /usr/bin/python3 -W ignore:setup.py install is deprecated -W ignore:easy_install command is deprecated setup.py egg_info --egg-base ../../build/car_control_tools build --build-base /home/sunrise/Robot_Car/build/car_control_tools/build install --record /home/sunrise/Robot_Car/build/car_control_tools/install.log --single-version-externally-managed install_data
[12.635s] /usr/local/lib/python3.10/dist-packages/setuptools/_distutils/dist.py:289: UserWarning: Unknown distribution option: 'tests_require'
[12.638s]   warnings.warn(msg)
[14.628s] running egg_info
[14.852s] writing ../../build/car_control_tools/car_control_tools.egg-info/PKG-INFO
[14.855s] writing dependency_links to ../../build/car_control_tools/car_control_tools.egg-info/dependency_links.txt
[14.858s] writing entry points to ../../build/car_control_tools/car_control_tools.egg-info/entry_points.txt
[14.861s] writing requirements to ../../build/car_control_tools/car_control_tools.egg-info/requires.txt
[14.865s] writing top-level names to ../../build/car_control_tools/car_control_tools.egg-info/top_level.txt
[15.452s] reading manifest file '../../build/car_control_tools/car_control_tools.egg-info/SOURCES.txt'
[15.474s] writing manifest file '../../build/car_control_tools/car_control_tools.egg-info/SOURCES.txt'
[15.476s] running build
[15.478s] running build_py
[15.481s] copying car_control_tools/__init__.py -> /home/sunrise/Robot_Car/build/car_control_tools/build/lib/car_control_tools
[15.482s] copying car_control_tools/goal_utils.py -> /home/sunrise/Robot_Car/build/car_control_tools/build/lib/car_control_tools
[15.485s] copying car_control_tools/terminal_goal.py -> /home/sunrise/Robot_Car/build/car_control_tools/build/lib/car_control_tools
[15.490s] running install
[15.540s] running install_lib
[15.853s] running install_data
[15.857s] copying resource/car_control_tools -> /home/sunrise/Robot_Car/install/car_control_tools/share/ament_index/resource_index/packages
[15.858s] copying package.xml -> /home/sunrise/Robot_Car/install/car_control_tools/share/car_control_tools
[15.860s] running install_egg_info
[16.135s] removing '/home/sunrise/Robot_Car/install/car_control_tools/lib/python3.10/site-packages/car_control_tools-0.0.1-py3.10.egg-info' (and everything under it)
[16.138s] Copying ../../build/car_control_tools/car_control_tools.egg-info to /home/sunrise/Robot_Car/install/car_control_tools/lib/python3.10/site-packages/car_control_tools-0.0.1-py3.10.egg-info
[16.150s] running install_scripts
[16.715s] Installing terminal_goal script to /home/sunrise/Robot_Car/install/car_control_tools/lib/car_control_tools
[16.719s] writing list of installed files to '/home/sunrise/Robot_Car/build/car_control_tools/install.log'
[17.013s] Invoked command in '/home/sunrise/Robot_Car/src/car_control_tools' returned '0': PYTHONPATH=/home/sunrise/Robot_Car/build/car_control_tools/prefix_override:/usr/lib/python3/dist-packages/colcon_core/task/python/colcon_distutils_commands:/home/sunrise/Robot_Car/install/car_control_tools/lib/python3.10/site-packages:${PYTHONPATH} /usr/bin/python3 -W ignore:setup.py install is deprecated -W ignore:easy_install command is deprecated setup.py egg_info --egg-base ../../build/car_control_tools build --build-base /home/sunrise/Robot_Car/build/car_control_tools/build install --record /home/sunrise/Robot_Car/build/car_control_tools/install.log --single-version-externally-managed install_data
