[0.697s] DEBUG:colcon:Command line arguments: ['/usr/bin/colcon', 'build']
[0.698s] DEBUG:colcon:Parsed command line arguments: Namespace(log_base=None, log_level=None, verb_name='build', build_base='build', install_base='install', merge_install=False, symlink_install=False, test_result_base=None, continue_on_error=False, executor='parallel', parallel_workers=4, event_handlers=None, ignore_user_meta=False, metas=['./colcon.meta'], base_paths=['.'], packages_ignore=None, packages_ignore_regex=None, paths=None, packages_up_to=None, packages_up_to_regex=None, packages_above=None, packages_above_and_dependencies=None, packages_above_depth=None, packages_select_by_dep=None, packages_skip_by_dep=None, packages_skip_up_to=None, packages_select_build_failed=False, packages_skip_build_finished=False, packages_select_test_failures=False, packages_skip_test_passed=False, packages_select=None, packages_skip=None, packages_select_regex=None, packages_skip_regex=None, packages_start=None, packages_end=None, allow_overriding=[], cmake_args=None, cmake_target=None, cmake_target_skip_unavailable=False, cmake_clean_cache=False, cmake_clean_first=False, cmake_force_configure=False, ament_cmake_args=None, catkin_cmake_args=None, catkin_skip_building_tests=False, verb_parser=<colcon_defaults.argument_parser.defaults.DefaultArgumentsDecorator object at 0x7f9a479300>, verb_extension=<colcon_core.verb.build.BuildVerb object at 0x7f9a478d30>, main=<bound method BuildVerb.main of <colcon_core.verb.build.BuildVerb object at 0x7f9a478d30>>)
[0.967s] Level 1:colcon.colcon_core.package_discovery:discover_packages(colcon_meta) check parameters
[0.968s] Level 1:colcon.colcon_core.package_discovery:discover_packages(recursive) check parameters
[0.968s] Level 1:colcon.colcon_core.package_discovery:discover_packages(ignore) check parameters
[0.968s] Level 1:colcon.colcon_core.package_discovery:discover_packages(path) check parameters
[0.969s] Level 1:colcon.colcon_core.package_discovery:discover_packages(colcon_meta) discover
[0.969s] Level 1:colcon.colcon_core.package_discovery:discover_packages(recursive) discover
[0.969s] INFO:colcon.colcon_core.package_discovery:Crawling recursively for packages in '/home/sunrise/Robot_Car'
[0.970s] Level 1:colcon.colcon_core.package_identification:_identify(.) by extensions ['ignore', 'ignore_ament_install']
[0.970s] Level 1:colcon.colcon_core.package_identification:_identify(.) by extension 'ignore'
[0.971s] Level 1:colcon.colcon_core.package_identification:_identify(.) by extension 'ignore_ament_install'
[0.972s] Level 1:colcon.colcon_core.package_identification:_identify(.) by extensions ['colcon_pkg']
[0.972s] Level 1:colcon.colcon_core.package_identification:_identify(.) by extension 'colcon_pkg'
[0.973s] Level 1:colcon.colcon_core.package_identification:_identify(.) by extensions ['colcon_meta']
[0.973s] Level 1:colcon.colcon_core.package_identification:_identify(.) by extension 'colcon_meta'
[0.974s] Level 1:colcon.colcon_core.package_identification:_identify(.) by extensions ['ros']
[0.974s] Level 1:colcon.colcon_core.package_identification:_identify(.) by extension 'ros'
[1.075s] Level 1:colcon.colcon_core.package_identification:_identify(.) by extensions ['cmake', 'python']
[1.075s] Level 1:colcon.colcon_core.package_identification:_identify(.) by extension 'cmake'
[1.076s] Level 1:colcon.colcon_core.package_identification:_identify(.) by extension 'python'
[1.076s] Level 1:colcon.colcon_core.package_identification:_identify(.) by extensions ['python_setup_py']
[1.076s] Level 1:colcon.colcon_core.package_identification:_identify(.) by extension 'python_setup_py'
[1.077s] Level 1:colcon.colcon_core.package_identification:_identify(build) by extensions ['ignore', 'ignore_ament_install']
[1.078s] Level 1:colcon.colcon_core.package_identification:_identify(build) by extension 'ignore'
[1.078s] Level 1:colcon.colcon_core.package_identification:_identify(build) ignored
[1.079s] Level 1:colcon.colcon_core.package_identification:_identify(install) by extensions ['ignore', 'ignore_ament_install']
[1.079s] Level 1:colcon.colcon_core.package_identification:_identify(install) by extension 'ignore'
[1.080s] Level 1:colcon.colcon_core.package_identification:_identify(install) ignored
[1.081s] Level 1:colcon.colcon_core.package_identification:_identify(log) by extensions ['ignore', 'ignore_ament_install']
[1.081s] Level 1:colcon.colcon_core.package_identification:_identify(log) by extension 'ignore'
[1.081s] Level 1:colcon.colcon_core.package_identification:_identify(log) ignored
[1.082s] Level 1:colcon.colcon_core.package_identification:_identify(maps) by extensions ['ignore', 'ignore_ament_install']
[1.083s] Level 1:colcon.colcon_core.package_identification:_identify(maps) by extension 'ignore'
[1.083s] Level 1:colcon.colcon_core.package_identification:_identify(maps) by extension 'ignore_ament_install'
[1.083s] Level 1:colcon.colcon_core.package_identification:_identify(maps) by extensions ['colcon_pkg']
[1.084s] Level 1:colcon.colcon_core.package_identification:_identify(maps) by extension 'colcon_pkg'
[1.084s] Level 1:colcon.colcon_core.package_identification:_identify(maps) by extensions ['colcon_meta']
[1.084s] Level 1:colcon.colcon_core.package_identification:_identify(maps) by extension 'colcon_meta'
[1.085s] Level 1:colcon.colcon_core.package_identification:_identify(maps) by extensions ['ros']
[1.085s] Level 1:colcon.colcon_core.package_identification:_identify(maps) by extension 'ros'
[1.086s] Level 1:colcon.colcon_core.package_identification:_identify(maps) by extensions ['cmake', 'python']
[1.086s] Level 1:colcon.colcon_core.package_identification:_identify(maps) by extension 'cmake'
[1.086s] Level 1:colcon.colcon_core.package_identification:_identify(maps) by extension 'python'
[1.086s] Level 1:colcon.colcon_core.package_identification:_identify(maps) by extensions ['python_setup_py']
[1.087s] Level 1:colcon.colcon_core.package_identification:_identify(maps) by extension 'python_setup_py'
[1.087s] Level 1:colcon.colcon_core.package_identification:_identify(src) by extensions ['ignore', 'ignore_ament_install']
[1.088s] Level 1:colcon.colcon_core.package_identification:_identify(src) by extension 'ignore'
[1.088s] Level 1:colcon.colcon_core.package_identification:_identify(src) by extension 'ignore_ament_install'
[1.089s] Level 1:colcon.colcon_core.package_identification:_identify(src) by extensions ['colcon_pkg']
[1.089s] Level 1:colcon.colcon_core.package_identification:_identify(src) by extension 'colcon_pkg'
[1.089s] Level 1:colcon.colcon_core.package_identification:_identify(src) by extensions ['colcon_meta']
[1.090s] Level 1:colcon.colcon_core.package_identification:_identify(src) by extension 'colcon_meta'
[1.090s] Level 1:colcon.colcon_core.package_identification:_identify(src) by extensions ['ros']
[1.090s] Level 1:colcon.colcon_core.package_identification:_identify(src) by extension 'ros'
[1.091s] Level 1:colcon.colcon_core.package_identification:_identify(src) by extensions ['cmake', 'python']
[1.091s] Level 1:colcon.colcon_core.package_identification:_identify(src) by extension 'cmake'
[1.092s] Level 1:colcon.colcon_core.package_identification:_identify(src) by extension 'python'
[1.093s] Level 1:colcon.colcon_core.package_identification:_identify(src) by extensions ['python_setup_py']
[1.093s] Level 1:colcon.colcon_core.package_identification:_identify(src) by extension 'python_setup_py'
[1.094s] Level 1:colcon.colcon_core.package_identification:_identify(src/car_base_driver) by extensions ['ignore', 'ignore_ament_install']
[1.095s] Level 1:colcon.colcon_core.package_identification:_identify(src/car_base_driver) by extension 'ignore'
[1.095s] Level 1:colcon.colcon_core.package_identification:_identify(src/car_base_driver) by extension 'ignore_ament_install'
[1.096s] Level 1:colcon.colcon_core.package_identification:_identify(src/car_base_driver) by extensions ['colcon_pkg']
[1.096s] Level 1:colcon.colcon_core.package_identification:_identify(src/car_base_driver) by extension 'colcon_pkg'
[1.097s] Level 1:colcon.colcon_core.package_identification:_identify(src/car_base_driver) by extensions ['colcon_meta']
[1.097s] Level 1:colcon.colcon_core.package_identification:_identify(src/car_base_driver) by extension 'colcon_meta'
[1.097s] Level 1:colcon.colcon_core.package_identification:_identify(src/car_base_driver) by extensions ['ros']
[1.098s] Level 1:colcon.colcon_core.package_identification:_identify(src/car_base_driver) by extension 'ros'
[1.115s] DEBUG:colcon.colcon_core.package_identification:Package 'src/car_base_driver' with type 'ros.ament_python' and name 'car_base_driver'
[1.115s] Level 1:colcon.colcon_core.package_identification:_identify(src/car_control_tools) by extensions ['ignore', 'ignore_ament_install']
[1.116s] Level 1:colcon.colcon_core.package_identification:_identify(src/car_control_tools) by extension 'ignore'
[1.117s] Level 1:colcon.colcon_core.package_identification:_identify(src/car_control_tools) by extension 'ignore_ament_install'
[1.117s] Level 1:colcon.colcon_core.package_identification:_identify(src/car_control_tools) by extensions ['colcon_pkg']
[1.118s] Level 1:colcon.colcon_core.package_identification:_identify(src/car_control_tools) by extension 'colcon_pkg'
[1.119s] Level 1:colcon.colcon_core.package_identification:_identify(src/car_control_tools) by extensions ['colcon_meta']
[1.119s] Level 1:colcon.colcon_core.package_identification:_identify(src/car_control_tools) by extension 'colcon_meta'
[1.119s] Level 1:colcon.colcon_core.package_identification:_identify(src/car_control_tools) by extensions ['ros']
[1.120s] Level 1:colcon.colcon_core.package_identification:_identify(src/car_control_tools) by extension 'ros'
[1.126s] DEBUG:colcon.colcon_core.package_identification:Package 'src/car_control_tools' with type 'ros.ament_python' and name 'car_control_tools'
[1.127s] Level 1:colcon.colcon_core.package_identification:_identify(src/car_model_urdf) by extensions ['ignore', 'ignore_ament_install']
[1.128s] Level 1:colcon.colcon_core.package_identification:_identify(src/car_model_urdf) by extension 'ignore'
[1.128s] Level 1:colcon.colcon_core.package_identification:_identify(src/car_model_urdf) by extension 'ignore_ament_install'
[1.129s] Level 1:colcon.colcon_core.package_identification:_identify(src/car_model_urdf) by extensions ['colcon_pkg']
[1.129s] Level 1:colcon.colcon_core.package_identification:_identify(src/car_model_urdf) by extension 'colcon_pkg'
[1.130s] Level 1:colcon.colcon_core.package_identification:_identify(src/car_model_urdf) by extensions ['colcon_meta']
[1.130s] Level 1:colcon.colcon_core.package_identification:_identify(src/car_model_urdf) by extension 'colcon_meta'
[1.130s] Level 1:colcon.colcon_core.package_identification:_identify(src/car_model_urdf) by extensions ['ros']
[1.130s] Level 1:colcon.colcon_core.package_identification:_identify(src/car_model_urdf) by extension 'ros'
[1.134s] DEBUG:colcon.colcon_core.package_identification:Package 'src/car_model_urdf' with type 'ros.ament_cmake' and name 'car_model_urdf'
[1.135s] Level 1:colcon.colcon_core.package_identification:_identify(src/car_navigation) by extensions ['ignore', 'ignore_ament_install']
[1.136s] Level 1:colcon.colcon_core.package_identification:_identify(src/car_navigation) by extension 'ignore'
[1.136s] Level 1:colcon.colcon_core.package_identification:_identify(src/car_navigation) by extension 'ignore_ament_install'
[1.136s] Level 1:colcon.colcon_core.package_identification:_identify(src/car_navigation) by extensions ['colcon_pkg']
[1.137s] Level 1:colcon.colcon_core.package_identification:_identify(src/car_navigation) by extension 'colcon_pkg'
[1.137s] Level 1:colcon.colcon_core.package_identification:_identify(src/car_navigation) by extensions ['colcon_meta']
[1.137s] Level 1:colcon.colcon_core.package_identification:_identify(src/car_navigation) by extension 'colcon_meta'
[1.138s] Level 1:colcon.colcon_core.package_identification:_identify(src/car_navigation) by extensions ['ros']
[1.138s] Level 1:colcon.colcon_core.package_identification:_identify(src/car_navigation) by extension 'ros'
[1.142s] DEBUG:colcon.colcon_core.package_identification:Package 'src/car_navigation' with type 'ros.ament_cmake' and name 'car_navigation'
[1.143s] Level 1:colcon.colcon_core.package_identification:_identify(src/ydlidar_ros2_driver-humble) by extensions ['ignore', 'ignore_ament_install']
[1.144s] Level 1:colcon.colcon_core.package_identification:_identify(src/ydlidar_ros2_driver-humble) by extension 'ignore'
[1.145s] Level 1:colcon.colcon_core.package_identification:_identify(src/ydlidar_ros2_driver-humble) by extension 'ignore_ament_install'
[1.145s] Level 1:colcon.colcon_core.package_identification:_identify(src/ydlidar_ros2_driver-humble) by extensions ['colcon_pkg']
[1.146s] Level 1:colcon.colcon_core.package_identification:_identify(src/ydlidar_ros2_driver-humble) by extension 'colcon_pkg'
[1.146s] Level 1:colcon.colcon_core.package_identification:_identify(src/ydlidar_ros2_driver-humble) by extensions ['colcon_meta']
[1.146s] Level 1:colcon.colcon_core.package_identification:_identify(src/ydlidar_ros2_driver-humble) by extension 'colcon_meta'
[1.147s] Level 1:colcon.colcon_core.package_identification:_identify(src/ydlidar_ros2_driver-humble) by extensions ['ros']
[1.147s] Level 1:colcon.colcon_core.package_identification:_identify(src/ydlidar_ros2_driver-humble) by extension 'ros'
[1.152s] DEBUG:colcon.colcon_core.package_identification:Package 'src/ydlidar_ros2_driver-humble' with type 'ros.ament_cmake' and name 'ydlidar_ros2_driver'
[1.152s] Level 1:colcon.colcon_core.package_discovery:discover_packages(recursive) using defaults
[1.153s] Level 1:colcon.colcon_core.package_discovery:discover_packages(ignore) discover
[1.153s] Level 1:colcon.colcon_core.package_discovery:discover_packages(ignore) using defaults
[1.153s] Level 1:colcon.colcon_core.package_discovery:discover_packages(path) discover
[1.153s] Level 1:colcon.colcon_core.package_discovery:discover_packages(path) using defaults
[1.292s] Level 1:colcon.colcon_core.package_discovery:discover_packages(prefix_path) check parameters
[1.292s] Level 1:colcon.colcon_core.package_discovery:discover_packages(prefix_path) discover
[1.316s] DEBUG:colcon.colcon_installed_package_information.package_discovery:Found 364 installed packages in /opt/ros/humble
[1.333s] Level 1:colcon.colcon_core.package_discovery:discover_packages(prefix_path) using defaults
[1.827s] Level 5:colcon.colcon_core.verb:set package 'car_base_driver' build argument 'cmake_args' from command line to 'None'
[1.827s] Level 5:colcon.colcon_core.verb:set package 'car_base_driver' build argument 'cmake_target' from command line to 'None'
[1.827s] Level 5:colcon.colcon_core.verb:set package 'car_base_driver' build argument 'cmake_target_skip_unavailable' from command line to 'False'
[1.827s] Level 5:colcon.colcon_core.verb:set package 'car_base_driver' build argument 'cmake_clean_cache' from command line to 'False'
[1.828s] Level 5:colcon.colcon_core.verb:set package 'car_base_driver' build argument 'cmake_clean_first' from command line to 'False'
[1.828s] Level 5:colcon.colcon_core.verb:set package 'car_base_driver' build argument 'cmake_force_configure' from command line to 'False'
[1.828s] Level 5:colcon.colcon_core.verb:set package 'car_base_driver' build argument 'ament_cmake_args' from command line to 'None'
[1.828s] Level 5:colcon.colcon_core.verb:set package 'car_base_driver' build argument 'catkin_cmake_args' from command line to 'None'
[1.828s] Level 5:colcon.colcon_core.verb:set package 'car_base_driver' build argument 'catkin_skip_building_tests' from command line to 'False'
[1.829s] DEBUG:colcon.colcon_core.verb:Building package 'car_base_driver' with the following arguments: {'ament_cmake_args': None, 'build_base': '/home/sunrise/Robot_Car/build/car_base_driver', 'catkin_cmake_args': None, 'catkin_skip_building_tests': False, 'cmake_args': None, 'cmake_clean_cache': False, 'cmake_clean_first': False, 'cmake_force_configure': False, 'cmake_target': None, 'cmake_target_skip_unavailable': False, 'install_base': '/home/sunrise/Robot_Car/install/car_base_driver', 'merge_install': False, 'path': '/home/sunrise/Robot_Car/src/car_base_driver', 'symlink_install': False, 'test_result_base': None}
[1.832s] Level 5:colcon.colcon_core.verb:set package 'car_control_tools' build argument 'cmake_args' from command line to 'None'
[1.832s] Level 5:colcon.colcon_core.verb:set package 'car_control_tools' build argument 'cmake_target' from command line to 'None'
[1.832s] Level 5:colcon.colcon_core.verb:set package 'car_control_tools' build argument 'cmake_target_skip_unavailable' from command line to 'False'
[1.832s] Level 5:colcon.colcon_core.verb:set package 'car_control_tools' build argument 'cmake_clean_cache' from command line to 'False'
[1.833s] Level 5:colcon.colcon_core.verb:set package 'car_control_tools' build argument 'cmake_clean_first' from command line to 'False'
[1.833s] Level 5:colcon.colcon_core.verb:set package 'car_control_tools' build argument 'cmake_force_configure' from command line to 'False'
[1.833s] Level 5:colcon.colcon_core.verb:set package 'car_control_tools' build argument 'ament_cmake_args' from command line to 'None'
[1.833s] Level 5:colcon.colcon_core.verb:set package 'car_control_tools' build argument 'catkin_cmake_args' from command line to 'None'
[1.833s] Level 5:colcon.colcon_core.verb:set package 'car_control_tools' build argument 'catkin_skip_building_tests' from command line to 'False'
[1.834s] DEBUG:colcon.colcon_core.verb:Building package 'car_control_tools' with the following arguments: {'ament_cmake_args': None, 'build_base': '/home/sunrise/Robot_Car/build/car_control_tools', 'catkin_cmake_args': None, 'catkin_skip_building_tests': False, 'cmake_args': None, 'cmake_clean_cache': False, 'cmake_clean_first': False, 'cmake_force_configure': False, 'cmake_target': None, 'cmake_target_skip_unavailable': False, 'install_base': '/home/sunrise/Robot_Car/install/car_control_tools', 'merge_install': False, 'path': '/home/sunrise/Robot_Car/src/car_control_tools', 'symlink_install': False, 'test_result_base': None}
[1.836s] Level 5:colcon.colcon_core.verb:set package 'car_model_urdf' build argument 'cmake_args' from command line to 'None'
[1.837s] Level 5:colcon.colcon_core.verb:set package 'car_model_urdf' build argument 'cmake_target' from command line to 'None'
[1.837s] Level 5:colcon.colcon_core.verb:set package 'car_model_urdf' build argument 'cmake_target_skip_unavailable' from command line to 'False'
[1.837s] Level 5:colcon.colcon_core.verb:set package 'car_model_urdf' build argument 'cmake_clean_cache' from command line to 'False'
[1.837s] Level 5:colcon.colcon_core.verb:set package 'car_model_urdf' build argument 'cmake_clean_first' from command line to 'False'
[1.838s] Level 5:colcon.colcon_core.verb:set package 'car_model_urdf' build argument 'cmake_force_configure' from command line to 'False'
[1.838s] Level 5:colcon.colcon_core.verb:set package 'car_model_urdf' build argument 'ament_cmake_args' from command line to 'None'
[1.838s] Level 5:colcon.colcon_core.verb:set package 'car_model_urdf' build argument 'catkin_cmake_args' from command line to 'None'
[1.838s] Level 5:colcon.colcon_core.verb:set package 'car_model_urdf' build argument 'catkin_skip_building_tests' from command line to 'False'
[1.839s] DEBUG:colcon.colcon_core.verb:Building package 'car_model_urdf' with the following arguments: {'ament_cmake_args': None, 'build_base': '/home/sunrise/Robot_Car/build/car_model_urdf', 'catkin_cmake_args': None, 'catkin_skip_building_tests': False, 'cmake_args': None, 'cmake_clean_cache': False, 'cmake_clean_first': False, 'cmake_force_configure': False, 'cmake_target': None, 'cmake_target_skip_unavailable': False, 'install_base': '/home/sunrise/Robot_Car/install/car_model_urdf', 'merge_install': False, 'path': '/home/sunrise/Robot_Car/src/car_model_urdf', 'symlink_install': False, 'test_result_base': None}
[1.841s] Level 5:colcon.colcon_core.verb:set package 'ydlidar_ros2_driver' build argument 'cmake_args' from command line to 'None'
[1.842s] Level 5:colcon.colcon_core.verb:set package 'ydlidar_ros2_driver' build argument 'cmake_target' from command line to 'None'
[1.842s] Level 5:colcon.colcon_core.verb:set package 'ydlidar_ros2_driver' build argument 'cmake_target_skip_unavailable' from command line to 'False'
[1.842s] Level 5:colcon.colcon_core.verb:set package 'ydlidar_ros2_driver' build argument 'cmake_clean_cache' from command line to 'False'
[1.842s] Level 5:colcon.colcon_core.verb:set package 'ydlidar_ros2_driver' build argument 'cmake_clean_first' from command line to 'False'
[1.843s] Level 5:colcon.colcon_core.verb:set package 'ydlidar_ros2_driver' build argument 'cmake_force_configure' from command line to 'False'
[1.843s] Level 5:colcon.colcon_core.verb:set package 'ydlidar_ros2_driver' build argument 'ament_cmake_args' from command line to 'None'
[1.843s] Level 5:colcon.colcon_core.verb:set package 'ydlidar_ros2_driver' build argument 'catkin_cmake_args' from command line to 'None'
[1.843s] Level 5:colcon.colcon_core.verb:set package 'ydlidar_ros2_driver' build argument 'catkin_skip_building_tests' from command line to 'False'
[1.844s] DEBUG:colcon.colcon_core.verb:Building package 'ydlidar_ros2_driver' with the following arguments: {'ament_cmake_args': None, 'build_base': '/home/sunrise/Robot_Car/build/ydlidar_ros2_driver', 'catkin_cmake_args': None, 'catkin_skip_building_tests': False, 'cmake_args': None, 'cmake_clean_cache': False, 'cmake_clean_first': False, 'cmake_force_configure': False, 'cmake_target': None, 'cmake_target_skip_unavailable': False, 'install_base': '/home/sunrise/Robot_Car/install/ydlidar_ros2_driver', 'merge_install': False, 'path': '/home/sunrise/Robot_Car/src/ydlidar_ros2_driver-humble', 'symlink_install': False, 'test_result_base': None}
[1.847s] Level 5:colcon.colcon_core.verb:set package 'car_navigation' build argument 'cmake_args' from command line to 'None'
[1.847s] Level 5:colcon.colcon_core.verb:set package 'car_navigation' build argument 'cmake_target' from command line to 'None'
[1.847s] Level 5:colcon.colcon_core.verb:set package 'car_navigation' build argument 'cmake_target_skip_unavailable' from command line to 'False'
[1.848s] Level 5:colcon.colcon_core.verb:set package 'car_navigation' build argument 'cmake_clean_cache' from command line to 'False'
[1.848s] Level 5:colcon.colcon_core.verb:set package 'car_navigation' build argument 'cmake_clean_first' from command line to 'False'
[1.848s] Level 5:colcon.colcon_core.verb:set package 'car_navigation' build argument 'cmake_force_configure' from command line to 'False'
[1.848s] Level 5:colcon.colcon_core.verb:set package 'car_navigation' build argument 'ament_cmake_args' from command line to 'None'
[1.848s] Level 5:colcon.colcon_core.verb:set package 'car_navigation' build argument 'catkin_cmake_args' from command line to 'None'
[1.849s] Level 5:colcon.colcon_core.verb:set package 'car_navigation' build argument 'catkin_skip_building_tests' from command line to 'False'
[1.849s] DEBUG:colcon.colcon_core.verb:Building package 'car_navigation' with the following arguments: {'ament_cmake_args': None, 'build_base': '/home/sunrise/Robot_Car/build/car_navigation', 'catkin_cmake_args': None, 'catkin_skip_building_tests': False, 'cmake_args': None, 'cmake_clean_cache': False, 'cmake_clean_first': False, 'cmake_force_configure': False, 'cmake_target': None, 'cmake_target_skip_unavailable': False, 'install_base': '/home/sunrise/Robot_Car/install/car_navigation', 'merge_install': False, 'path': '/home/sunrise/Robot_Car/src/car_navigation', 'symlink_install': False, 'test_result_base': None}
[1.850s] INFO:colcon.colcon_core.executor:Executing jobs using 'parallel' executor
[1.855s] DEBUG:colcon.colcon_parallel_executor.executor.parallel:run_until_complete
[1.857s] INFO:colcon.colcon_ros.task.ament_python.build:Building ROS package in '/home/sunrise/Robot_Car/src/car_base_driver' with build type 'ament_python'
[1.858s] Level 1:colcon.colcon_core.shell:create_environment_hook('car_base_driver', 'ament_prefix_path')
[1.871s] INFO:colcon.colcon_core.plugin_system:Skipping extension 'colcon_core.shell.bat': Not used on non-Windows systems
[1.873s] INFO:colcon.colcon_core.shell:Creating environment hook '/home/sunrise/Robot_Car/install/car_base_driver/share/car_base_driver/hook/ament_prefix_path.ps1'
[1.878s] INFO:colcon.colcon_core.shell:Creating environment descriptor '/home/sunrise/Robot_Car/install/car_base_driver/share/car_base_driver/hook/ament_prefix_path.dsv'
[1.881s] INFO:colcon.colcon_core.shell:Creating environment hook '/home/sunrise/Robot_Car/install/car_base_driver/share/car_base_driver/hook/ament_prefix_path.sh'
[1.887s] INFO:colcon.colcon_core.shell:Skip shell extension 'powershell' for command environment: Not usable outside of PowerShell
[1.887s] DEBUG:colcon.colcon_core.shell:Skip shell extension 'dsv' for command environment
[1.908s] INFO:colcon.colcon_ros.task.ament_cmake.build:Building ROS package in '/home/sunrise/Robot_Car/src/car_model_urdf' with build type 'ament_cmake'
[1.910s] INFO:colcon.colcon_cmake.task.cmake.build:Building CMake package in '/home/sunrise/Robot_Car/src/car_model_urdf'
[1.912s] INFO:colcon.colcon_core.shell:Skip shell extension 'powershell' for command environment: Not usable outside of PowerShell
[1.913s] DEBUG:colcon.colcon_core.shell:Skip shell extension 'dsv' for command environment
[1.933s] INFO:colcon.colcon_ros.task.ament_python.build:Building ROS package in '/home/sunrise/Robot_Car/src/car_control_tools' with build type 'ament_python'
[1.935s] Level 1:colcon.colcon_core.shell:create_environment_hook('car_control_tools', 'ament_prefix_path')
[1.939s] INFO:colcon.colcon_core.shell:Creating environment hook '/home/sunrise/Robot_Car/install/car_control_tools/share/car_control_tools/hook/ament_prefix_path.ps1'
[1.944s] INFO:colcon.colcon_core.shell:Creating environment descriptor '/home/sunrise/Robot_Car/install/car_control_tools/share/car_control_tools/hook/ament_prefix_path.dsv'
[1.948s] INFO:colcon.colcon_core.shell:Creating environment hook '/home/sunrise/Robot_Car/install/car_control_tools/share/car_control_tools/hook/ament_prefix_path.sh'
[1.953s] INFO:colcon.colcon_core.shell:Skip shell extension 'powershell' for command environment: Not usable outside of PowerShell
[1.954s] DEBUG:colcon.colcon_core.shell:Skip shell extension 'dsv' for command environment
[1.979s] INFO:colcon.colcon_ros.task.ament_cmake.build:Building ROS package in '/home/sunrise/Robot_Car/src/ydlidar_ros2_driver-humble' with build type 'ament_cmake'
[1.981s] INFO:colcon.colcon_cmake.task.cmake.build:Building CMake package in '/home/sunrise/Robot_Car/src/ydlidar_ros2_driver-humble'
[1.985s] INFO:colcon.colcon_core.shell:Skip shell extension 'powershell' for command environment: Not usable outside of PowerShell
[1.986s] DEBUG:colcon.colcon_core.shell:Skip shell extension 'dsv' for command environment
[3.643s] INFO:colcon.colcon_core.task.python.build:Building Python package in '/home/sunrise/Robot_Car/src/car_base_driver'
[3.645s] INFO:colcon.colcon_core.shell:Skip shell extension 'powershell' for command environment: Not usable outside of PowerShell
[3.645s] DEBUG:colcon.colcon_core.shell:Skip shell extension 'dsv' for command environment
[3.677s] DEBUG:colcon.colcon_core.event_handler.log_command:Invoking command in '/home/sunrise/Robot_Car/build/car_model_urdf': CMAKE_PREFIX_PATH=/opt/ros/humble /usr/bin/cmake --build /home/sunrise/Robot_Car/build/car_model_urdf -- -j4 -l4
[5.276s] INFO:colcon.colcon_core.task.python.build:Building Python package in '/home/sunrise/Robot_Car/src/car_control_tools'
[5.278s] INFO:colcon.colcon_core.shell:Skip shell extension 'powershell' for command environment: Not usable outside of PowerShell
[5.279s] DEBUG:colcon.colcon_core.shell:Skip shell extension 'dsv' for command environment
[5.327s] DEBUG:colcon.colcon_core.event_handler.log_command:Invoking command in '/home/sunrise/Robot_Car/build/ydlidar_ros2_driver': CMAKE_PREFIX_PATH=/opt/ros/humble /usr/bin/cmake --build /home/sunrise/Robot_Car/build/ydlidar_ros2_driver -- -j4 -l4
[5.335s] DEBUG:colcon.colcon_core.event_handler.log_command:Invoked command in '/home/sunrise/Robot_Car/build/car_model_urdf' returned '0': CMAKE_PREFIX_PATH=/opt/ros/humble /usr/bin/cmake --build /home/sunrise/Robot_Car/build/car_model_urdf -- -j4 -l4
[5.380s] DEBUG:colcon.colcon_core.event_handler.log_command:Invoking command in '/home/sunrise/Robot_Car/build/car_model_urdf': CMAKE_PREFIX_PATH=/opt/ros/humble /usr/bin/cmake --install /home/sunrise/Robot_Car/build/car_model_urdf
[5.478s] Level 1:colcon.colcon_core.environment:create_environment_scripts_only(car_model_urdf)
[5.494s] DEBUG:colcon.colcon_core.event_handler.log_command:Invoked command in '/home/sunrise/Robot_Car/build/car_model_urdf' returned '0': CMAKE_PREFIX_PATH=/opt/ros/humble /usr/bin/cmake --install /home/sunrise/Robot_Car/build/car_model_urdf
[5.511s] Level 1:colcon.colcon_core.environment:checking '/home/sunrise/Robot_Car/install/car_model_urdf' for CMake module files
[5.524s] Level 1:colcon.colcon_core.environment:checking '/home/sunrise/Robot_Car/install/car_model_urdf' for CMake config files
[5.525s] Level 1:colcon.colcon_core.shell:create_environment_hook('car_model_urdf', 'cmake_prefix_path')
[5.537s] INFO:colcon.colcon_core.shell:Creating environment hook '/home/sunrise/Robot_Car/install/car_model_urdf/share/car_model_urdf/hook/cmake_prefix_path.ps1'
[5.546s] INFO:colcon.colcon_core.shell:Creating environment descriptor '/home/sunrise/Robot_Car/install/car_model_urdf/share/car_model_urdf/hook/cmake_prefix_path.dsv'
[5.560s] INFO:colcon.colcon_core.shell:Creating environment hook '/home/sunrise/Robot_Car/install/car_model_urdf/share/car_model_urdf/hook/cmake_prefix_path.sh'
[5.573s] Level 1:colcon.colcon_core.environment:checking '/home/sunrise/Robot_Car/install/car_model_urdf/bin'
[5.574s] Level 1:colcon.colcon_core.environment:checking '/home/sunrise/Robot_Car/install/car_model_urdf/lib/pkgconfig/car_model_urdf.pc'
[5.581s] Level 1:colcon.colcon_core.environment:checking '/home/sunrise/Robot_Car/install/car_model_urdf/lib/python3.10/site-packages'
[5.592s] Level 1:colcon.colcon_core.environment:checking '/home/sunrise/Robot_Car/install/car_model_urdf/bin'
[5.607s] INFO:colcon.colcon_core.shell:Creating package script '/home/sunrise/Robot_Car/install/car_model_urdf/share/car_model_urdf/package.ps1'
[5.662s] INFO:colcon.colcon_core.shell:Creating package descriptor '/home/sunrise/Robot_Car/install/car_model_urdf/share/car_model_urdf/package.dsv'
[5.679s] INFO:colcon.colcon_core.shell:Creating package script '/home/sunrise/Robot_Car/install/car_model_urdf/share/car_model_urdf/package.sh'
[5.733s] INFO:colcon.colcon_core.shell:Creating package script '/home/sunrise/Robot_Car/install/car_model_urdf/share/car_model_urdf/package.bash'
[5.767s] INFO:colcon.colcon_core.shell:Creating package script '/home/sunrise/Robot_Car/install/car_model_urdf/share/car_model_urdf/package.zsh'
[5.776s] Level 1:colcon.colcon_core.environment:create_file_with_runtime_dependencies(/home/sunrise/Robot_Car/install/car_model_urdf/share/colcon-core/packages/car_model_urdf)
[5.784s] Level 1:colcon.colcon_core.environment:create_environment_scripts_only(car_model_urdf)
[5.787s] Level 1:colcon.colcon_core.environment:checking '/home/sunrise/Robot_Car/install/car_model_urdf' for CMake module files
[5.791s] Level 1:colcon.colcon_core.environment:checking '/home/sunrise/Robot_Car/install/car_model_urdf' for CMake config files
[5.793s] Level 1:colcon.colcon_core.shell:create_environment_hook('car_model_urdf', 'cmake_prefix_path')
[5.795s] INFO:colcon.colcon_core.shell:Creating environment hook '/home/sunrise/Robot_Car/install/car_model_urdf/share/car_model_urdf/hook/cmake_prefix_path.ps1'
[5.799s] INFO:colcon.colcon_core.shell:Creating environment descriptor '/home/sunrise/Robot_Car/install/car_model_urdf/share/car_model_urdf/hook/cmake_prefix_path.dsv'
[5.803s] INFO:colcon.colcon_core.shell:Creating environment hook '/home/sunrise/Robot_Car/install/car_model_urdf/share/car_model_urdf/hook/cmake_prefix_path.sh'
[5.812s] Level 1:colcon.colcon_core.environment:checking '/home/sunrise/Robot_Car/install/car_model_urdf/bin'
[5.813s] Level 1:colcon.colcon_core.environment:checking '/home/sunrise/Robot_Car/install/car_model_urdf/lib/pkgconfig/car_model_urdf.pc'
[5.816s] Level 1:colcon.colcon_core.environment:checking '/home/sunrise/Robot_Car/install/car_model_urdf/lib/python3.10/site-packages'
[5.820s] Level 1:colcon.colcon_core.environment:checking '/home/sunrise/Robot_Car/install/car_model_urdf/bin'
[5.823s] INFO:colcon.colcon_core.shell:Creating package script '/home/sunrise/Robot_Car/install/car_model_urdf/share/car_model_urdf/package.ps1'
[5.829s] INFO:colcon.colcon_core.shell:Creating package descriptor '/home/sunrise/Robot_Car/install/car_model_urdf/share/car_model_urdf/package.dsv'
[5.835s] INFO:colcon.colcon_core.shell:Creating package script '/home/sunrise/Robot_Car/install/car_model_urdf/share/car_model_urdf/package.sh'
[5.841s] INFO:colcon.colcon_core.shell:Creating package script '/home/sunrise/Robot_Car/install/car_model_urdf/share/car_model_urdf/package.bash'
[5.868s] INFO:colcon.colcon_core.shell:Creating package script '/home/sunrise/Robot_Car/install/car_model_urdf/share/car_model_urdf/package.zsh'
[5.889s] Level 1:colcon.colcon_core.environment:create_file_with_runtime_dependencies(/home/sunrise/Robot_Car/install/car_model_urdf/share/colcon-core/packages/car_model_urdf)
[5.901s] DEBUG:colcon.colcon_core.event_handler.log_command:Invoked command in '/home/sunrise/Robot_Car/build/ydlidar_ros2_driver' returned '0': CMAKE_PREFIX_PATH=/opt/ros/humble /usr/bin/cmake --build /home/sunrise/Robot_Car/build/ydlidar_ros2_driver -- -j4 -l4
[5.916s] DEBUG:colcon.colcon_core.event_handler.log_command:Invoking command in '/home/sunrise/Robot_Car/build/ydlidar_ros2_driver': CMAKE_PREFIX_PATH=/opt/ros/humble /usr/bin/cmake --install /home/sunrise/Robot_Car/build/ydlidar_ros2_driver
[6.111s] Level 1:colcon.colcon_core.environment:create_environment_scripts_only(ydlidar_ros2_driver)
[6.115s] Level 1:colcon.colcon_core.environment:checking '/home/sunrise/Robot_Car/install/ydlidar_ros2_driver' for CMake module files
[6.120s] Level 1:colcon.colcon_core.environment:checking '/home/sunrise/Robot_Car/install/ydlidar_ros2_driver' for CMake config files
[6.123s] Level 1:colcon.colcon_core.shell:create_environment_hook('ydlidar_ros2_driver', 'cmake_prefix_path')
[6.139s] INFO:colcon.colcon_core.shell:Creating environment hook '/home/sunrise/Robot_Car/install/ydlidar_ros2_driver/share/ydlidar_ros2_driver/hook/cmake_prefix_path.ps1'
[6.143s] INFO:colcon.colcon_core.shell:Creating environment descriptor '/home/sunrise/Robot_Car/install/ydlidar_ros2_driver/share/ydlidar_ros2_driver/hook/cmake_prefix_path.dsv'
[6.148s] INFO:colcon.colcon_core.shell:Creating environment hook '/home/sunrise/Robot_Car/install/ydlidar_ros2_driver/share/ydlidar_ros2_driver/hook/cmake_prefix_path.sh'
[6.169s] Level 1:colcon.colcon_core.environment:checking '/home/sunrise/Robot_Car/install/ydlidar_ros2_driver/lib'
[6.171s] Level 1:colcon.colcon_core.environment:checking '/home/sunrise/Robot_Car/install/ydlidar_ros2_driver/bin'
[6.179s] Level 1:colcon.colcon_core.environment:checking '/home/sunrise/Robot_Car/install/ydlidar_ros2_driver/lib/pkgconfig/ydlidar_ros2_driver.pc'
[6.181s] Level 1:colcon.colcon_core.environment:checking '/home/sunrise/Robot_Car/install/ydlidar_ros2_driver/lib/python3.10/site-packages'
[6.185s] Level 1:colcon.colcon_core.environment:checking '/home/sunrise/Robot_Car/install/ydlidar_ros2_driver/bin'
[6.188s] INFO:colcon.colcon_core.shell:Creating package script '/home/sunrise/Robot_Car/install/ydlidar_ros2_driver/share/ydlidar_ros2_driver/package.ps1'
[6.199s] DEBUG:colcon.colcon_core.event_handler.log_command:Invoked command in '/home/sunrise/Robot_Car/build/ydlidar_ros2_driver' returned '0': CMAKE_PREFIX_PATH=/opt/ros/humble /usr/bin/cmake --install /home/sunrise/Robot_Car/build/ydlidar_ros2_driver
[6.201s] INFO:colcon.colcon_core.shell:Creating package descriptor '/home/sunrise/Robot_Car/install/ydlidar_ros2_driver/share/ydlidar_ros2_driver/package.dsv'
[6.205s] INFO:colcon.colcon_core.shell:Creating package script '/home/sunrise/Robot_Car/install/ydlidar_ros2_driver/share/ydlidar_ros2_driver/package.sh'
[6.209s] INFO:colcon.colcon_core.shell:Creating package script '/home/sunrise/Robot_Car/install/ydlidar_ros2_driver/share/ydlidar_ros2_driver/package.bash'
[6.212s] INFO:colcon.colcon_core.shell:Creating package script '/home/sunrise/Robot_Car/install/ydlidar_ros2_driver/share/ydlidar_ros2_driver/package.zsh'
[6.217s] Level 1:colcon.colcon_core.environment:create_file_with_runtime_dependencies(/home/sunrise/Robot_Car/install/ydlidar_ros2_driver/share/colcon-core/packages/ydlidar_ros2_driver)
[6.223s] Level 1:colcon.colcon_core.environment:create_environment_scripts_only(ydlidar_ros2_driver)
[6.227s] Level 1:colcon.colcon_core.environment:checking '/home/sunrise/Robot_Car/install/ydlidar_ros2_driver' for CMake module files
[6.232s] Level 1:colcon.colcon_core.environment:checking '/home/sunrise/Robot_Car/install/ydlidar_ros2_driver' for CMake config files
[6.234s] Level 1:colcon.colcon_core.shell:create_environment_hook('ydlidar_ros2_driver', 'cmake_prefix_path')
[6.236s] INFO:colcon.colcon_core.shell:Creating environment hook '/home/sunrise/Robot_Car/install/ydlidar_ros2_driver/share/ydlidar_ros2_driver/hook/cmake_prefix_path.ps1'
[6.241s] INFO:colcon.colcon_core.shell:Creating environment descriptor '/home/sunrise/Robot_Car/install/ydlidar_ros2_driver/share/ydlidar_ros2_driver/hook/cmake_prefix_path.dsv'
[6.245s] INFO:colcon.colcon_core.shell:Creating environment hook '/home/sunrise/Robot_Car/install/ydlidar_ros2_driver/share/ydlidar_ros2_driver/hook/cmake_prefix_path.sh'
[6.251s] Level 1:colcon.colcon_core.environment:checking '/home/sunrise/Robot_Car/install/ydlidar_ros2_driver/lib'
[6.252s] Level 1:colcon.colcon_core.environment:checking '/home/sunrise/Robot_Car/install/ydlidar_ros2_driver/bin'
[6.253s] Level 1:colcon.colcon_core.environment:checking '/home/sunrise/Robot_Car/install/ydlidar_ros2_driver/lib/pkgconfig/ydlidar_ros2_driver.pc'
[6.259s] Level 1:colcon.colcon_core.environment:checking '/home/sunrise/Robot_Car/install/ydlidar_ros2_driver/lib/python3.10/site-packages'
[6.263s] Level 1:colcon.colcon_core.environment:checking '/home/sunrise/Robot_Car/install/ydlidar_ros2_driver/bin'
[6.268s] INFO:colcon.colcon_core.shell:Creating package script '/home/sunrise/Robot_Car/install/ydlidar_ros2_driver/share/ydlidar_ros2_driver/package.ps1'
[6.293s] INFO:colcon.colcon_core.shell:Creating package descriptor '/home/sunrise/Robot_Car/install/ydlidar_ros2_driver/share/ydlidar_ros2_driver/package.dsv'
[6.310s] INFO:colcon.colcon_core.shell:Creating package script '/home/sunrise/Robot_Car/install/ydlidar_ros2_driver/share/ydlidar_ros2_driver/package.sh'
[6.326s] INFO:colcon.colcon_core.shell:Creating package script '/home/sunrise/Robot_Car/install/ydlidar_ros2_driver/share/ydlidar_ros2_driver/package.bash'
[6.344s] INFO:colcon.colcon_core.shell:Creating package script '/home/sunrise/Robot_Car/install/ydlidar_ros2_driver/share/ydlidar_ros2_driver/package.zsh'
[6.357s] Level 1:colcon.colcon_core.environment:create_file_with_runtime_dependencies(/home/sunrise/Robot_Car/install/ydlidar_ros2_driver/share/colcon-core/packages/ydlidar_ros2_driver)
[10.954s] DEBUG:colcon.colcon_core.event_handler.log_command:Invoking command in '/home/sunrise/Robot_Car/src/car_base_driver': PYTHONPATH=/home/sunrise/Robot_Car/build/car_base_driver/prefix_override:/usr/lib/python3/dist-packages/colcon_core/task/python/colcon_distutils_commands:/home/sunrise/Robot_Car/install/car_base_driver/lib/python3.10/site-packages:${PYTHONPATH} /usr/bin/python3 -W ignore:setup.py install is deprecated -W ignore:easy_install command is deprecated setup.py egg_info --egg-base ../../build/car_base_driver build --build-base /home/sunrise/Robot_Car/build/car_base_driver/build install --record /home/sunrise/Robot_Car/build/car_base_driver/install.log --single-version-externally-managed install_data
[11.008s] DEBUG:colcon.colcon_core.event_handler.log_command:Invoking command in '/home/sunrise/Robot_Car/src/car_control_tools': PYTHONPATH=/home/sunrise/Robot_Car/build/car_control_tools/prefix_override:/usr/lib/python3/dist-packages/colcon_core/task/python/colcon_distutils_commands:/home/sunrise/Robot_Car/install/car_control_tools/lib/python3.10/site-packages:${PYTHONPATH} /usr/bin/python3 -W ignore:setup.py install is deprecated -W ignore:easy_install command is deprecated setup.py egg_info --egg-base ../../build/car_control_tools build --build-base /home/sunrise/Robot_Car/build/car_control_tools/build install --record /home/sunrise/Robot_Car/build/car_control_tools/install.log --single-version-externally-managed install_data
[15.612s] Level 1:colcon.colcon_core.environment:checking '/home/sunrise/Robot_Car/install/car_base_driver' for CMake module files
[15.616s] DEBUG:colcon.colcon_core.event_handler.log_command:Invoked command in '/home/sunrise/Robot_Car/src/car_base_driver' returned '0': PYTHONPATH=/home/sunrise/Robot_Car/build/car_base_driver/prefix_override:/usr/lib/python3/dist-packages/colcon_core/task/python/colcon_distutils_commands:/home/sunrise/Robot_Car/install/car_base_driver/lib/python3.10/site-packages:${PYTHONPATH} /usr/bin/python3 -W ignore:setup.py install is deprecated -W ignore:easy_install command is deprecated setup.py egg_info --egg-base ../../build/car_base_driver build --build-base /home/sunrise/Robot_Car/build/car_base_driver/build install --record /home/sunrise/Robot_Car/build/car_base_driver/install.log --single-version-externally-managed install_data
[15.619s] Level 1:colcon.colcon_core.environment:checking '/home/sunrise/Robot_Car/install/car_base_driver' for CMake config files
[15.622s] Level 1:colcon.colcon_core.environment:checking '/home/sunrise/Robot_Car/install/car_base_driver/lib'
[15.623s] Level 1:colcon.colcon_core.environment:checking '/home/sunrise/Robot_Car/install/car_base_driver/bin'
[15.624s] Level 1:colcon.colcon_core.environment:checking '/home/sunrise/Robot_Car/install/car_base_driver/lib/pkgconfig/car_base_driver.pc'
[15.626s] Level 1:colcon.colcon_core.environment:checking '/home/sunrise/Robot_Car/install/car_base_driver/lib/python3.10/site-packages'
[15.626s] Level 1:colcon.colcon_core.shell:create_environment_hook('car_base_driver', 'pythonpath')
[15.628s] INFO:colcon.colcon_core.shell:Creating environment hook '/home/sunrise/Robot_Car/install/car_base_driver/share/car_base_driver/hook/pythonpath.ps1'
[15.632s] INFO:colcon.colcon_core.shell:Creating environment descriptor '/home/sunrise/Robot_Car/install/car_base_driver/share/car_base_driver/hook/pythonpath.dsv'
[15.635s] INFO:colcon.colcon_core.shell:Creating environment hook '/home/sunrise/Robot_Car/install/car_base_driver/share/car_base_driver/hook/pythonpath.sh'
[15.641s] Level 1:colcon.colcon_core.environment:checking '/home/sunrise/Robot_Car/install/car_base_driver/bin'
[15.642s] Level 1:colcon.colcon_core.environment:create_environment_scripts_only(car_base_driver)
[15.645s] INFO:colcon.colcon_core.shell:Creating package script '/home/sunrise/Robot_Car/install/car_base_driver/share/car_base_driver/package.ps1'
[15.652s] INFO:colcon.colcon_core.shell:Creating package descriptor '/home/sunrise/Robot_Car/install/car_base_driver/share/car_base_driver/package.dsv'
[15.658s] INFO:colcon.colcon_core.shell:Creating package script '/home/sunrise/Robot_Car/install/car_base_driver/share/car_base_driver/package.sh'
[15.662s] INFO:colcon.colcon_core.shell:Creating package script '/home/sunrise/Robot_Car/install/car_base_driver/share/car_base_driver/package.bash'
[15.742s] INFO:colcon.colcon_core.shell:Creating package script '/home/sunrise/Robot_Car/install/car_base_driver/share/car_base_driver/package.zsh'
[15.744s] Level 1:colcon.colcon_core.environment:create_file_with_runtime_dependencies(/home/sunrise/Robot_Car/install/car_base_driver/share/colcon-core/packages/car_base_driver)
[15.747s] INFO:colcon.colcon_ros.task.ament_cmake.build:Building ROS package in '/home/sunrise/Robot_Car/src/car_navigation' with build type 'ament_cmake'
[15.748s] INFO:colcon.colcon_cmake.task.cmake.build:Building CMake package in '/home/sunrise/Robot_Car/src/car_navigation'
[15.750s] INFO:colcon.colcon_core.shell:Skip shell extension 'powershell' for command environment: Not usable outside of PowerShell
[15.750s] DEBUG:colcon.colcon_core.shell:Skip shell extension 'dsv' for command environment
[15.789s] Level 1:colcon.colcon_core.environment:checking '/home/sunrise/Robot_Car/install/car_control_tools' for CMake module files
[15.792s] DEBUG:colcon.colcon_core.event_handler.log_command:Invoked command in '/home/sunrise/Robot_Car/src/car_control_tools' returned '0': PYTHONPATH=/home/sunrise/Robot_Car/build/car_control_tools/prefix_override:/usr/lib/python3/dist-packages/colcon_core/task/python/colcon_distutils_commands:/home/sunrise/Robot_Car/install/car_control_tools/lib/python3.10/site-packages:${PYTHONPATH} /usr/bin/python3 -W ignore:setup.py install is deprecated -W ignore:easy_install command is deprecated setup.py egg_info --egg-base ../../build/car_control_tools build --build-base /home/sunrise/Robot_Car/build/car_control_tools/build install --record /home/sunrise/Robot_Car/build/car_control_tools/install.log --single-version-externally-managed install_data
[15.796s] Level 1:colcon.colcon_core.environment:checking '/home/sunrise/Robot_Car/install/car_control_tools' for CMake config files
[15.799s] Level 1:colcon.colcon_core.environment:checking '/home/sunrise/Robot_Car/install/car_control_tools/lib'
[15.800s] Level 1:colcon.colcon_core.environment:checking '/home/sunrise/Robot_Car/install/car_control_tools/bin'
[15.801s] Level 1:colcon.colcon_core.environment:checking '/home/sunrise/Robot_Car/install/car_control_tools/lib/pkgconfig/car_control_tools.pc'
[15.802s] Level 1:colcon.colcon_core.environment:checking '/home/sunrise/Robot_Car/install/car_control_tools/lib/python3.10/site-packages'
[15.803s] Level 1:colcon.colcon_core.shell:create_environment_hook('car_control_tools', 'pythonpath')
[15.805s] INFO:colcon.colcon_core.shell:Creating environment hook '/home/sunrise/Robot_Car/install/car_control_tools/share/car_control_tools/hook/pythonpath.ps1'
[15.808s] INFO:colcon.colcon_core.shell:Creating environment descriptor '/home/sunrise/Robot_Car/install/car_control_tools/share/car_control_tools/hook/pythonpath.dsv'
[15.811s] INFO:colcon.colcon_core.shell:Creating environment hook '/home/sunrise/Robot_Car/install/car_control_tools/share/car_control_tools/hook/pythonpath.sh'
[15.819s] Level 1:colcon.colcon_core.environment:checking '/home/sunrise/Robot_Car/install/car_control_tools/bin'
[15.820s] Level 1:colcon.colcon_core.environment:create_environment_scripts_only(car_control_tools)
[15.822s] INFO:colcon.colcon_core.shell:Creating package script '/home/sunrise/Robot_Car/install/car_control_tools/share/car_control_tools/package.ps1'
[15.826s] INFO:colcon.colcon_core.shell:Creating package descriptor '/home/sunrise/Robot_Car/install/car_control_tools/share/car_control_tools/package.dsv'
[15.829s] INFO:colcon.colcon_core.shell:Creating package script '/home/sunrise/Robot_Car/install/car_control_tools/share/car_control_tools/package.sh'
[15.833s] INFO:colcon.colcon_core.shell:Creating package script '/home/sunrise/Robot_Car/install/car_control_tools/share/car_control_tools/package.bash'
[15.836s] INFO:colcon.colcon_core.shell:Creating package script '/home/sunrise/Robot_Car/install/car_control_tools/share/car_control_tools/package.zsh'
[15.839s] Level 1:colcon.colcon_core.environment:create_file_with_runtime_dependencies(/home/sunrise/Robot_Car/install/car_control_tools/share/colcon-core/packages/car_control_tools)
[15.869s] DEBUG:colcon.colcon_core.event_handler.log_command:Invoking command in '/home/sunrise/Robot_Car/build/car_navigation': AMENT_PREFIX_PATH=/home/sunrise/Robot_Car/install/car_model_urdf:/home/sunrise/Robot_Car/install/car_base_driver:${AMENT_PREFIX_PATH} CMAKE_PREFIX_PATH=/home/sunrise/Robot_Car/install/car_model_urdf:/opt/ros/humble PYTHONPATH=/home/sunrise/Robot_Car/install/car_base_driver/lib/python3.10/site-packages:${PYTHONPATH} /usr/bin/cmake --build /home/sunrise/Robot_Car/build/car_navigation -- -j4 -l4
[15.994s] DEBUG:colcon.colcon_core.event_handler.log_command:Invoked command in '/home/sunrise/Robot_Car/build/car_navigation' returned '0': AMENT_PREFIX_PATH=/home/sunrise/Robot_Car/install/car_model_urdf:/home/sunrise/Robot_Car/install/car_base_driver:${AMENT_PREFIX_PATH} CMAKE_PREFIX_PATH=/home/sunrise/Robot_Car/install/car_model_urdf:/opt/ros/humble PYTHONPATH=/home/sunrise/Robot_Car/install/car_base_driver/lib/python3.10/site-packages:${PYTHONPATH} /usr/bin/cmake --build /home/sunrise/Robot_Car/build/car_navigation -- -j4 -l4
[16.002s] DEBUG:colcon.colcon_core.event_handler.log_command:Invoking command in '/home/sunrise/Robot_Car/build/car_navigation': AMENT_PREFIX_PATH=/home/sunrise/Robot_Car/install/car_model_urdf:/home/sunrise/Robot_Car/install/car_base_driver:${AMENT_PREFIX_PATH} CMAKE_PREFIX_PATH=/home/sunrise/Robot_Car/install/car_model_urdf:/opt/ros/humble PYTHONPATH=/home/sunrise/Robot_Car/install/car_base_driver/lib/python3.10/site-packages:${PYTHONPATH} /usr/bin/cmake --install /home/sunrise/Robot_Car/build/car_navigation
[16.052s] Level 1:colcon.colcon_core.environment:create_environment_scripts_only(car_navigation)
[16.054s] Level 1:colcon.colcon_core.environment:checking '/home/sunrise/Robot_Car/install/car_navigation' for CMake module files
[16.066s] Level 1:colcon.colcon_core.environment:checking '/home/sunrise/Robot_Car/install/car_navigation' for CMake config files
[16.068s] DEBUG:colcon.colcon_core.event_handler.log_command:Invoked command in '/home/sunrise/Robot_Car/build/car_navigation' returned '0': AMENT_PREFIX_PATH=/home/sunrise/Robot_Car/install/car_model_urdf:/home/sunrise/Robot_Car/install/car_base_driver:${AMENT_PREFIX_PATH} CMAKE_PREFIX_PATH=/home/sunrise/Robot_Car/install/car_model_urdf:/opt/ros/humble PYTHONPATH=/home/sunrise/Robot_Car/install/car_base_driver/lib/python3.10/site-packages:${PYTHONPATH} /usr/bin/cmake --install /home/sunrise/Robot_Car/build/car_navigation
[16.069s] Level 1:colcon.colcon_core.shell:create_environment_hook('car_navigation', 'cmake_prefix_path')
[16.071s] INFO:colcon.colcon_core.shell:Creating environment hook '/home/sunrise/Robot_Car/install/car_navigation/share/car_navigation/hook/cmake_prefix_path.ps1'
[16.074s] INFO:colcon.colcon_core.shell:Creating environment descriptor '/home/sunrise/Robot_Car/install/car_navigation/share/car_navigation/hook/cmake_prefix_path.dsv'
[16.079s] INFO:colcon.colcon_core.shell:Creating environment hook '/home/sunrise/Robot_Car/install/car_navigation/share/car_navigation/hook/cmake_prefix_path.sh'
[16.084s] Level 1:colcon.colcon_core.environment:checking '/home/sunrise/Robot_Car/install/car_navigation/bin'
[16.085s] Level 1:colcon.colcon_core.environment:checking '/home/sunrise/Robot_Car/install/car_navigation/lib/pkgconfig/car_navigation.pc'
[16.087s] Level 1:colcon.colcon_core.environment:checking '/home/sunrise/Robot_Car/install/car_navigation/lib/python3.10/site-packages'
[16.089s] Level 1:colcon.colcon_core.environment:checking '/home/sunrise/Robot_Car/install/car_navigation/bin'
[16.092s] INFO:colcon.colcon_core.shell:Creating package script '/home/sunrise/Robot_Car/install/car_navigation/share/car_navigation/package.ps1'
[16.095s] INFO:colcon.colcon_core.shell:Creating package descriptor '/home/sunrise/Robot_Car/install/car_navigation/share/car_navigation/package.dsv'
[16.099s] INFO:colcon.colcon_core.shell:Creating package script '/home/sunrise/Robot_Car/install/car_navigation/share/car_navigation/package.sh'
[16.102s] INFO:colcon.colcon_core.shell:Creating package script '/home/sunrise/Robot_Car/install/car_navigation/share/car_navigation/package.bash'
[16.105s] INFO:colcon.colcon_core.shell:Creating package script '/home/sunrise/Robot_Car/install/car_navigation/share/car_navigation/package.zsh'
[16.108s] Level 1:colcon.colcon_core.environment:create_file_with_runtime_dependencies(/home/sunrise/Robot_Car/install/car_navigation/share/colcon-core/packages/car_navigation)
[16.113s] Level 1:colcon.colcon_core.environment:create_environment_scripts_only(car_navigation)
[16.115s] Level 1:colcon.colcon_core.environment:checking '/home/sunrise/Robot_Car/install/car_navigation' for CMake module files
[16.118s] Level 1:colcon.colcon_core.environment:checking '/home/sunrise/Robot_Car/install/car_navigation' for CMake config files
[16.119s] Level 1:colcon.colcon_core.shell:create_environment_hook('car_navigation', 'cmake_prefix_path')
[16.121s] INFO:colcon.colcon_core.shell:Creating environment hook '/home/sunrise/Robot_Car/install/car_navigation/share/car_navigation/hook/cmake_prefix_path.ps1'
[16.123s] INFO:colcon.colcon_core.shell:Creating environment descriptor '/home/sunrise/Robot_Car/install/car_navigation/share/car_navigation/hook/cmake_prefix_path.dsv'
[16.126s] INFO:colcon.colcon_core.shell:Creating environment hook '/home/sunrise/Robot_Car/install/car_navigation/share/car_navigation/hook/cmake_prefix_path.sh'
[16.131s] Level 1:colcon.colcon_core.environment:checking '/home/sunrise/Robot_Car/install/car_navigation/bin'
[16.132s] Level 1:colcon.colcon_core.environment:checking '/home/sunrise/Robot_Car/install/car_navigation/lib/pkgconfig/car_navigation.pc'
[16.134s] Level 1:colcon.colcon_core.environment:checking '/home/sunrise/Robot_Car/install/car_navigation/lib/python3.10/site-packages'
[16.137s] Level 1:colcon.colcon_core.environment:checking '/home/sunrise/Robot_Car/install/car_navigation/bin'
[16.139s] INFO:colcon.colcon_core.shell:Creating package script '/home/sunrise/Robot_Car/install/car_navigation/share/car_navigation/package.ps1'
[16.144s] INFO:colcon.colcon_core.shell:Creating package descriptor '/home/sunrise/Robot_Car/install/car_navigation/share/car_navigation/package.dsv'
[16.147s] INFO:colcon.colcon_core.shell:Creating package script '/home/sunrise/Robot_Car/install/car_navigation/share/car_navigation/package.sh'
[16.151s] INFO:colcon.colcon_core.shell:Creating package script '/home/sunrise/Robot_Car/install/car_navigation/share/car_navigation/package.bash'
[16.155s] INFO:colcon.colcon_core.shell:Creating package script '/home/sunrise/Robot_Car/install/car_navigation/share/car_navigation/package.zsh'
[16.158s] Level 1:colcon.colcon_core.environment:create_file_with_runtime_dependencies(/home/sunrise/Robot_Car/install/car_navigation/share/colcon-core/packages/car_navigation)
[16.161s] DEBUG:colcon.colcon_parallel_executor.executor.parallel:closing loop
[16.162s] DEBUG:colcon.colcon_parallel_executor.executor.parallel:loop closed
[16.163s] DEBUG:colcon.colcon_parallel_executor.executor.parallel:run_until_complete finished with '0'
[16.164s] DEBUG:colcon.colcon_core.event_reactor:joining thread
[16.201s] INFO:colcon.colcon_core.plugin_system:Skipping extension 'colcon_notification.desktop_notification.notify_send': Could not find 'notify-send'
[16.201s] INFO:colcon.colcon_core.plugin_system:Skipping extension 'colcon_notification.desktop_notification.terminal_notifier': Not used on non-Darwin systems
[16.202s] INFO:colcon.colcon_core.plugin_system:Skipping extension 'colcon_notification.desktop_notification.win32': Not used on non-Windows systems
[16.202s] INFO:colcon.colcon_notification.desktop_notification:Sending desktop notification using 'notify2'
[16.222s] DEBUG:colcon.colcon_core.event_reactor:joined thread
[16.224s] INFO:colcon.colcon_core.shell:Creating prefix script '/home/sunrise/Robot_Car/install/local_setup.ps1'
[16.232s] INFO:colcon.colcon_core.shell:Creating prefix util module '/home/sunrise/Robot_Car/install/_local_setup_util_ps1.py'
[16.244s] INFO:colcon.colcon_core.shell:Creating prefix chain script '/home/sunrise/Robot_Car/install/setup.ps1'
[16.251s] INFO:colcon.colcon_core.shell:Creating prefix script '/home/sunrise/Robot_Car/install/local_setup.sh'
[16.255s] INFO:colcon.colcon_core.shell:Creating prefix util module '/home/sunrise/Robot_Car/install/_local_setup_util_sh.py'
[16.259s] INFO:colcon.colcon_core.shell:Creating prefix chain script '/home/sunrise/Robot_Car/install/setup.sh'
[16.266s] INFO:colcon.colcon_core.shell:Creating prefix script '/home/sunrise/Robot_Car/install/local_setup.bash'
[16.270s] INFO:colcon.colcon_core.shell:Creating prefix chain script '/home/sunrise/Robot_Car/install/setup.bash'
[16.277s] INFO:colcon.colcon_core.shell:Creating prefix script '/home/sunrise/Robot_Car/install/local_setup.zsh'
[16.281s] INFO:colcon.colcon_core.shell:Creating prefix chain script '/home/sunrise/Robot_Car/install/setup.zsh'
