[9.490s] Invoking command in '/home/sunrise/Robot_Car/src/car_base_driver': PYTHONPATH=/home/sunrise/Robot_Car/build/car_base_driver/prefix_override:/usr/lib/python3/dist-packages/colcon_core/task/python/colcon_distutils_commands:/home/sunrise/Robot_Car/install/car_base_driver/lib/python3.10/site-packages:${PYTHONPATH} /usr/bin/python3 -W ignore:setup.py install is deprecated -W ignore:easy_install command is deprecated setup.py egg_info --egg-base ../../build/car_base_driver build --build-base /home/sunrise/Robot_Car/build/car_base_driver/build install --record /home/sunrise/Robot_Car/build/car_base_driver/install.log --single-version-externally-managed install_data
[11.151s] /usr/local/lib/python3.10/dist-packages/setuptools/_distutils/dist.py:289: UserWarning: Unknown distribution option: 'tests_require'
[11.152s]   warnings.warn(msg)
[12.442s] running egg_info
[12.658s] writing ../../build/car_base_driver/car_base_driver.egg-info/PKG-INFO
[12.663s] writing dependency_links to ../../build/car_base_driver/car_base_driver.egg-info/dependency_links.txt
[12.667s] writing entry points to ../../build/car_base_driver/car_base_driver.egg-info/entry_points.txt
[12.671s] writing requirements to ../../build/car_base_driver/car_base_driver.egg-info/requires.txt
[12.673s] writing top-level names to ../../build/car_base_driver/car_base_driver.egg-info/top_level.txt
[13.080s] reading manifest file '../../build/car_base_driver/car_base_driver.egg-info/SOURCES.txt'
[13.100s] writing manifest file '../../build/car_base_driver/car_base_driver.egg-info/SOURCES.txt'
[13.106s] running build
[13.111s] running build_py
[13.115s] copying car_base_driver/__init__.py -> /home/sunrise/Robot_Car/build/car_base_driver/build/lib/car_base_driver
[13.120s] copying car_base_driver/kinematics.py -> /home/sunrise/Robot_Car/build/car_base_driver/build/lib/car_base_driver
[13.126s] copying car_base_driver/serial_driver.py -> /home/sunrise/Robot_Car/build/car_base_driver/build/lib/car_base_driver
[13.138s] running install
[13.167s] running install_lib
[13.391s] running install_data
[13.393s] copying resource/car_base_driver -> /home/sunrise/Robot_Car/install/car_base_driver/share/ament_index/resource_index/packages
[13.395s] copying package.xml -> /home/sunrise/Robot_Car/install/car_base_driver/share/car_base_driver
[13.397s] copying launch/base_driver.launch.py -> /home/sunrise/Robot_Car/install/car_base_driver/share/car_base_driver/launch
[13.399s] copying config/base_driver.yaml -> /home/sunrise/Robot_Car/install/car_base_driver/share/car_base_driver/config
[13.404s] running install_egg_info
[13.618s] removing '/home/sunrise/Robot_Car/install/car_base_driver/lib/python3.10/site-packages/car_base_driver-0.0.1-py3.10.egg-info' (and everything under it)
[13.619s] Copying ../../build/car_base_driver/car_base_driver.egg-info to /home/sunrise/Robot_Car/install/car_base_driver/lib/python3.10/site-packages/car_base_driver-0.0.1-py3.10.egg-info
[13.624s] running install_scripts
[14.023s] Installing serial_driver script to /home/sunrise/Robot_Car/install/car_base_driver/lib/car_base_driver
[14.026s] writing list of installed files to '/home/sunrise/Robot_Car/build/car_base_driver/install.log'
[14.297s] Invoked command in '/home/sunrise/Robot_Car/src/car_base_driver' returned '0': PYTHONPATH=/home/sunrise/Robot_Car/build/car_base_driver/prefix_override:/usr/lib/python3/dist-packages/colcon_core/task/python/colcon_distutils_commands:/home/sunrise/Robot_Car/install/car_base_driver/lib/python3.10/site-packages:${PYTHONPATH} /usr/bin/python3 -W ignore:setup.py install is deprecated -W ignore:easy_install command is deprecated setup.py egg_info --egg-base ../../build/car_base_driver build --build-base /home/sunrise/Robot_Car/build/car_base_driver/build install --record /home/sunrise/Robot_Car/build/car_base_driver/install.log --single-version-externally-managed install_data
