[7.345s] Invoking command in '/home/sunrise/Robot_Car/src/car_base_driver': PYTHONPATH=/home/sunrise/Robot_Car/build/car_base_driver/prefix_override:/usr/lib/python3/dist-packages/colcon_core/task/python/colcon_distutils_commands:/home/sunrise/Robot_Car/install/car_base_driver/lib/python3.10/site-packages:${PYTHONPATH} /usr/bin/python3 -W ignore:setup.py install is deprecated -W ignore:easy_install command is deprecated setup.py egg_info --egg-base ../../build/car_base_driver build --build-base /home/sunrise/Robot_Car/build/car_base_driver/build install --record /home/sunrise/Robot_Car/build/car_base_driver/install.log --single-version-externally-managed install_data
[8.752s] /usr/local/lib/python3.10/dist-packages/setuptools/_distutils/dist.py:289: UserWarning: Unknown distribution option: 'tests_require'
[8.753s]   warnings.warn(msg)
[10.007s] running egg_info
[10.206s] writing ../../build/car_base_driver/car_base_driver.egg-info/PKG-INFO
[10.210s] writing dependency_links to ../../build/car_base_driver/car_base_driver.egg-info/dependency_links.txt
[10.213s] writing entry points to ../../build/car_base_driver/car_base_driver.egg-info/entry_points.txt
[10.214s] writing requirements to ../../build/car_base_driver/car_base_driver.egg-info/requires.txt
[10.215s] writing top-level names to ../../build/car_base_driver/car_base_driver.egg-info/top_level.txt
[10.637s] reading manifest file '../../build/car_base_driver/car_base_driver.egg-info/SOURCES.txt'
[10.649s] writing manifest file '../../build/car_base_driver/car_base_driver.egg-info/SOURCES.txt'
[10.651s] running build
[10.652s] running build_py
[10.654s] copying car_base_driver/__init__.py -> /home/sunrise/Robot_Car/build/car_base_driver/build/lib/car_base_driver
[10.655s] copying car_base_driver/kinematics.py -> /home/sunrise/Robot_Car/build/car_base_driver/build/lib/car_base_driver
[10.656s] copying car_base_driver/serial_driver.py -> /home/sunrise/Robot_Car/build/car_base_driver/build/lib/car_base_driver
[10.659s] running install
[10.704s] running install_lib
[10.912s] running install_data
[10.916s] copying resource/car_base_driver -> /home/sunrise/Robot_Car/install/car_base_driver/share/ament_index/resource_index/packages
[10.922s] copying package.xml -> /home/sunrise/Robot_Car/install/car_base_driver/share/car_base_driver
[10.923s] copying launch/base_driver.launch.py -> /home/sunrise/Robot_Car/install/car_base_driver/share/car_base_driver/launch
[10.924s] copying config/base_driver.yaml -> /home/sunrise/Robot_Car/install/car_base_driver/share/car_base_driver/config
[10.925s] running install_egg_info
[11.142s] removing '/home/sunrise/Robot_Car/install/car_base_driver/lib/python3.10/site-packages/car_base_driver-0.0.1-py3.10.egg-info' (and everything under it)
[11.146s] Copying ../../build/car_base_driver/car_base_driver.egg-info to /home/sunrise/Robot_Car/install/car_base_driver/lib/python3.10/site-packages/car_base_driver-0.0.1-py3.10.egg-info
[11.152s] running install_scripts
[11.572s] Installing serial_driver script to /home/sunrise/Robot_Car/install/car_base_driver/lib/car_base_driver
[11.573s] writing list of installed files to '/home/sunrise/Robot_Car/build/car_base_driver/install.log'
[11.850s] Invoked command in '/home/sunrise/Robot_Car/src/car_base_driver' returned '0': PYTHONPATH=/home/sunrise/Robot_Car/build/car_base_driver/prefix_override:/usr/lib/python3/dist-packages/colcon_core/task/python/colcon_distutils_commands:/home/sunrise/Robot_Car/install/car_base_driver/lib/python3.10/site-packages:${PYTHONPATH} /usr/bin/python3 -W ignore:setup.py install is deprecated -W ignore:easy_install command is deprecated setup.py egg_info --egg-base ../../build/car_base_driver build --build-base /home/sunrise/Robot_Car/build/car_base_driver/build install --record /home/sunrise/Robot_Car/build/car_base_driver/install.log --single-version-externally-managed install_data
