[0.100s] Invoking command in '/home/sunrise/Robot_Car/build/car_navigation': AMENT_PREFIX_PATH=/home/sunrise/Robot_Car/install/car_model_urdf:/home/sunrise/Robot_Car/install/car_base_driver:${AMENT_PREFIX_PATH} CMAKE_PREFIX_PATH=/home/sunrise/Robot_Car/install/car_model_urdf:/opt/ros/humble PYTHONPATH=/home/sunrise/Robot_Car/install/car_base_driver/lib/python3.10/site-packages:${PYTHONPATH} /usr/bin/cmake --build /home/sunrise/Robot_Car/build/car_navigation -- -j4 -l4
[0.287s] Invoked command in '/home/sunrise/Robot_Car/build/car_navigation' returned '0': AMENT_PREFIX_PATH=/home/sunrise/Robot_Car/install/car_model_urdf:/home/sunrise/Robot_Car/install/car_base_driver:${AMENT_PREFIX_PATH} CMAKE_PREFIX_PATH=/home/sunrise/Robot_Car/install/car_model_urdf:/opt/ros/humble PYTHONPATH=/home/sunrise/Robot_Car/install/car_base_driver/lib/python3.10/site-packages:${PYTHONPATH} /usr/bin/cmake --build /home/sunrise/Robot_Car/build/car_navigation -- -j4 -l4
[0.296s] Invoking command in '/home/sunrise/Robot_Car/build/car_navigation': AMENT_PREFIX_PATH=/home/sunrise/Robot_Car/install/car_model_urdf:/home/sunrise/Robot_Car/install/car_base_driver:${AMENT_PREFIX_PATH} CMAKE_PREFIX_PATH=/home/sunrise/Robot_Car/install/car_model_urdf:/opt/ros/humble PYTHONPATH=/home/sunrise/Robot_Car/install/car_base_driver/lib/python3.10/site-packages:${PYTHONPATH} /usr/bin/cmake --install /home/sunrise/Robot_Car/build/car_navigation
[0.326s] -- Install configuration: ""
[0.327s] -- Up-to-date: /home/sunrise/Robot_Car/install/car_navigation/share/car_navigation/config
[0.328s] -- Up-to-date: /home/sunrise/Robot_Car/install/car_navigation/share/car_navigation/config/nav2_params.yaml
[0.328s] -- Up-to-date: /home/sunrise/Robot_Car/install/car_navigation/share/car_navigation/config/ekf.yaml
[0.334s] -- Installing: /home/sunrise/Robot_Car/install/car_navigation/share/car_navigation/config/slam_toolbox.yaml
[0.335s] -- Up-to-date: /home/sunrise/Robot_Car/install/car_navigation/share/car_navigation/launch
[0.336s] -- Up-to-date: /home/sunrise/Robot_Car/install/car_navigation/share/car_navigation/launch/robot_bringup.launch.py
[0.337s] -- Up-to-date: /home/sunrise/Robot_Car/install/car_navigation/share/car_navigation/launch/mapping.launch.py
[0.338s] -- Up-to-date: /home/sunrise/Robot_Car/install/car_navigation/share/car_navigation/launch/navigation.launch.py
[0.339s] -- Up-to-date: /home/sunrise/Robot_Car/install/car_navigation/share/ament_index/resource_index/package_run_dependencies/car_navigation
[0.343s] -- Up-to-date: /home/sunrise/Robot_Car/install/car_navigation/share/ament_index/resource_index/parent_prefix_path/car_navigation
[0.354s] -- Up-to-date: /home/sunrise/Robot_Car/install/car_navigation/share/car_navigation/environment/ament_prefix_path.sh
[0.356s] -- Up-to-date: /home/sunrise/Robot_Car/install/car_navigation/share/car_navigation/environment/ament_prefix_path.dsv
[0.357s] -- Up-to-date: /home/sunrise/Robot_Car/install/car_navigation/share/car_navigation/environment/path.sh
[0.358s] -- Up-to-date: /home/sunrise/Robot_Car/install/car_navigation/share/car_navigation/environment/path.dsv
[0.359s] -- Up-to-date: /home/sunrise/Robot_Car/install/car_navigation/share/car_navigation/local_setup.bash
[0.360s] -- Up-to-date: /home/sunrise/Robot_Car/install/car_navigation/share/car_navigation/local_setup.sh
[0.361s] -- Up-to-date: /home/sunrise/Robot_Car/install/car_navigation/share/car_navigation/local_setup.zsh
[0.362s] -- Up-to-date: /home/sunrise/Robot_Car/install/car_navigation/share/car_navigation/local_setup.dsv
[0.364s] -- Up-to-date: /home/sunrise/Robot_Car/install/car_navigation/share/car_navigation/package.dsv
[0.366s] -- Up-to-date: /home/sunrise/Robot_Car/install/car_navigation/share/ament_index/resource_index/packages/car_navigation
[0.369s] -- Up-to-date: /home/sunrise/Robot_Car/install/car_navigation/share/car_navigation/cmake/car_navigationConfig.cmake
[0.370s] -- Up-to-date: /home/sunrise/Robot_Car/install/car_navigation/share/car_navigation/cmake/car_navigationConfig-version.cmake
[0.372s] -- Up-to-date: /home/sunrise/Robot_Car/install/car_navigation/share/car_navigation/package.xml
[0.374s] Invoked command in '/home/sunrise/Robot_Car/build/car_navigation' returned '0': AMENT_PREFIX_PATH=/home/sunrise/Robot_Car/install/car_model_urdf:/home/sunrise/Robot_Car/install/car_base_driver:${AMENT_PREFIX_PATH} CMAKE_PREFIX_PATH=/home/sunrise/Robot_Car/install/car_model_urdf:/opt/ros/humble PYTHONPATH=/home/sunrise/Robot_Car/install/car_base_driver/lib/python3.10/site-packages:${PYTHONPATH} /usr/bin/cmake --install /home/sunrise/Robot_Car/build/car_navigation
