running egg_info
creating ../../build/car_base_driver/car_base_driver.egg-info
writing ../../build/car_base_driver/car_base_driver.egg-info/PKG-INFO
writing dependency_links to ../../build/car_base_driver/car_base_driver.egg-info/dependency_links.txt
writing entry points to ../../build/car_base_driver/car_base_driver.egg-info/entry_points.txt
writing requirements to ../../build/car_base_driver/car_base_driver.egg-info/requires.txt
writing top-level names to ../../build/car_base_driver/car_base_driver.egg-info/top_level.txt
writing manifest file '../../build/car_base_driver/car_base_driver.egg-info/SOURCES.txt'
reading manifest file '../../build/car_base_driver/car_base_driver.egg-info/SOURCES.txt'
writing manifest file '../../build/car_base_driver/car_base_driver.egg-info/SOURCES.txt'
running build
running build_py
creating /home/sunrise/Robot_Car/build/car_base_driver/build/lib/car_base_driver
copying car_base_driver/__init__.py -> /home/sunrise/Robot_Car/build/car_base_driver/build/lib/car_base_driver
copying car_base_driver/kinematics.py -> /home/sunrise/Robot_Car/build/car_base_driver/build/lib/car_base_driver
copying car_base_driver/serial_driver.py -> /home/sunrise/Robot_Car/build/car_base_driver/build/lib/car_base_driver
running install
running install_lib
creating /home/sunrise/Robot_Car/install/car_base_driver/lib/python3.10/site-packages/car_base_driver
copying /home/sunrise/Robot_Car/build/car_base_driver/build/lib/car_base_driver/__init__.py -> /home/sunrise/Robot_Car/install/car_base_driver/lib/python3.10/site-packages/car_base_driver
copying /home/sunrise/Robot_Car/build/car_base_driver/build/lib/car_base_driver/kinematics.py -> /home/sunrise/Robot_Car/install/car_base_driver/lib/python3.10/site-packages/car_base_driver
copying /home/sunrise/Robot_Car/build/car_base_driver/build/lib/car_base_driver/serial_driver.py -> /home/sunrise/Robot_Car/install/car_base_driver/lib/python3.10/site-packages/car_base_driver
byte-compiling /home/sunrise/Robot_Car/install/car_base_driver/lib/python3.10/site-packages/car_base_driver/__init__.py to __init__.cpython-310.pyc
byte-compiling /home/sunrise/Robot_Car/install/car_base_driver/lib/python3.10/site-packages/car_base_driver/kinematics.py to kinematics.cpython-310.pyc
byte-compiling /home/sunrise/Robot_Car/install/car_base_driver/lib/python3.10/site-packages/car_base_driver/serial_driver.py to serial_driver.cpython-310.pyc
running install_data
creating /home/sunrise/Robot_Car/install/car_base_driver/share/ament_index/resource_index/packages
copying resource/car_base_driver -> /home/sunrise/Robot_Car/install/car_base_driver/share/ament_index/resource_index/packages
copying package.xml -> /home/sunrise/Robot_Car/install/car_base_driver/share/car_base_driver
creating /home/sunrise/Robot_Car/install/car_base_driver/share/car_base_driver/launch
copying launch/base_driver.launch.py -> /home/sunrise/Robot_Car/install/car_base_driver/share/car_base_driver/launch
creating /home/sunrise/Robot_Car/install/car_base_driver/share/car_base_driver/config
copying config/base_driver.yaml -> /home/sunrise/Robot_Car/install/car_base_driver/share/car_base_driver/config
running install_egg_info
Copying ../../build/car_base_driver/car_base_driver.egg-info to /home/sunrise/Robot_Car/install/car_base_driver/lib/python3.10/site-packages/car_base_driver-0.0.1-py3.10.egg-info
running install_scripts
Installing serial_driver script to /home/sunrise/Robot_Car/install/car_base_driver/lib/car_base_driver
writing list of installed files to '/home/sunrise/Robot_Car/build/car_base_driver/install.log'
