[6.293s] Invoking command in '/home/sunrise/Robot_Car/src/car_control_tools': PYTHONPATH=/home/sunrise/Robot_Car/build/car_control_tools/prefix_override:/usr/lib/python3/dist-packages/colcon_core/task/python/colcon_distutils_commands:/home/sunrise/Robot_Car/install/car_control_tools/lib/python3.10/site-packages:${PYTHONPATH} /usr/bin/python3 -W ignore:setup.py install is deprecated -W ignore:easy_install command is deprecated setup.py egg_info --egg-base ../../build/car_control_tools build --build-base /home/sunrise/Robot_Car/build/car_control_tools/build install --record /home/sunrise/Robot_Car/build/car_control_tools/install.log --single-version-externally-managed install_data
[7.609s] /usr/local/lib/python3.10/dist-packages/setuptools/_distutils/dist.py:289: UserWarning: Unknown distribution option: 'tests_require'
[7.610s]   warnings.warn(msg)
[8.552s] running egg_info
[8.686s] writing ../../build/car_control_tools/car_control_tools.egg-info/PKG-INFO
[8.690s] writing dependency_links to ../../build/car_control_tools/car_control_tools.egg-info/dependency_links.txt
[8.692s] writing entry points to ../../build/car_control_tools/car_control_tools.egg-info/entry_points.txt
[8.693s] writing requirements to ../../build/car_control_tools/car_control_tools.egg-info/requires.txt
[8.694s] writing top-level names to ../../build/car_control_tools/car_control_tools.egg-info/top_level.txt
[8.953s] reading manifest file '../../build/car_control_tools/car_control_tools.egg-info/SOURCES.txt'
[8.962s] writing manifest file '../../build/car_control_tools/car_control_tools.egg-info/SOURCES.txt'
[8.964s] running build
[8.965s] running build_py
[8.966s] copying car_control_tools/__init__.py -> /home/sunrise/Robot_Car/build/car_control_tools/build/lib/car_control_tools
[8.967s] copying car_control_tools/goal_utils.py -> /home/sunrise/Robot_Car/build/car_control_tools/build/lib/car_control_tools
[8.968s] copying car_control_tools/terminal_goal.py -> /home/sunrise/Robot_Car/build/car_control_tools/build/lib/car_control_tools
[8.971s] running install
[9.006s] running install_lib
[9.133s] running install_data
[9.136s] copying resource/car_control_tools -> /home/sunrise/Robot_Car/install/car_control_tools/share/ament_index/resource_index/packages
[9.137s] copying package.xml -> /home/sunrise/Robot_Car/install/car_control_tools/share/car_control_tools
[9.138s] running install_egg_info
[9.267s] removing '/home/sunrise/Robot_Car/install/car_control_tools/lib/python3.10/site-packages/car_control_tools-0.0.1-py3.10.egg-info' (and everything under it)
[9.269s] Copying ../../build/car_control_tools/car_control_tools.egg-info to /home/sunrise/Robot_Car/install/car_control_tools/lib/python3.10/site-packages/car_control_tools-0.0.1-py3.10.egg-info
[9.273s] running install_scripts
[9.520s] Installing terminal_goal script to /home/sunrise/Robot_Car/install/car_control_tools/lib/car_control_tools
[9.524s] writing list of installed files to '/home/sunrise/Robot_Car/build/car_control_tools/install.log'
[9.736s] Invoked command in '/home/sunrise/Robot_Car/src/car_control_tools' returned '0': PYTHONPATH=/home/sunrise/Robot_Car/build/car_control_tools/prefix_override:/usr/lib/python3/dist-packages/colcon_core/task/python/colcon_distutils_commands:/home/sunrise/Robot_Car/install/car_control_tools/lib/python3.10/site-packages:${PYTHONPATH} /usr/bin/python3 -W ignore:setup.py install is deprecated -W ignore:easy_install command is deprecated setup.py egg_info --egg-base ../../build/car_control_tools build --build-base /home/sunrise/Robot_Car/build/car_control_tools/build install --record /home/sunrise/Robot_Car/build/car_control_tools/install.log --single-version-externally-managed install_data
