[7.573s] Invoking command in '/home/sunrise/Robot_Car/src/car_control_tools': PYTHONPATH=/home/sunrise/Robot_Car/build/car_control_tools/prefix_override:/usr/lib/python3/dist-packages/colcon_core/task/python/colcon_distutils_commands:/home/sunrise/Robot_Car/install/car_control_tools/lib/python3.10/site-packages:${PYTHONPATH} /usr/bin/python3 -W ignore:setup.py install is deprecated -W ignore:easy_install command is deprecated setup.py egg_info --egg-base ../../build/car_control_tools build --build-base /home/sunrise/Robot_Car/build/car_control_tools/build install --record /home/sunrise/Robot_Car/build/car_control_tools/install.log --single-version-externally-managed install_data
[8.837s] /usr/local/lib/python3.10/dist-packages/setuptools/_distutils/dist.py:289: UserWarning: Unknown distribution option: 'tests_require'
[8.838s]   warnings.warn(msg)
[9.780s] running egg_info
[9.934s] writing ../../build/car_control_tools/car_control_tools.egg-info/PKG-INFO
[9.939s] writing dependency_links to ../../build/car_control_tools/car_control_tools.egg-info/dependency_links.txt
[9.940s] writing entry points to ../../build/car_control_tools/car_control_tools.egg-info/entry_points.txt
[9.941s] writing requirements to ../../build/car_control_tools/car_control_tools.egg-info/requires.txt
[9.943s] writing top-level names to ../../build/car_control_tools/car_control_tools.egg-info/top_level.txt
[10.264s] reading manifest file '../../build/car_control_tools/car_control_tools.egg-info/SOURCES.txt'
[10.279s] writing manifest file '../../build/car_control_tools/car_control_tools.egg-info/SOURCES.txt'
[10.281s] running build
[10.282s] running build_py
[10.283s] copying car_control_tools/__init__.py -> /home/sunrise/Robot_Car/build/car_control_tools/build/lib/car_control_tools
[10.284s] copying car_control_tools/goal_utils.py -> /home/sunrise/Robot_Car/build/car_control_tools/build/lib/car_control_tools
[10.286s] copying car_control_tools/terminal_goal.py -> /home/sunrise/Robot_Car/build/car_control_tools/build/lib/car_control_tools
[10.289s] running install
[10.329s] running install_lib
[10.491s] running install_data
[10.493s] copying resource/car_control_tools -> /home/sunrise/Robot_Car/install/car_control_tools/share/ament_index/resource_index/packages
[10.495s] copying package.xml -> /home/sunrise/Robot_Car/install/car_control_tools/share/car_control_tools
[10.496s] running install_egg_info
[10.674s] removing '/home/sunrise/Robot_Car/install/car_control_tools/lib/python3.10/site-packages/car_control_tools-0.0.1-py3.10.egg-info' (and everything under it)
[10.676s] Copying ../../build/car_control_tools/car_control_tools.egg-info to /home/sunrise/Robot_Car/install/car_control_tools/lib/python3.10/site-packages/car_control_tools-0.0.1-py3.10.egg-info
[10.677s] running install_scripts
[10.994s] Installing terminal_goal script to /home/sunrise/Robot_Car/install/car_control_tools/lib/car_control_tools
[10.998s] writing list of installed files to '/home/sunrise/Robot_Car/build/car_control_tools/install.log'
[11.373s] Invoked command in '/home/sunrise/Robot_Car/src/car_control_tools' returned '0': PYTHONPATH=/home/sunrise/Robot_Car/build/car_control_tools/prefix_override:/usr/lib/python3/dist-packages/colcon_core/task/python/colcon_distutils_commands:/home/sunrise/Robot_Car/install/car_control_tools/lib/python3.10/site-packages:${PYTHONPATH} /usr/bin/python3 -W ignore:setup.py install is deprecated -W ignore:easy_install command is deprecated setup.py egg_info --egg-base ../../build/car_control_tools build --build-base /home/sunrise/Robot_Car/build/car_control_tools/build install --record /home/sunrise/Robot_Car/build/car_control_tools/install.log --single-version-externally-managed install_data
