[0.690s] DEBUG:colcon:Command line arguments: ['/usr/bin/colcon', 'build']
[0.691s] DEBUG:colcon:Parsed command line arguments: Namespace(log_base=None, log_level=None, verb_name='build', build_base='build', install_base='install', merge_install=False, symlink_install=False, test_result_base=None, continue_on_error=False, executor='parallel', parallel_workers=4, event_handlers=None, ignore_user_meta=False, metas=['./colcon.meta'], base_paths=['.'], packages_ignore=None, packages_ignore_regex=None, paths=None, packages_up_to=None, packages_up_to_regex=None, packages_above=None, packages_above_and_dependencies=None, packages_above_depth=None, packages_select_by_dep=None, packages_skip_by_dep=None, packages_skip_up_to=None, packages_select_build_failed=False, packages_skip_build_finished=False, packages_select_test_failures=False, packages_skip_test_passed=False, packages_select=None, packages_skip=None, packages_select_regex=None, packages_skip_regex=None, packages_start=None, packages_end=None, allow_overriding=[], cmake_args=None, cmake_target=None, cmake_target_skip_unavailable=False, cmake_clean_cache=False, cmake_clean_first=False, cmake_force_configure=False, ament_cmake_args=None, catkin_cmake_args=None, catkin_skip_building_tests=False, verb_parser=<colcon_defaults.argument_parser.defaults.DefaultArgumentsDecorator object at 0x7fa37e9300>, verb_extension=<colcon_core.verb.build.BuildVerb object at 0x7fa37e8d30>, main=<bound method BuildVerb.main of <colcon_core.verb.build.BuildVerb object at 0x7fa37e8d30>>)
[0.958s] Level 1:colcon.colcon_core.package_discovery:discover_packages(colcon_meta) check parameters
[0.959s] Level 1:colcon.colcon_core.package_discovery:discover_packages(recursive) check parameters
[0.959s] Level 1:colcon.colcon_core.package_discovery:discover_packages(ignore) check parameters
[0.959s] Level 1:colcon.colcon_core.package_discovery:discover_packages(path) check parameters
[0.959s] Level 1:colcon.colcon_core.package_discovery:discover_packages(colcon_meta) discover
[0.960s] Level 1:colcon.colcon_core.package_discovery:discover_packages(recursive) discover
[0.960s] INFO:colcon.colcon_core.package_discovery:Crawling recursively for packages in '/home/sunrise/Robot_Car'
[0.960s] Level 1:colcon.colcon_core.package_identification:_identify(.) by extensions ['ignore', 'ignore_ament_install']
[0.961s] Level 1:colcon.colcon_core.package_identification:_identify(.) by extension 'ignore'
[0.961s] Level 1:colcon.colcon_core.package_identification:_identify(.) by extension 'ignore_ament_install'
[0.962s] Level 1:colcon.colcon_core.package_identification:_identify(.) by extensions ['colcon_pkg']
[0.962s] Level 1:colcon.colcon_core.package_identification:_identify(.) by extension 'colcon_pkg'
[0.962s] Level 1:colcon.colcon_core.package_identification:_identify(.) by extensions ['colcon_meta']
[0.962s] Level 1:colcon.colcon_core.package_identification:_identify(.) by extension 'colcon_meta'
[0.963s] Level 1:colcon.colcon_core.package_identification:_identify(.) by extensions ['ros']
[0.963s] Level 1:colcon.colcon_core.package_identification:_identify(.) by extension 'ros'
[1.064s] Level 1:colcon.colcon_core.package_identification:_identify(.) by extensions ['cmake', 'python']
[1.064s] Level 1:colcon.colcon_core.package_identification:_identify(.) by extension 'cmake'
[1.065s] Level 1:colcon.colcon_core.package_identification:_identify(.) by extension 'python'
[1.065s] Level 1:colcon.colcon_core.package_identification:_identify(.) by extensions ['python_setup_py']
[1.065s] Level 1:colcon.colcon_core.package_identification:_identify(.) by extension 'python_setup_py'
[1.066s] Level 1:colcon.colcon_core.package_identification:_identify(build) by extensions ['ignore', 'ignore_ament_install']
[1.066s] Level 1:colcon.colcon_core.package_identification:_identify(build) by extension 'ignore'
[1.067s] Level 1:colcon.colcon_core.package_identification:_identify(build) ignored
[1.067s] Level 1:colcon.colcon_core.package_identification:_identify(install) by extensions ['ignore', 'ignore_ament_install']
[1.068s] Level 1:colcon.colcon_core.package_identification:_identify(install) by extension 'ignore'
[1.068s] Level 1:colcon.colcon_core.package_identification:_identify(install) ignored
[1.069s] Level 1:colcon.colcon_core.package_identification:_identify(log) by extensions ['ignore', 'ignore_ament_install']
[1.069s] Level 1:colcon.colcon_core.package_identification:_identify(log) by extension 'ignore'
[1.070s] Level 1:colcon.colcon_core.package_identification:_identify(log) ignored
[1.070s] Level 1:colcon.colcon_core.package_identification:_identify(maps) by extensions ['ignore', 'ignore_ament_install']
[1.071s] Level 1:colcon.colcon_core.package_identification:_identify(maps) by extension 'ignore'
[1.071s] Level 1:colcon.colcon_core.package_identification:_identify(maps) by extension 'ignore_ament_install'
[1.072s] Level 1:colcon.colcon_core.package_identification:_identify(maps) by extensions ['colcon_pkg']
[1.072s] Level 1:colcon.colcon_core.package_identification:_identify(maps) by extension 'colcon_pkg'
[1.073s] Level 1:colcon.colcon_core.package_identification:_identify(maps) by extensions ['colcon_meta']
[1.073s] Level 1:colcon.colcon_core.package_identification:_identify(maps) by extension 'colcon_meta'
[1.074s] Level 1:colcon.colcon_core.package_identification:_identify(maps) by extensions ['ros']
[1.074s] Level 1:colcon.colcon_core.package_identification:_identify(maps) by extension 'ros'
[1.075s] Level 1:colcon.colcon_core.package_identification:_identify(maps) by extensions ['cmake', 'python']
[1.075s] Level 1:colcon.colcon_core.package_identification:_identify(maps) by extension 'cmake'
[1.075s] Level 1:colcon.colcon_core.package_identification:_identify(maps) by extension 'python'
[1.076s] Level 1:colcon.colcon_core.package_identification:_identify(maps) by extensions ['python_setup_py']
[1.076s] Level 1:colcon.colcon_core.package_identification:_identify(maps) by extension 'python_setup_py'
[1.076s] Level 1:colcon.colcon_core.package_identification:_identify(src) by extensions ['ignore', 'ignore_ament_install']
[1.077s] Level 1:colcon.colcon_core.package_identification:_identify(src) by extension 'ignore'
[1.077s] Level 1:colcon.colcon_core.package_identification:_identify(src) by extension 'ignore_ament_install'
[1.078s] Level 1:colcon.colcon_core.package_identification:_identify(src) by extensions ['colcon_pkg']
[1.078s] Level 1:colcon.colcon_core.package_identification:_identify(src) by extension 'colcon_pkg'
[1.078s] Level 1:colcon.colcon_core.package_identification:_identify(src) by extensions ['colcon_meta']
[1.078s] Level 1:colcon.colcon_core.package_identification:_identify(src) by extension 'colcon_meta'
[1.079s] Level 1:colcon.colcon_core.package_identification:_identify(src) by extensions ['ros']
[1.079s] Level 1:colcon.colcon_core.package_identification:_identify(src) by extension 'ros'
[1.079s] Level 1:colcon.colcon_core.package_identification:_identify(src) by extensions ['cmake', 'python']
[1.079s] Level 1:colcon.colcon_core.package_identification:_identify(src) by extension 'cmake'
[1.080s] Level 1:colcon.colcon_core.package_identification:_identify(src) by extension 'python'
[1.080s] Level 1:colcon.colcon_core.package_identification:_identify(src) by extensions ['python_setup_py']
[1.080s] Level 1:colcon.colcon_core.package_identification:_identify(src) by extension 'python_setup_py'
[1.081s] Level 1:colcon.colcon_core.package_identification:_identify(src/car_base_driver) by extensions ['ignore', 'ignore_ament_install']
[1.081s] Level 1:colcon.colcon_core.package_identification:_identify(src/car_base_driver) by extension 'ignore'
[1.082s] Level 1:colcon.colcon_core.package_identification:_identify(src/car_base_driver) by extension 'ignore_ament_install'
[1.082s] Level 1:colcon.colcon_core.package_identification:_identify(src/car_base_driver) by extensions ['colcon_pkg']
[1.082s] Level 1:colcon.colcon_core.package_identification:_identify(src/car_base_driver) by extension 'colcon_pkg'
[1.082s] Level 1:colcon.colcon_core.package_identification:_identify(src/car_base_driver) by extensions ['colcon_meta']
[1.083s] Level 1:colcon.colcon_core.package_identification:_identify(src/car_base_driver) by extension 'colcon_meta'
[1.083s] Level 1:colcon.colcon_core.package_identification:_identify(src/car_base_driver) by extensions ['ros']
[1.083s] Level 1:colcon.colcon_core.package_identification:_identify(src/car_base_driver) by extension 'ros'
[1.100s] DEBUG:colcon.colcon_core.package_identification:Package 'src/car_base_driver' with type 'ros.ament_python' and name 'car_base_driver'
[1.101s] Level 1:colcon.colcon_core.package_identification:_identify(src/car_control_tools) by extensions ['ignore', 'ignore_ament_install']
[1.101s] Level 1:colcon.colcon_core.package_identification:_identify(src/car_control_tools) by extension 'ignore'
[1.101s] Level 1:colcon.colcon_core.package_identification:_identify(src/car_control_tools) by extension 'ignore_ament_install'
[1.102s] Level 1:colcon.colcon_core.package_identification:_identify(src/car_control_tools) by extensions ['colcon_pkg']
[1.102s] Level 1:colcon.colcon_core.package_identification:_identify(src/car_control_tools) by extension 'colcon_pkg'
[1.102s] Level 1:colcon.colcon_core.package_identification:_identify(src/car_control_tools) by extensions ['colcon_meta']
[1.103s] Level 1:colcon.colcon_core.package_identification:_identify(src/car_control_tools) by extension 'colcon_meta'
[1.103s] Level 1:colcon.colcon_core.package_identification:_identify(src/car_control_tools) by extensions ['ros']
[1.103s] Level 1:colcon.colcon_core.package_identification:_identify(src/car_control_tools) by extension 'ros'
[1.109s] DEBUG:colcon.colcon_core.package_identification:Package 'src/car_control_tools' with type 'ros.ament_python' and name 'car_control_tools'
[1.110s] Level 1:colcon.colcon_core.package_identification:_identify(src/car_model_urdf) by extensions ['ignore', 'ignore_ament_install']
[1.110s] Level 1:colcon.colcon_core.package_identification:_identify(src/car_model_urdf) by extension 'ignore'
[1.111s] Level 1:colcon.colcon_core.package_identification:_identify(src/car_model_urdf) by extension 'ignore_ament_install'
[1.111s] Level 1:colcon.colcon_core.package_identification:_identify(src/car_model_urdf) by extensions ['colcon_pkg']
[1.111s] Level 1:colcon.colcon_core.package_identification:_identify(src/car_model_urdf) by extension 'colcon_pkg'
[1.112s] Level 1:colcon.colcon_core.package_identification:_identify(src/car_model_urdf) by extensions ['colcon_meta']
[1.112s] Level 1:colcon.colcon_core.package_identification:_identify(src/car_model_urdf) by extension 'colcon_meta'
[1.112s] Level 1:colcon.colcon_core.package_identification:_identify(src/car_model_urdf) by extensions ['ros']
[1.112s] Level 1:colcon.colcon_core.package_identification:_identify(src/car_model_urdf) by extension 'ros'
[1.116s] DEBUG:colcon.colcon_core.package_identification:Package 'src/car_model_urdf' with type 'ros.ament_cmake' and name 'car_model_urdf'
[1.117s] Level 1:colcon.colcon_core.package_identification:_identify(src/car_navigation) by extensions ['ignore', 'ignore_ament_install']
[1.117s] Level 1:colcon.colcon_core.package_identification:_identify(src/car_navigation) by extension 'ignore'
[1.118s] Level 1:colcon.colcon_core.package_identification:_identify(src/car_navigation) by extension 'ignore_ament_install'
[1.118s] Level 1:colcon.colcon_core.package_identification:_identify(src/car_navigation) by extensions ['colcon_pkg']
[1.118s] Level 1:colcon.colcon_core.package_identification:_identify(src/car_navigation) by extension 'colcon_pkg'
[1.118s] Level 1:colcon.colcon_core.package_identification:_identify(src/car_navigation) by extensions ['colcon_meta']
[1.119s] Level 1:colcon.colcon_core.package_identification:_identify(src/car_navigation) by extension 'colcon_meta'
[1.119s] Level 1:colcon.colcon_core.package_identification:_identify(src/car_navigation) by extensions ['ros']
[1.119s] Level 1:colcon.colcon_core.package_identification:_identify(src/car_navigation) by extension 'ros'
[1.123s] DEBUG:colcon.colcon_core.package_identification:Package 'src/car_navigation' with type 'ros.ament_cmake' and name 'car_navigation'
[1.124s] Level 1:colcon.colcon_core.package_identification:_identify(src/ydlidar_ros2_driver-humble) by extensions ['ignore', 'ignore_ament_install']
[1.125s] Level 1:colcon.colcon_core.package_identification:_identify(src/ydlidar_ros2_driver-humble) by extension 'ignore'
[1.125s] Level 1:colcon.colcon_core.package_identification:_identify(src/ydlidar_ros2_driver-humble) by extension 'ignore_ament_install'
[1.125s] Level 1:colcon.colcon_core.package_identification:_identify(src/ydlidar_ros2_driver-humble) by extensions ['colcon_pkg']
[1.126s] Level 1:colcon.colcon_core.package_identification:_identify(src/ydlidar_ros2_driver-humble) by extension 'colcon_pkg'
[1.126s] Level 1:colcon.colcon_core.package_identification:_identify(src/ydlidar_ros2_driver-humble) by extensions ['colcon_meta']
[1.126s] Level 1:colcon.colcon_core.package_identification:_identify(src/ydlidar_ros2_driver-humble) by extension 'colcon_meta'
[1.127s] Level 1:colcon.colcon_core.package_identification:_identify(src/ydlidar_ros2_driver-humble) by extensions ['ros']
[1.127s] Level 1:colcon.colcon_core.package_identification:_identify(src/ydlidar_ros2_driver-humble) by extension 'ros'
[1.131s] DEBUG:colcon.colcon_core.package_identification:Package 'src/ydlidar_ros2_driver-humble' with type 'ros.ament_cmake' and name 'ydlidar_ros2_driver'
[1.131s] Level 1:colcon.colcon_core.package_discovery:discover_packages(recursive) using defaults
[1.132s] Level 1:colcon.colcon_core.package_discovery:discover_packages(ignore) discover
[1.132s] Level 1:colcon.colcon_core.package_discovery:discover_packages(ignore) using defaults
[1.132s] Level 1:colcon.colcon_core.package_discovery:discover_packages(path) discover
[1.132s] Level 1:colcon.colcon_core.package_discovery:discover_packages(path) using defaults
[1.266s] Level 1:colcon.colcon_core.package_discovery:discover_packages(prefix_path) check parameters
[1.266s] Level 1:colcon.colcon_core.package_discovery:discover_packages(prefix_path) discover
[1.284s] DEBUG:colcon.colcon_installed_package_information.package_discovery:Found 364 installed packages in /opt/ros/humble
[1.299s] Level 1:colcon.colcon_core.package_discovery:discover_packages(prefix_path) using defaults
[1.658s] Level 5:colcon.colcon_core.verb:set package 'car_base_driver' build argument 'cmake_args' from command line to 'None'
[1.658s] Level 5:colcon.colcon_core.verb:set package 'car_base_driver' build argument 'cmake_target' from command line to 'None'
[1.658s] Level 5:colcon.colcon_core.verb:set package 'car_base_driver' build argument 'cmake_target_skip_unavailable' from command line to 'False'
[1.659s] Level 5:colcon.colcon_core.verb:set package 'car_base_driver' build argument 'cmake_clean_cache' from command line to 'False'
[1.659s] Level 5:colcon.colcon_core.verb:set package 'car_base_driver' build argument 'cmake_clean_first' from command line to 'False'
[1.659s] Level 5:colcon.colcon_core.verb:set package 'car_base_driver' build argument 'cmake_force_configure' from command line to 'False'
[1.659s] Level 5:colcon.colcon_core.verb:set package 'car_base_driver' build argument 'ament_cmake_args' from command line to 'None'
[1.659s] Level 5:colcon.colcon_core.verb:set package 'car_base_driver' build argument 'catkin_cmake_args' from command line to 'None'
[1.659s] Level 5:colcon.colcon_core.verb:set package 'car_base_driver' build argument 'catkin_skip_building_tests' from command line to 'False'
[1.660s] DEBUG:colcon.colcon_core.verb:Building package 'car_base_driver' with the following arguments: {'ament_cmake_args': None, 'build_base': '/home/sunrise/Robot_Car/build/car_base_driver', 'catkin_cmake_args': None, 'catkin_skip_building_tests': False, 'cmake_args': None, 'cmake_clean_cache': False, 'cmake_clean_first': False, 'cmake_force_configure': False, 'cmake_target': None, 'cmake_target_skip_unavailable': False, 'install_base': '/home/sunrise/Robot_Car/install/car_base_driver', 'merge_install': False, 'path': '/home/sunrise/Robot_Car/src/car_base_driver', 'symlink_install': False, 'test_result_base': None}
[1.662s] Level 5:colcon.colcon_core.verb:set package 'car_control_tools' build argument 'cmake_args' from command line to 'None'
[1.663s] Level 5:colcon.colcon_core.verb:set package 'car_control_tools' build argument 'cmake_target' from command line to 'None'
[1.663s] Level 5:colcon.colcon_core.verb:set package 'car_control_tools' build argument 'cmake_target_skip_unavailable' from command line to 'False'
[1.663s] Level 5:colcon.colcon_core.verb:set package 'car_control_tools' build argument 'cmake_clean_cache' from command line to 'False'
[1.663s] Level 5:colcon.colcon_core.verb:set package 'car_control_tools' build argument 'cmake_clean_first' from command line to 'False'
[1.663s] Level 5:colcon.colcon_core.verb:set package 'car_control_tools' build argument 'cmake_force_configure' from command line to 'False'
[1.664s] Level 5:colcon.colcon_core.verb:set package 'car_control_tools' build argument 'ament_cmake_args' from command line to 'None'
[1.664s] Level 5:colcon.colcon_core.verb:set package 'car_control_tools' build argument 'catkin_cmake_args' from command line to 'None'
[1.664s] Level 5:colcon.colcon_core.verb:set package 'car_control_tools' build argument 'catkin_skip_building_tests' from command line to 'False'
[1.664s] DEBUG:colcon.colcon_core.verb:Building package 'car_control_tools' with the following arguments: {'ament_cmake_args': None, 'build_base': '/home/sunrise/Robot_Car/build/car_control_tools', 'catkin_cmake_args': None, 'catkin_skip_building_tests': False, 'cmake_args': None, 'cmake_clean_cache': False, 'cmake_clean_first': False, 'cmake_force_configure': False, 'cmake_target': None, 'cmake_target_skip_unavailable': False, 'install_base': '/home/sunrise/Robot_Car/install/car_control_tools', 'merge_install': False, 'path': '/home/sunrise/Robot_Car/src/car_control_tools', 'symlink_install': False, 'test_result_base': None}
[1.667s] Level 5:colcon.colcon_core.verb:set package 'car_model_urdf' build argument 'cmake_args' from command line to 'None'
[1.667s] Level 5:colcon.colcon_core.verb:set package 'car_model_urdf' build argument 'cmake_target' from command line to 'None'
[1.667s] Level 5:colcon.colcon_core.verb:set package 'car_model_urdf' build argument 'cmake_target_skip_unavailable' from command line to 'False'
[1.667s] Level 5:colcon.colcon_core.verb:set package 'car_model_urdf' build argument 'cmake_clean_cache' from command line to 'False'
[1.668s] Level 5:colcon.colcon_core.verb:set package 'car_model_urdf' build argument 'cmake_clean_first' from command line to 'False'
[1.668s] Level 5:colcon.colcon_core.verb:set package 'car_model_urdf' build argument 'cmake_force_configure' from command line to 'False'
[1.668s] Level 5:colcon.colcon_core.verb:set package 'car_model_urdf' build argument 'ament_cmake_args' from command line to 'None'
[1.668s] Level 5:colcon.colcon_core.verb:set package 'car_model_urdf' build argument 'catkin_cmake_args' from command line to 'None'
[1.668s] Level 5:colcon.colcon_core.verb:set package 'car_model_urdf' build argument 'catkin_skip_building_tests' from command line to 'False'
[1.668s] DEBUG:colcon.colcon_core.verb:Building package 'car_model_urdf' with the following arguments: {'ament_cmake_args': None, 'build_base': '/home/sunrise/Robot_Car/build/car_model_urdf', 'catkin_cmake_args': None, 'catkin_skip_building_tests': False, 'cmake_args': None, 'cmake_clean_cache': False, 'cmake_clean_first': False, 'cmake_force_configure': False, 'cmake_target': None, 'cmake_target_skip_unavailable': False, 'install_base': '/home/sunrise/Robot_Car/install/car_model_urdf', 'merge_install': False, 'path': '/home/sunrise/Robot_Car/src/car_model_urdf', 'symlink_install': False, 'test_result_base': None}
[1.671s] Level 5:colcon.colcon_core.verb:set package 'ydlidar_ros2_driver' build argument 'cmake_args' from command line to 'None'
[1.671s] Level 5:colcon.colcon_core.verb:set package 'ydlidar_ros2_driver' build argument 'cmake_target' from command line to 'None'
[1.672s] Level 5:colcon.colcon_core.verb:set package 'ydlidar_ros2_driver' build argument 'cmake_target_skip_unavailable' from command line to 'False'
[1.672s] Level 5:colcon.colcon_core.verb:set package 'ydlidar_ros2_driver' build argument 'cmake_clean_cache' from command line to 'False'
[1.672s] Level 5:colcon.colcon_core.verb:set package 'ydlidar_ros2_driver' build argument 'cmake_clean_first' from command line to 'False'
[1.672s] Level 5:colcon.colcon_core.verb:set package 'ydlidar_ros2_driver' build argument 'cmake_force_configure' from command line to 'False'
[1.672s] Level 5:colcon.colcon_core.verb:set package 'ydlidar_ros2_driver' build argument 'ament_cmake_args' from command line to 'None'
[1.672s] Level 5:colcon.colcon_core.verb:set package 'ydlidar_ros2_driver' build argument 'catkin_cmake_args' from command line to 'None'
[1.673s] Level 5:colcon.colcon_core.verb:set package 'ydlidar_ros2_driver' build argument 'catkin_skip_building_tests' from command line to 'False'
[1.673s] DEBUG:colcon.colcon_core.verb:Building package 'ydlidar_ros2_driver' with the following arguments: {'ament_cmake_args': None, 'build_base': '/home/sunrise/Robot_Car/build/ydlidar_ros2_driver', 'catkin_cmake_args': None, 'catkin_skip_building_tests': False, 'cmake_args': None, 'cmake_clean_cache': False, 'cmake_clean_first': False, 'cmake_force_configure': False, 'cmake_target': None, 'cmake_target_skip_unavailable': False, 'install_base': '/home/sunrise/Robot_Car/install/ydlidar_ros2_driver', 'merge_install': False, 'path': '/home/sunrise/Robot_Car/src/ydlidar_ros2_driver-humble', 'symlink_install': False, 'test_result_base': None}
[1.675s] Level 5:colcon.colcon_core.verb:set package 'car_navigation' build argument 'cmake_args' from command line to 'None'
[1.676s] Level 5:colcon.colcon_core.verb:set package 'car_navigation' build argument 'cmake_target' from command line to 'None'
[1.676s] Level 5:colcon.colcon_core.verb:set package 'car_navigation' build argument 'cmake_target_skip_unavailable' from command line to 'False'
[1.676s] Level 5:colcon.colcon_core.verb:set package 'car_navigation' build argument 'cmake_clean_cache' from command line to 'False'
[1.676s] Level 5:colcon.colcon_core.verb:set package 'car_navigation' build argument 'cmake_clean_first' from command line to 'False'
[1.676s] Level 5:colcon.colcon_core.verb:set package 'car_navigation' build argument 'cmake_force_configure' from command line to 'False'
[1.677s] Level 5:colcon.colcon_core.verb:set package 'car_navigation' build argument 'ament_cmake_args' from command line to 'None'
[1.677s] Level 5:colcon.colcon_core.verb:set package 'car_navigation' build argument 'catkin_cmake_args' from command line to 'None'
[1.677s] Level 5:colcon.colcon_core.verb:set package 'car_navigation' build argument 'catkin_skip_building_tests' from command line to 'False'
[1.677s] DEBUG:colcon.colcon_core.verb:Building package 'car_navigation' with the following arguments: {'ament_cmake_args': None, 'build_base': '/home/sunrise/Robot_Car/build/car_navigation', 'catkin_cmake_args': None, 'catkin_skip_building_tests': False, 'cmake_args': None, 'cmake_clean_cache': False, 'cmake_clean_first': False, 'cmake_force_configure': False, 'cmake_target': None, 'cmake_target_skip_unavailable': False, 'install_base': '/home/sunrise/Robot_Car/install/car_navigation', 'merge_install': False, 'path': '/home/sunrise/Robot_Car/src/car_navigation', 'symlink_install': False, 'test_result_base': None}
[1.678s] INFO:colcon.colcon_core.executor:Executing jobs using 'parallel' executor
[1.684s] DEBUG:colcon.colcon_parallel_executor.executor.parallel:run_until_complete
[1.685s] INFO:colcon.colcon_ros.task.ament_python.build:Building ROS package in '/home/sunrise/Robot_Car/src/car_base_driver' with build type 'ament_python'
[1.686s] Level 1:colcon.colcon_core.shell:create_environment_hook('car_base_driver', 'ament_prefix_path')
[1.699s] INFO:colcon.colcon_core.plugin_system:Skipping extension 'colcon_core.shell.bat': Not used on non-Windows systems
[1.701s] INFO:colcon.colcon_core.shell:Creating environment hook '/home/sunrise/Robot_Car/install/car_base_driver/share/car_base_driver/hook/ament_prefix_path.ps1'
[1.708s] INFO:colcon.colcon_core.shell:Creating environment descriptor '/home/sunrise/Robot_Car/install/car_base_driver/share/car_base_driver/hook/ament_prefix_path.dsv'
[1.711s] INFO:colcon.colcon_core.shell:Creating environment hook '/home/sunrise/Robot_Car/install/car_base_driver/share/car_base_driver/hook/ament_prefix_path.sh'
[1.717s] INFO:colcon.colcon_core.shell:Skip shell extension 'powershell' for command environment: Not usable outside of PowerShell
[1.717s] DEBUG:colcon.colcon_core.shell:Skip shell extension 'dsv' for command environment
[1.738s] INFO:colcon.colcon_ros.task.ament_cmake.build:Building ROS package in '/home/sunrise/Robot_Car/src/car_model_urdf' with build type 'ament_cmake'
[1.739s] INFO:colcon.colcon_cmake.task.cmake.build:Building CMake package in '/home/sunrise/Robot_Car/src/car_model_urdf'
[1.741s] INFO:colcon.colcon_core.shell:Skip shell extension 'powershell' for command environment: Not usable outside of PowerShell
[1.742s] DEBUG:colcon.colcon_core.shell:Skip shell extension 'dsv' for command environment
[1.762s] INFO:colcon.colcon_ros.task.ament_python.build:Building ROS package in '/home/sunrise/Robot_Car/src/car_control_tools' with build type 'ament_python'
[1.764s] Level 1:colcon.colcon_core.shell:create_environment_hook('car_control_tools', 'ament_prefix_path')
[1.766s] INFO:colcon.colcon_core.shell:Creating environment hook '/home/sunrise/Robot_Car/install/car_control_tools/share/car_control_tools/hook/ament_prefix_path.ps1'
[1.771s] INFO:colcon.colcon_core.shell:Creating environment descriptor '/home/sunrise/Robot_Car/install/car_control_tools/share/car_control_tools/hook/ament_prefix_path.dsv'
[1.775s] INFO:colcon.colcon_core.shell:Creating environment hook '/home/sunrise/Robot_Car/install/car_control_tools/share/car_control_tools/hook/ament_prefix_path.sh'
[1.780s] INFO:colcon.colcon_core.shell:Skip shell extension 'powershell' for command environment: Not usable outside of PowerShell
[1.781s] DEBUG:colcon.colcon_core.shell:Skip shell extension 'dsv' for command environment
[1.803s] INFO:colcon.colcon_ros.task.ament_cmake.build:Building ROS package in '/home/sunrise/Robot_Car/src/ydlidar_ros2_driver-humble' with build type 'ament_cmake'
[1.804s] INFO:colcon.colcon_cmake.task.cmake.build:Building CMake package in '/home/sunrise/Robot_Car/src/ydlidar_ros2_driver-humble'
[1.806s] INFO:colcon.colcon_core.shell:Skip shell extension 'powershell' for command environment: Not usable outside of PowerShell
[1.807s] DEBUG:colcon.colcon_core.shell:Skip shell extension 'dsv' for command environment
[3.422s] INFO:colcon.colcon_core.task.python.build:Building Python package in '/home/sunrise/Robot_Car/src/car_base_driver'
[3.424s] INFO:colcon.colcon_core.shell:Skip shell extension 'powershell' for command environment: Not usable outside of PowerShell
[3.424s] DEBUG:colcon.colcon_core.shell:Skip shell extension 'dsv' for command environment
[3.458s] DEBUG:colcon.colcon_core.event_handler.log_command:Invoking command in '/home/sunrise/Robot_Car/build/car_model_urdf': CMAKE_PREFIX_PATH=/opt/ros/humble /usr/bin/cmake --build /home/sunrise/Robot_Car/build/car_model_urdf -- -j4 -l4
[4.989s] INFO:colcon.colcon_core.task.python.build:Building Python package in '/home/sunrise/Robot_Car/src/car_control_tools'
[4.990s] INFO:colcon.colcon_core.shell:Skip shell extension 'powershell' for command environment: Not usable outside of PowerShell
[4.991s] DEBUG:colcon.colcon_core.shell:Skip shell extension 'dsv' for command environment
[5.025s] DEBUG:colcon.colcon_core.event_handler.log_command:Invoking command in '/home/sunrise/Robot_Car/build/ydlidar_ros2_driver': CMAKE_PREFIX_PATH=/opt/ros/humble /usr/bin/cmake --build /home/sunrise/Robot_Car/build/ydlidar_ros2_driver -- -j4 -l4
[5.037s] DEBUG:colcon.colcon_core.event_handler.log_command:Invoked command in '/home/sunrise/Robot_Car/build/car_model_urdf' returned '0': CMAKE_PREFIX_PATH=/opt/ros/humble /usr/bin/cmake --build /home/sunrise/Robot_Car/build/car_model_urdf -- -j4 -l4
[5.079s] DEBUG:colcon.colcon_core.event_handler.log_command:Invoking command in '/home/sunrise/Robot_Car/build/car_model_urdf': CMAKE_PREFIX_PATH=/opt/ros/humble /usr/bin/cmake --install /home/sunrise/Robot_Car/build/car_model_urdf
[5.132s] Level 1:colcon.colcon_core.environment:create_environment_scripts_only(car_model_urdf)
[5.164s] Level 1:colcon.colcon_core.environment:checking '/home/sunrise/Robot_Car/install/car_model_urdf' for CMake module files
[5.174s] DEBUG:colcon.colcon_core.event_handler.log_command:Invoked command in '/home/sunrise/Robot_Car/build/car_model_urdf' returned '0': CMAKE_PREFIX_PATH=/opt/ros/humble /usr/bin/cmake --install /home/sunrise/Robot_Car/build/car_model_urdf
[5.178s] Level 1:colcon.colcon_core.environment:checking '/home/sunrise/Robot_Car/install/car_model_urdf' for CMake config files
[5.179s] Level 1:colcon.colcon_core.shell:create_environment_hook('car_model_urdf', 'cmake_prefix_path')
[5.181s] INFO:colcon.colcon_core.shell:Creating environment hook '/home/sunrise/Robot_Car/install/car_model_urdf/share/car_model_urdf/hook/cmake_prefix_path.ps1'
[5.187s] INFO:colcon.colcon_core.shell:Creating environment descriptor '/home/sunrise/Robot_Car/install/car_model_urdf/share/car_model_urdf/hook/cmake_prefix_path.dsv'
[5.192s] INFO:colcon.colcon_core.shell:Creating environment hook '/home/sunrise/Robot_Car/install/car_model_urdf/share/car_model_urdf/hook/cmake_prefix_path.sh'
[5.199s] Level 1:colcon.colcon_core.environment:checking '/home/sunrise/Robot_Car/install/car_model_urdf/bin'
[5.200s] Level 1:colcon.colcon_core.environment:checking '/home/sunrise/Robot_Car/install/car_model_urdf/lib/pkgconfig/car_model_urdf.pc'
[5.203s] Level 1:colcon.colcon_core.environment:checking '/home/sunrise/Robot_Car/install/car_model_urdf/lib/python3.10/site-packages'
[5.207s] Level 1:colcon.colcon_core.environment:checking '/home/sunrise/Robot_Car/install/car_model_urdf/bin'
[5.210s] INFO:colcon.colcon_core.shell:Creating package script '/home/sunrise/Robot_Car/install/car_model_urdf/share/car_model_urdf/package.ps1'
[5.221s] INFO:colcon.colcon_core.shell:Creating package descriptor '/home/sunrise/Robot_Car/install/car_model_urdf/share/car_model_urdf/package.dsv'
[5.227s] INFO:colcon.colcon_core.shell:Creating package script '/home/sunrise/Robot_Car/install/car_model_urdf/share/car_model_urdf/package.sh'
[5.238s] INFO:colcon.colcon_core.shell:Creating package script '/home/sunrise/Robot_Car/install/car_model_urdf/share/car_model_urdf/package.bash'
[5.248s] INFO:colcon.colcon_core.shell:Creating package script '/home/sunrise/Robot_Car/install/car_model_urdf/share/car_model_urdf/package.zsh'
[5.256s] Level 1:colcon.colcon_core.environment:create_file_with_runtime_dependencies(/home/sunrise/Robot_Car/install/car_model_urdf/share/colcon-core/packages/car_model_urdf)
[5.260s] Level 1:colcon.colcon_core.environment:create_environment_scripts_only(car_model_urdf)
[5.263s] Level 1:colcon.colcon_core.environment:checking '/home/sunrise/Robot_Car/install/car_model_urdf' for CMake module files
[5.266s] Level 1:colcon.colcon_core.environment:checking '/home/sunrise/Robot_Car/install/car_model_urdf' for CMake config files
[5.270s] Level 1:colcon.colcon_core.shell:create_environment_hook('car_model_urdf', 'cmake_prefix_path')
[5.273s] INFO:colcon.colcon_core.shell:Creating environment hook '/home/sunrise/Robot_Car/install/car_model_urdf/share/car_model_urdf/hook/cmake_prefix_path.ps1'
[5.276s] INFO:colcon.colcon_core.shell:Creating environment descriptor '/home/sunrise/Robot_Car/install/car_model_urdf/share/car_model_urdf/hook/cmake_prefix_path.dsv'
[5.280s] INFO:colcon.colcon_core.shell:Creating environment hook '/home/sunrise/Robot_Car/install/car_model_urdf/share/car_model_urdf/hook/cmake_prefix_path.sh'
[5.285s] Level 1:colcon.colcon_core.environment:checking '/home/sunrise/Robot_Car/install/car_model_urdf/bin'
[5.286s] Level 1:colcon.colcon_core.environment:checking '/home/sunrise/Robot_Car/install/car_model_urdf/lib/pkgconfig/car_model_urdf.pc'
[5.289s] Level 1:colcon.colcon_core.environment:checking '/home/sunrise/Robot_Car/install/car_model_urdf/lib/python3.10/site-packages'
[5.293s] Level 1:colcon.colcon_core.environment:checking '/home/sunrise/Robot_Car/install/car_model_urdf/bin'
[5.297s] INFO:colcon.colcon_core.shell:Creating package script '/home/sunrise/Robot_Car/install/car_model_urdf/share/car_model_urdf/package.ps1'
[5.303s] INFO:colcon.colcon_core.shell:Creating package descriptor '/home/sunrise/Robot_Car/install/car_model_urdf/share/car_model_urdf/package.dsv'
[5.307s] INFO:colcon.colcon_core.shell:Creating package script '/home/sunrise/Robot_Car/install/car_model_urdf/share/car_model_urdf/package.sh'
[5.311s] INFO:colcon.colcon_core.shell:Creating package script '/home/sunrise/Robot_Car/install/car_model_urdf/share/car_model_urdf/package.bash'
[5.315s] INFO:colcon.colcon_core.shell:Creating package script '/home/sunrise/Robot_Car/install/car_model_urdf/share/car_model_urdf/package.zsh'
[5.320s] Level 1:colcon.colcon_core.environment:create_file_with_runtime_dependencies(/home/sunrise/Robot_Car/install/car_model_urdf/share/colcon-core/packages/car_model_urdf)
[5.434s] DEBUG:colcon.colcon_core.event_handler.log_command:Invoked command in '/home/sunrise/Robot_Car/build/ydlidar_ros2_driver' returned '0': CMAKE_PREFIX_PATH=/opt/ros/humble /usr/bin/cmake --build /home/sunrise/Robot_Car/build/ydlidar_ros2_driver -- -j4 -l4
[5.439s] DEBUG:colcon.colcon_core.event_handler.log_command:Invoking command in '/home/sunrise/Robot_Car/build/ydlidar_ros2_driver': CMAKE_PREFIX_PATH=/opt/ros/humble /usr/bin/cmake --install /home/sunrise/Robot_Car/build/ydlidar_ros2_driver
[5.541s] Level 1:colcon.colcon_core.environment:create_environment_scripts_only(ydlidar_ros2_driver)
[5.543s] Level 1:colcon.colcon_core.environment:checking '/home/sunrise/Robot_Car/install/ydlidar_ros2_driver' for CMake module files
[5.561s] DEBUG:colcon.colcon_core.event_handler.log_command:Invoked command in '/home/sunrise/Robot_Car/build/ydlidar_ros2_driver' returned '0': CMAKE_PREFIX_PATH=/opt/ros/humble /usr/bin/cmake --install /home/sunrise/Robot_Car/build/ydlidar_ros2_driver
[5.566s] Level 1:colcon.colcon_core.environment:checking '/home/sunrise/Robot_Car/install/ydlidar_ros2_driver' for CMake config files
[5.568s] Level 1:colcon.colcon_core.shell:create_environment_hook('ydlidar_ros2_driver', 'cmake_prefix_path')
[5.570s] INFO:colcon.colcon_core.shell:Creating environment hook '/home/sunrise/Robot_Car/install/ydlidar_ros2_driver/share/ydlidar_ros2_driver/hook/cmake_prefix_path.ps1'
[5.575s] INFO:colcon.colcon_core.shell:Creating environment descriptor '/home/sunrise/Robot_Car/install/ydlidar_ros2_driver/share/ydlidar_ros2_driver/hook/cmake_prefix_path.dsv'
[5.579s] INFO:colcon.colcon_core.shell:Creating environment hook '/home/sunrise/Robot_Car/install/ydlidar_ros2_driver/share/ydlidar_ros2_driver/hook/cmake_prefix_path.sh'
[5.585s] Level 1:colcon.colcon_core.environment:checking '/home/sunrise/Robot_Car/install/ydlidar_ros2_driver/lib'
[5.587s] Level 1:colcon.colcon_core.environment:checking '/home/sunrise/Robot_Car/install/ydlidar_ros2_driver/bin'
[5.589s] Level 1:colcon.colcon_core.environment:checking '/home/sunrise/Robot_Car/install/ydlidar_ros2_driver/lib/pkgconfig/ydlidar_ros2_driver.pc'
[5.591s] Level 1:colcon.colcon_core.environment:checking '/home/sunrise/Robot_Car/install/ydlidar_ros2_driver/lib/python3.10/site-packages'
[5.595s] Level 1:colcon.colcon_core.environment:checking '/home/sunrise/Robot_Car/install/ydlidar_ros2_driver/bin'
[5.599s] INFO:colcon.colcon_core.shell:Creating package script '/home/sunrise/Robot_Car/install/ydlidar_ros2_driver/share/ydlidar_ros2_driver/package.ps1'
[5.606s] INFO:colcon.colcon_core.shell:Creating package descriptor '/home/sunrise/Robot_Car/install/ydlidar_ros2_driver/share/ydlidar_ros2_driver/package.dsv'
[5.611s] INFO:colcon.colcon_core.shell:Creating package script '/home/sunrise/Robot_Car/install/ydlidar_ros2_driver/share/ydlidar_ros2_driver/package.sh'
[5.617s] INFO:colcon.colcon_core.shell:Creating package script '/home/sunrise/Robot_Car/install/ydlidar_ros2_driver/share/ydlidar_ros2_driver/package.bash'
[5.622s] INFO:colcon.colcon_core.shell:Creating package script '/home/sunrise/Robot_Car/install/ydlidar_ros2_driver/share/ydlidar_ros2_driver/package.zsh'
[5.625s] Level 1:colcon.colcon_core.environment:create_file_with_runtime_dependencies(/home/sunrise/Robot_Car/install/ydlidar_ros2_driver/share/colcon-core/packages/ydlidar_ros2_driver)
[5.631s] Level 1:colcon.colcon_core.environment:create_environment_scripts_only(ydlidar_ros2_driver)
[5.633s] Level 1:colcon.colcon_core.environment:checking '/home/sunrise/Robot_Car/install/ydlidar_ros2_driver' for CMake module files
[5.637s] Level 1:colcon.colcon_core.environment:checking '/home/sunrise/Robot_Car/install/ydlidar_ros2_driver' for CMake config files
[5.638s] Level 1:colcon.colcon_core.shell:create_environment_hook('ydlidar_ros2_driver', 'cmake_prefix_path')
[5.640s] INFO:colcon.colcon_core.shell:Creating environment hook '/home/sunrise/Robot_Car/install/ydlidar_ros2_driver/share/ydlidar_ros2_driver/hook/cmake_prefix_path.ps1'
[5.644s] INFO:colcon.colcon_core.shell:Creating environment descriptor '/home/sunrise/Robot_Car/install/ydlidar_ros2_driver/share/ydlidar_ros2_driver/hook/cmake_prefix_path.dsv'
[5.647s] INFO:colcon.colcon_core.shell:Creating environment hook '/home/sunrise/Robot_Car/install/ydlidar_ros2_driver/share/ydlidar_ros2_driver/hook/cmake_prefix_path.sh'
[5.653s] Level 1:colcon.colcon_core.environment:checking '/home/sunrise/Robot_Car/install/ydlidar_ros2_driver/lib'
[5.654s] Level 1:colcon.colcon_core.environment:checking '/home/sunrise/Robot_Car/install/ydlidar_ros2_driver/bin'
[5.654s] Level 1:colcon.colcon_core.environment:checking '/home/sunrise/Robot_Car/install/ydlidar_ros2_driver/lib/pkgconfig/ydlidar_ros2_driver.pc'
[5.656s] Level 1:colcon.colcon_core.environment:checking '/home/sunrise/Robot_Car/install/ydlidar_ros2_driver/lib/python3.10/site-packages'
[5.660s] Level 1:colcon.colcon_core.environment:checking '/home/sunrise/Robot_Car/install/ydlidar_ros2_driver/bin'
[5.662s] INFO:colcon.colcon_core.shell:Creating package script '/home/sunrise/Robot_Car/install/ydlidar_ros2_driver/share/ydlidar_ros2_driver/package.ps1'
[5.667s] INFO:colcon.colcon_core.shell:Creating package descriptor '/home/sunrise/Robot_Car/install/ydlidar_ros2_driver/share/ydlidar_ros2_driver/package.dsv'
[5.671s] INFO:colcon.colcon_core.shell:Creating package script '/home/sunrise/Robot_Car/install/ydlidar_ros2_driver/share/ydlidar_ros2_driver/package.sh'
[5.675s] INFO:colcon.colcon_core.shell:Creating package script '/home/sunrise/Robot_Car/install/ydlidar_ros2_driver/share/ydlidar_ros2_driver/package.bash'
[5.680s] INFO:colcon.colcon_core.shell:Creating package script '/home/sunrise/Robot_Car/install/ydlidar_ros2_driver/share/ydlidar_ros2_driver/package.zsh'
[5.685s] Level 1:colcon.colcon_core.environment:create_file_with_runtime_dependencies(/home/sunrise/Robot_Car/install/ydlidar_ros2_driver/share/colcon-core/packages/ydlidar_ros2_driver)
[8.988s] DEBUG:colcon.colcon_core.event_handler.log_command:Invoking command in '/home/sunrise/Robot_Car/src/car_control_tools': PYTHONPATH=/home/sunrise/Robot_Car/build/car_control_tools/prefix_override:/usr/lib/python3/dist-packages/colcon_core/task/python/colcon_distutils_commands:/home/sunrise/Robot_Car/install/car_control_tools/lib/python3.10/site-packages:${PYTHONPATH} /usr/bin/python3 -W ignore:setup.py install is deprecated -W ignore:easy_install command is deprecated setup.py egg_info --egg-base ../../build/car_control_tools build --build-base /home/sunrise/Robot_Car/build/car_control_tools/build install --record /home/sunrise/Robot_Car/build/car_control_tools/install.log --single-version-externally-managed install_data
[9.056s] DEBUG:colcon.colcon_core.event_handler.log_command:Invoking command in '/home/sunrise/Robot_Car/src/car_base_driver': PYTHONPATH=/home/sunrise/Robot_Car/build/car_base_driver/prefix_override:/usr/lib/python3/dist-packages/colcon_core/task/python/colcon_distutils_commands:/home/sunrise/Robot_Car/install/car_base_driver/lib/python3.10/site-packages:${PYTHONPATH} /usr/bin/python3 -W ignore:setup.py install is deprecated -W ignore:easy_install command is deprecated setup.py egg_info --egg-base ../../build/car_base_driver build --build-base /home/sunrise/Robot_Car/build/car_base_driver/build install --record /home/sunrise/Robot_Car/build/car_base_driver/install.log --single-version-externally-managed install_data
[12.491s] Level 1:colcon.colcon_core.environment:checking '/home/sunrise/Robot_Car/install/car_control_tools' for CMake module files
[12.495s] DEBUG:colcon.colcon_core.event_handler.log_command:Invoked command in '/home/sunrise/Robot_Car/src/car_control_tools' returned '0': PYTHONPATH=/home/sunrise/Robot_Car/build/car_control_tools/prefix_override:/usr/lib/python3/dist-packages/colcon_core/task/python/colcon_distutils_commands:/home/sunrise/Robot_Car/install/car_control_tools/lib/python3.10/site-packages:${PYTHONPATH} /usr/bin/python3 -W ignore:setup.py install is deprecated -W ignore:easy_install command is deprecated setup.py egg_info --egg-base ../../build/car_control_tools build --build-base /home/sunrise/Robot_Car/build/car_control_tools/build install --record /home/sunrise/Robot_Car/build/car_control_tools/install.log --single-version-externally-managed install_data
[12.497s] Level 1:colcon.colcon_core.environment:checking '/home/sunrise/Robot_Car/install/car_control_tools' for CMake config files
[12.499s] Level 1:colcon.colcon_core.environment:checking '/home/sunrise/Robot_Car/install/car_control_tools/lib'
[12.500s] Level 1:colcon.colcon_core.environment:checking '/home/sunrise/Robot_Car/install/car_control_tools/bin'
[12.501s] Level 1:colcon.colcon_core.environment:checking '/home/sunrise/Robot_Car/install/car_control_tools/lib/pkgconfig/car_control_tools.pc'
[12.503s] Level 1:colcon.colcon_core.environment:checking '/home/sunrise/Robot_Car/install/car_control_tools/lib/python3.10/site-packages'
[12.503s] Level 1:colcon.colcon_core.shell:create_environment_hook('car_control_tools', 'pythonpath')
[12.505s] INFO:colcon.colcon_core.shell:Creating environment hook '/home/sunrise/Robot_Car/install/car_control_tools/share/car_control_tools/hook/pythonpath.ps1'
[12.508s] INFO:colcon.colcon_core.shell:Creating environment descriptor '/home/sunrise/Robot_Car/install/car_control_tools/share/car_control_tools/hook/pythonpath.dsv'
[12.511s] INFO:colcon.colcon_core.shell:Creating environment hook '/home/sunrise/Robot_Car/install/car_control_tools/share/car_control_tools/hook/pythonpath.sh'
[12.517s] Level 1:colcon.colcon_core.environment:checking '/home/sunrise/Robot_Car/install/car_control_tools/bin'
[12.518s] Level 1:colcon.colcon_core.environment:create_environment_scripts_only(car_control_tools)
[12.521s] INFO:colcon.colcon_core.shell:Creating package script '/home/sunrise/Robot_Car/install/car_control_tools/share/car_control_tools/package.ps1'
[12.526s] INFO:colcon.colcon_core.shell:Creating package descriptor '/home/sunrise/Robot_Car/install/car_control_tools/share/car_control_tools/package.dsv'
[12.529s] INFO:colcon.colcon_core.shell:Creating package script '/home/sunrise/Robot_Car/install/car_control_tools/share/car_control_tools/package.sh'
[12.533s] INFO:colcon.colcon_core.shell:Creating package script '/home/sunrise/Robot_Car/install/car_control_tools/share/car_control_tools/package.bash'
[12.623s] INFO:colcon.colcon_core.shell:Creating package script '/home/sunrise/Robot_Car/install/car_control_tools/share/car_control_tools/package.zsh'
[12.627s] Level 1:colcon.colcon_core.environment:create_file_with_runtime_dependencies(/home/sunrise/Robot_Car/install/car_control_tools/share/colcon-core/packages/car_control_tools)
[12.645s] Level 1:colcon.colcon_core.environment:checking '/home/sunrise/Robot_Car/install/car_base_driver' for CMake module files
[12.648s] DEBUG:colcon.colcon_core.event_handler.log_command:Invoked command in '/home/sunrise/Robot_Car/src/car_base_driver' returned '0': PYTHONPATH=/home/sunrise/Robot_Car/build/car_base_driver/prefix_override:/usr/lib/python3/dist-packages/colcon_core/task/python/colcon_distutils_commands:/home/sunrise/Robot_Car/install/car_base_driver/lib/python3.10/site-packages:${PYTHONPATH} /usr/bin/python3 -W ignore:setup.py install is deprecated -W ignore:easy_install command is deprecated setup.py egg_info --egg-base ../../build/car_base_driver build --build-base /home/sunrise/Robot_Car/build/car_base_driver/build install --record /home/sunrise/Robot_Car/build/car_base_driver/install.log --single-version-externally-managed install_data
[12.649s] Level 1:colcon.colcon_core.environment:checking '/home/sunrise/Robot_Car/install/car_base_driver' for CMake config files
[12.653s] Level 1:colcon.colcon_core.environment:checking '/home/sunrise/Robot_Car/install/car_base_driver/lib'
[12.653s] Level 1:colcon.colcon_core.environment:checking '/home/sunrise/Robot_Car/install/car_base_driver/bin'
[12.654s] Level 1:colcon.colcon_core.environment:checking '/home/sunrise/Robot_Car/install/car_base_driver/lib/pkgconfig/car_base_driver.pc'
[12.656s] Level 1:colcon.colcon_core.environment:checking '/home/sunrise/Robot_Car/install/car_base_driver/lib/python3.10/site-packages'
[12.657s] Level 1:colcon.colcon_core.shell:create_environment_hook('car_base_driver', 'pythonpath')
[12.659s] INFO:colcon.colcon_core.shell:Creating environment hook '/home/sunrise/Robot_Car/install/car_base_driver/share/car_base_driver/hook/pythonpath.ps1'
[12.661s] INFO:colcon.colcon_core.shell:Creating environment descriptor '/home/sunrise/Robot_Car/install/car_base_driver/share/car_base_driver/hook/pythonpath.dsv'
[12.664s] INFO:colcon.colcon_core.shell:Creating environment hook '/home/sunrise/Robot_Car/install/car_base_driver/share/car_base_driver/hook/pythonpath.sh'
[12.671s] Level 1:colcon.colcon_core.environment:checking '/home/sunrise/Robot_Car/install/car_base_driver/bin'
[12.672s] Level 1:colcon.colcon_core.environment:create_environment_scripts_only(car_base_driver)
[12.676s] INFO:colcon.colcon_core.shell:Creating package script '/home/sunrise/Robot_Car/install/car_base_driver/share/car_base_driver/package.ps1'
[12.680s] INFO:colcon.colcon_core.shell:Creating package descriptor '/home/sunrise/Robot_Car/install/car_base_driver/share/car_base_driver/package.dsv'
[12.683s] INFO:colcon.colcon_core.shell:Creating package script '/home/sunrise/Robot_Car/install/car_base_driver/share/car_base_driver/package.sh'
[12.686s] INFO:colcon.colcon_core.shell:Creating package script '/home/sunrise/Robot_Car/install/car_base_driver/share/car_base_driver/package.bash'
[12.688s] INFO:colcon.colcon_core.shell:Creating package script '/home/sunrise/Robot_Car/install/car_base_driver/share/car_base_driver/package.zsh'
[12.691s] Level 1:colcon.colcon_core.environment:create_file_with_runtime_dependencies(/home/sunrise/Robot_Car/install/car_base_driver/share/colcon-core/packages/car_base_driver)
[12.693s] INFO:colcon.colcon_ros.task.ament_cmake.build:Building ROS package in '/home/sunrise/Robot_Car/src/car_navigation' with build type 'ament_cmake'
[12.693s] INFO:colcon.colcon_cmake.task.cmake.build:Building CMake package in '/home/sunrise/Robot_Car/src/car_navigation'
[12.695s] INFO:colcon.colcon_core.shell:Skip shell extension 'powershell' for command environment: Not usable outside of PowerShell
[12.696s] DEBUG:colcon.colcon_core.shell:Skip shell extension 'dsv' for command environment
[12.756s] DEBUG:colcon.colcon_core.event_handler.log_command:Invoking command in '/home/sunrise/Robot_Car/build/car_navigation': AMENT_PREFIX_PATH=/home/sunrise/Robot_Car/install/car_model_urdf:/home/sunrise/Robot_Car/install/car_base_driver:${AMENT_PREFIX_PATH} CMAKE_PREFIX_PATH=/home/sunrise/Robot_Car/install/car_model_urdf:/opt/ros/humble PYTHONPATH=/home/sunrise/Robot_Car/install/car_base_driver/lib/python3.10/site-packages:${PYTHONPATH} /usr/bin/cmake --build /home/sunrise/Robot_Car/build/car_navigation -- -j4 -l4
[12.898s] DEBUG:colcon.colcon_core.event_handler.log_command:Invoked command in '/home/sunrise/Robot_Car/build/car_navigation' returned '0': AMENT_PREFIX_PATH=/home/sunrise/Robot_Car/install/car_model_urdf:/home/sunrise/Robot_Car/install/car_base_driver:${AMENT_PREFIX_PATH} CMAKE_PREFIX_PATH=/home/sunrise/Robot_Car/install/car_model_urdf:/opt/ros/humble PYTHONPATH=/home/sunrise/Robot_Car/install/car_base_driver/lib/python3.10/site-packages:${PYTHONPATH} /usr/bin/cmake --build /home/sunrise/Robot_Car/build/car_navigation -- -j4 -l4
[12.904s] DEBUG:colcon.colcon_core.event_handler.log_command:Invoking command in '/home/sunrise/Robot_Car/build/car_navigation': AMENT_PREFIX_PATH=/home/sunrise/Robot_Car/install/car_model_urdf:/home/sunrise/Robot_Car/install/car_base_driver:${AMENT_PREFIX_PATH} CMAKE_PREFIX_PATH=/home/sunrise/Robot_Car/install/car_model_urdf:/opt/ros/humble PYTHONPATH=/home/sunrise/Robot_Car/install/car_base_driver/lib/python3.10/site-packages:${PYTHONPATH} /usr/bin/cmake --install /home/sunrise/Robot_Car/build/car_navigation
[12.945s] Level 1:colcon.colcon_core.environment:create_environment_scripts_only(car_navigation)
[12.947s] Level 1:colcon.colcon_core.environment:checking '/home/sunrise/Robot_Car/install/car_navigation' for CMake module files
[12.963s] Level 1:colcon.colcon_core.environment:checking '/home/sunrise/Robot_Car/install/car_navigation' for CMake config files
[12.966s] DEBUG:colcon.colcon_core.event_handler.log_command:Invoked command in '/home/sunrise/Robot_Car/build/car_navigation' returned '0': AMENT_PREFIX_PATH=/home/sunrise/Robot_Car/install/car_model_urdf:/home/sunrise/Robot_Car/install/car_base_driver:${AMENT_PREFIX_PATH} CMAKE_PREFIX_PATH=/home/sunrise/Robot_Car/install/car_model_urdf:/opt/ros/humble PYTHONPATH=/home/sunrise/Robot_Car/install/car_base_driver/lib/python3.10/site-packages:${PYTHONPATH} /usr/bin/cmake --install /home/sunrise/Robot_Car/build/car_navigation
[12.968s] Level 1:colcon.colcon_core.shell:create_environment_hook('car_navigation', 'cmake_prefix_path')
[12.970s] INFO:colcon.colcon_core.shell:Creating environment hook '/home/sunrise/Robot_Car/install/car_navigation/share/car_navigation/hook/cmake_prefix_path.ps1'
[12.973s] INFO:colcon.colcon_core.shell:Creating environment descriptor '/home/sunrise/Robot_Car/install/car_navigation/share/car_navigation/hook/cmake_prefix_path.dsv'
[12.975s] INFO:colcon.colcon_core.shell:Creating environment hook '/home/sunrise/Robot_Car/install/car_navigation/share/car_navigation/hook/cmake_prefix_path.sh'
[12.979s] Level 1:colcon.colcon_core.environment:checking '/home/sunrise/Robot_Car/install/car_navigation/bin'
[12.979s] Level 1:colcon.colcon_core.environment:checking '/home/sunrise/Robot_Car/install/car_navigation/lib/pkgconfig/car_navigation.pc'
[12.981s] Level 1:colcon.colcon_core.environment:checking '/home/sunrise/Robot_Car/install/car_navigation/lib/python3.10/site-packages'
[12.984s] Level 1:colcon.colcon_core.environment:checking '/home/sunrise/Robot_Car/install/car_navigation/bin'
[12.987s] INFO:colcon.colcon_core.shell:Creating package script '/home/sunrise/Robot_Car/install/car_navigation/share/car_navigation/package.ps1'
[12.990s] INFO:colcon.colcon_core.shell:Creating package descriptor '/home/sunrise/Robot_Car/install/car_navigation/share/car_navigation/package.dsv'
[12.993s] INFO:colcon.colcon_core.shell:Creating package script '/home/sunrise/Robot_Car/install/car_navigation/share/car_navigation/package.sh'
[12.996s] INFO:colcon.colcon_core.shell:Creating package script '/home/sunrise/Robot_Car/install/car_navigation/share/car_navigation/package.bash'
[12.998s] INFO:colcon.colcon_core.shell:Creating package script '/home/sunrise/Robot_Car/install/car_navigation/share/car_navigation/package.zsh'
[13.001s] Level 1:colcon.colcon_core.environment:create_file_with_runtime_dependencies(/home/sunrise/Robot_Car/install/car_navigation/share/colcon-core/packages/car_navigation)
[13.004s] Level 1:colcon.colcon_core.environment:create_environment_scripts_only(car_navigation)
[13.006s] Level 1:colcon.colcon_core.environment:checking '/home/sunrise/Robot_Car/install/car_navigation' for CMake module files
[13.009s] Level 1:colcon.colcon_core.environment:checking '/home/sunrise/Robot_Car/install/car_navigation' for CMake config files
[13.010s] Level 1:colcon.colcon_core.shell:create_environment_hook('car_navigation', 'cmake_prefix_path')
[13.011s] INFO:colcon.colcon_core.shell:Creating environment hook '/home/sunrise/Robot_Car/install/car_navigation/share/car_navigation/hook/cmake_prefix_path.ps1'
[13.014s] INFO:colcon.colcon_core.shell:Creating environment descriptor '/home/sunrise/Robot_Car/install/car_navigation/share/car_navigation/hook/cmake_prefix_path.dsv'
[13.017s] INFO:colcon.colcon_core.shell:Creating environment hook '/home/sunrise/Robot_Car/install/car_navigation/share/car_navigation/hook/cmake_prefix_path.sh'
[13.020s] Level 1:colcon.colcon_core.environment:checking '/home/sunrise/Robot_Car/install/car_navigation/bin'
[13.021s] Level 1:colcon.colcon_core.environment:checking '/home/sunrise/Robot_Car/install/car_navigation/lib/pkgconfig/car_navigation.pc'
[13.023s] Level 1:colcon.colcon_core.environment:checking '/home/sunrise/Robot_Car/install/car_navigation/lib/python3.10/site-packages'
[13.026s] Level 1:colcon.colcon_core.environment:checking '/home/sunrise/Robot_Car/install/car_navigation/bin'
[13.028s] INFO:colcon.colcon_core.shell:Creating package script '/home/sunrise/Robot_Car/install/car_navigation/share/car_navigation/package.ps1'
[13.032s] INFO:colcon.colcon_core.shell:Creating package descriptor '/home/sunrise/Robot_Car/install/car_navigation/share/car_navigation/package.dsv'
[13.035s] INFO:colcon.colcon_core.shell:Creating package script '/home/sunrise/Robot_Car/install/car_navigation/share/car_navigation/package.sh'
[13.039s] INFO:colcon.colcon_core.shell:Creating package script '/home/sunrise/Robot_Car/install/car_navigation/share/car_navigation/package.bash'
[13.042s] INFO:colcon.colcon_core.shell:Creating package script '/home/sunrise/Robot_Car/install/car_navigation/share/car_navigation/package.zsh'
[13.045s] Level 1:colcon.colcon_core.environment:create_file_with_runtime_dependencies(/home/sunrise/Robot_Car/install/car_navigation/share/colcon-core/packages/car_navigation)
[13.046s] DEBUG:colcon.colcon_parallel_executor.executor.parallel:closing loop
[13.048s] DEBUG:colcon.colcon_parallel_executor.executor.parallel:loop closed
[13.048s] DEBUG:colcon.colcon_parallel_executor.executor.parallel:run_until_complete finished with '0'
[13.049s] DEBUG:colcon.colcon_core.event_reactor:joining thread
[13.081s] INFO:colcon.colcon_core.plugin_system:Skipping extension 'colcon_notification.desktop_notification.notify_send': Could not find 'notify-send'
[13.082s] INFO:colcon.colcon_core.plugin_system:Skipping extension 'colcon_notification.desktop_notification.terminal_notifier': Not used on non-Darwin systems
[13.083s] INFO:colcon.colcon_core.plugin_system:Skipping extension 'colcon_notification.desktop_notification.win32': Not used on non-Windows systems
[13.085s] INFO:colcon.colcon_notification.desktop_notification:Sending desktop notification using 'notify2'
[13.117s] DEBUG:colcon.colcon_core.event_reactor:joined thread
[13.120s] INFO:colcon.colcon_core.shell:Creating prefix script '/home/sunrise/Robot_Car/install/local_setup.ps1'
[13.127s] INFO:colcon.colcon_core.shell:Creating prefix util module '/home/sunrise/Robot_Car/install/_local_setup_util_ps1.py'
[13.142s] INFO:colcon.colcon_core.shell:Creating prefix chain script '/home/sunrise/Robot_Car/install/setup.ps1'
[13.152s] INFO:colcon.colcon_core.shell:Creating prefix script '/home/sunrise/Robot_Car/install/local_setup.sh'
[13.158s] INFO:colcon.colcon_core.shell:Creating prefix util module '/home/sunrise/Robot_Car/install/_local_setup_util_sh.py'
[13.165s] INFO:colcon.colcon_core.shell:Creating prefix chain script '/home/sunrise/Robot_Car/install/setup.sh'
[13.173s] INFO:colcon.colcon_core.shell:Creating prefix script '/home/sunrise/Robot_Car/install/local_setup.bash'
[13.178s] INFO:colcon.colcon_core.shell:Creating prefix chain script '/home/sunrise/Robot_Car/install/setup.bash'
[13.187s] INFO:colcon.colcon_core.shell:Creating prefix script '/home/sunrise/Robot_Car/install/local_setup.zsh'
[13.191s] INFO:colcon.colcon_core.shell:Creating prefix chain script '/home/sunrise/Robot_Car/install/setup.zsh'
