[3.344s] Invoking command in '/home/sunrise/Robot_Car/build/ydlidar_ros2_driver': CMAKE_PREFIX_PATH=/opt/ros/humble /usr/bin/cmake --build /home/sunrise/Robot_Car/build/ydlidar_ros2_driver -- -j4 -l4
[3.672s] [ 50%] Built target ydlidar_ros2_driver_client
[3.708s] [100%] Built target ydlidar_ros2_driver_node
[3.789s] Invoked command in '/home/sunrise/Robot_Car/build/ydlidar_ros2_driver' returned '0': CMAKE_PREFIX_PATH=/opt/ros/humble /usr/bin/cmake --build /home/sunrise/Robot_Car/build/ydlidar_ros2_driver -- -j4 -l4
[3.805s] Invoking command in '/home/sunrise/Robot_Car/build/ydlidar_ros2_driver': CMAKE_PREFIX_PATH=/opt/ros/humble /usr/bin/cmake --install /home/sunrise/Robot_Car/build/ydlidar_ros2_driver
[3.860s] -- Install configuration: ""
[3.861s] -- Up-to-date: /home/sunrise/Robot_Car/install/ydlidar_ros2_driver/lib/ydlidar_ros2_driver/ydlidar_ros2_driver_node
[3.863s] -- Up-to-date: /home/sunrise/Robot_Car/install/ydlidar_ros2_driver/lib/ydlidar_ros2_driver/ydlidar_ros2_driver_client
[3.864s] -- Up-to-date: /home/sunrise/Robot_Car/install/ydlidar_ros2_driver/share/ydlidar_ros2_driver/launch
[3.866s] -- Up-to-date: /home/sunrise/Robot_Car/install/ydlidar_ros2_driver/share/ydlidar_ros2_driver/launch/ydlidar_launch_view.py
[3.881s] -- Up-to-date: /home/sunrise/Robot_Car/install/ydlidar_ros2_driver/share/ydlidar_ros2_driver/launch/ydlidar.py
[3.883s] -- Up-to-date: /home/sunrise/Robot_Car/install/ydlidar_ros2_driver/share/ydlidar_ros2_driver/launch/ydlidar_launch.py
[3.884s] -- Up-to-date: /home/sunrise/Robot_Car/install/ydlidar_ros2_driver/share/ydlidar_ros2_driver/params
[3.885s] -- Up-to-date: /home/sunrise/Robot_Car/install/ydlidar_ros2_driver/share/ydlidar_ros2_driver/params/G6.yaml
[3.885s] -- Up-to-date: /home/sunrise/Robot_Car/install/ydlidar_ros2_driver/share/ydlidar_ros2_driver/params/sdm15.yaml
[3.896s] -- Up-to-date: /home/sunrise/Robot_Car/install/ydlidar_ros2_driver/share/ydlidar_ros2_driver/params/GS2.yaml
[3.899s] -- Up-to-date: /home/sunrise/Robot_Car/install/ydlidar_ros2_driver/share/ydlidar_ros2_driver/params/TG.yaml
[3.901s] -- Up-to-date: /home/sunrise/Robot_Car/install/ydlidar_ros2_driver/share/ydlidar_ros2_driver/params/Tmini.yaml
[3.903s] -- Up-to-date: /home/sunrise/Robot_Car/install/ydlidar_ros2_driver/share/ydlidar_ros2_driver/params/X4.yaml
[3.905s] -- Up-to-date: /home/sunrise/Robot_Car/install/ydlidar_ros2_driver/share/ydlidar_ros2_driver/params/X4-Pro.yaml
[3.906s] -- Up-to-date: /home/sunrise/Robot_Car/install/ydlidar_ros2_driver/share/ydlidar_ros2_driver/params/Tmini-Plus-SH.yaml
[3.916s] -- Up-to-date: /home/sunrise/Robot_Car/install/ydlidar_ros2_driver/share/ydlidar_ros2_driver/params/GS5.yaml
[3.917s] -- Up-to-date: /home/sunrise/Robot_Car/install/ydlidar_ros2_driver/share/ydlidar_ros2_driver/params/G2.yaml
[3.918s] -- Installing: /home/sunrise/Robot_Car/install/ydlidar_ros2_driver/share/ydlidar_ros2_driver/params/X2.yaml
[3.919s] -- Up-to-date: /home/sunrise/Robot_Car/install/ydlidar_ros2_driver/share/ydlidar_ros2_driver/params/TEA.yaml
[3.920s] -- Up-to-date: /home/sunrise/Robot_Car/install/ydlidar_ros2_driver/share/ydlidar_ros2_driver/params/ydlidar.yaml
[3.921s] -- Up-to-date: /home/sunrise/Robot_Car/install/ydlidar_ros2_driver/share/ydlidar_ros2_driver/params/G4.yaml
[3.923s] -- Up-to-date: /home/sunrise/Robot_Car/install/ydlidar_ros2_driver/share/ydlidar_ros2_driver/params/X3.yaml
[3.925s] -- Up-to-date: /home/sunrise/Robot_Car/install/ydlidar_ros2_driver/share/ydlidar_ros2_driver/params/G1.yaml
[3.940s] -- Up-to-date: /home/sunrise/Robot_Car/install/ydlidar_ros2_driver/share/ydlidar_ros2_driver/startup
[3.941s] -- Up-to-date: /home/sunrise/Robot_Car/install/ydlidar_ros2_driver/share/ydlidar_ros2_driver/startup/initenv.sh
[3.947s] -- Up-to-date: /home/sunrise/Robot_Car/install/ydlidar_ros2_driver/share/ydlidar_ros2_driver/config
[3.949s] -- Up-to-date: /home/sunrise/Robot_Car/install/ydlidar_ros2_driver/share/ydlidar_ros2_driver/config/ydlidar.rviz
[3.950s] -- Up-to-date: /home/sunrise/Robot_Car/install/ydlidar_ros2_driver/share/ament_index/resource_index/package_run_dependencies/ydlidar_ros2_driver
[3.951s] -- Up-to-date: /home/sunrise/Robot_Car/install/ydlidar_ros2_driver/share/ament_index/resource_index/parent_prefix_path/ydlidar_ros2_driver
[3.952s] -- Up-to-date: /home/sunrise/Robot_Car/install/ydlidar_ros2_driver/share/ydlidar_ros2_driver/environment/ament_prefix_path.sh
[3.953s] -- Up-to-date: /home/sunrise/Robot_Car/install/ydlidar_ros2_driver/share/ydlidar_ros2_driver/environment/ament_prefix_path.dsv
[3.954s] -- Up-to-date: /home/sunrise/Robot_Car/install/ydlidar_ros2_driver/share/ydlidar_ros2_driver/environment/path.sh
[3.955s] -- Up-to-date: /home/sunrise/Robot_Car/install/ydlidar_ros2_driver/share/ydlidar_ros2_driver/environment/path.dsv
[3.964s] -- Up-to-date: /home/sunrise/Robot_Car/install/ydlidar_ros2_driver/share/ydlidar_ros2_driver/local_setup.bash
[3.965s] -- Up-to-date: /home/sunrise/Robot_Car/install/ydlidar_ros2_driver/share/ydlidar_ros2_driver/local_setup.sh
[3.966s] -- Up-to-date: /home/sunrise/Robot_Car/install/ydlidar_ros2_driver/share/ydlidar_ros2_driver/local_setup.zsh
[3.967s] -- Up-to-date: /home/sunrise/Robot_Car/install/ydlidar_ros2_driver/share/ydlidar_ros2_driver/local_setup.dsv
[3.977s] -- Installing: /home/sunrise/Robot_Car/install/ydlidar_ros2_driver/share/ydlidar_ros2_driver/package.dsv
[3.979s] -- Up-to-date: /home/sunrise/Robot_Car/install/ydlidar_ros2_driver/share/ament_index/resource_index/packages/ydlidar_ros2_driver
[3.980s] -- Up-to-date: /home/sunrise/Robot_Car/install/ydlidar_ros2_driver/share/ydlidar_ros2_driver/cmake/ydlidar_ros2_driverConfig.cmake
[3.981s] -- Up-to-date: /home/sunrise/Robot_Car/install/ydlidar_ros2_driver/share/ydlidar_ros2_driver/cmake/ydlidar_ros2_driverConfig-version.cmake
[3.981s] -- Up-to-date: /home/sunrise/Robot_Car/install/ydlidar_ros2_driver/share/ydlidar_ros2_driver/package.xml
[3.983s] Invoked command in '/home/sunrise/Robot_Car/build/ydlidar_ros2_driver' returned '0': CMAKE_PREFIX_PATH=/opt/ros/humble /usr/bin/cmake --install /home/sunrise/Robot_Car/build/ydlidar_ros2_driver
