[0.090s] Invoking command in '/home/sunrise/Robot_Car/build/slam_gmapping': CMAKE_PREFIX_PATH=/home/sunrise/Robot_Car/install/openslam_gmapping:/home/sunrise/Robot_Car/install/car_navigation:/home/sunrise/Robot_Car/install/ydlidar_ros2_driver:/home/sunrise/Robot_Car/install/slam_gmapping:/home/sunrise/Robot_Car/install/car_model_urdf:/home/sunrise/Robot_Car/install/car_control_tools:/home/sunrise/Robot_Car/install/car_base_driver:/opt/ros/humble /usr/bin/cmake --build /home/sunrise/Robot_Car/build/slam_gmapping -- -j4 -l4
[0.488s] [100%] Built target slam_gmapping
[0.544s] Invoked command in '/home/sunrise/Robot_Car/build/slam_gmapping' returned '0': CMAKE_PREFIX_PATH=/home/sunrise/Robot_Car/install/openslam_gmapping:/home/sunrise/Robot_Car/install/car_navigation:/home/sunrise/Robot_Car/install/ydlidar_ros2_driver:/home/sunrise/Robot_Car/install/slam_gmapping:/home/sunrise/Robot_Car/install/car_model_urdf:/home/sunrise/Robot_Car/install/car_control_tools:/home/sunrise/Robot_Car/install/car_base_driver:/opt/ros/humble /usr/bin/cmake --build /home/sunrise/Robot_Car/build/slam_gmapping -- -j4 -l4
[0.552s] Invoking command in '/home/sunrise/Robot_Car/build/slam_gmapping': CMAKE_PREFIX_PATH=/home/sunrise/Robot_Car/install/openslam_gmapping:/home/sunrise/Robot_Car/install/car_navigation:/home/sunrise/Robot_Car/install/ydlidar_ros2_driver:/home/sunrise/Robot_Car/install/slam_gmapping:/home/sunrise/Robot_Car/install/car_model_urdf:/home/sunrise/Robot_Car/install/car_control_tools:/home/sunrise/Robot_Car/install/car_base_driver:/opt/ros/humble /usr/bin/cmake --install /home/sunrise/Robot_Car/build/slam_gmapping
[0.597s] -- Install configuration: "Release"
[0.600s] -- Execute custom install script
[0.603s] -- Up-to-date symlink: /home/sunrise/Robot_Car/install/slam_gmapping/lib/slam_gmapping/slam_gmapping
[0.605s] -- Up-to-date symlink: /home/sunrise/Robot_Car/install/slam_gmapping/share/slam_gmapping/launch/slam_gmapping.launch.py
[0.608s] -- Up-to-date symlink: /home/sunrise/Robot_Car/install/slam_gmapping/share/ament_index/resource_index/package_run_dependencies/slam_gmapping
[0.609s] -- Up-to-date symlink: /home/sunrise/Robot_Car/install/slam_gmapping/share/ament_index/resource_index/parent_prefix_path/slam_gmapping
[0.625s] -- Up-to-date symlink: /home/sunrise/Robot_Car/install/slam_gmapping/share/slam_gmapping/environment/ament_prefix_path.sh
[0.634s] -- Up-to-date symlink: /home/sunrise/Robot_Car/install/slam_gmapping/share/slam_gmapping/environment/ament_prefix_path.dsv
[0.635s] -- Up-to-date symlink: /home/sunrise/Robot_Car/install/slam_gmapping/share/slam_gmapping/environment/path.sh
[0.636s] -- Up-to-date symlink: /home/sunrise/Robot_Car/install/slam_gmapping/share/slam_gmapping/environment/path.dsv
[0.642s] -- Up-to-date symlink: /home/sunrise/Robot_Car/install/slam_gmapping/share/slam_gmapping/local_setup.bash
[0.643s] -- Up-to-date symlink: /home/sunrise/Robot_Car/install/slam_gmapping/share/slam_gmapping/local_setup.sh
[0.644s] -- Up-to-date symlink: /home/sunrise/Robot_Car/install/slam_gmapping/share/slam_gmapping/local_setup.zsh
[0.645s] -- Up-to-date symlink: /home/sunrise/Robot_Car/install/slam_gmapping/share/slam_gmapping/local_setup.dsv
[0.646s] -- Symlinking: /home/sunrise/Robot_Car/install/slam_gmapping/share/slam_gmapping/package.dsv
[0.676s] -- Up-to-date symlink: /home/sunrise/Robot_Car/install/slam_gmapping/share/ament_index/resource_index/packages/slam_gmapping
[0.677s] -- Up-to-date symlink: /home/sunrise/Robot_Car/install/slam_gmapping/share/slam_gmapping/cmake/slam_gmappingConfig.cmake
[0.679s] -- Up-to-date symlink: /home/sunrise/Robot_Car/install/slam_gmapping/share/slam_gmapping/cmake/slam_gmappingConfig-version.cmake
[0.680s] -- Up-to-date symlink: /home/sunrise/Robot_Car/install/slam_gmapping/share/slam_gmapping/package.xml
[0.697s] Invoked command in '/home/sunrise/Robot_Car/build/slam_gmapping' returned '0': CMAKE_PREFIX_PATH=/home/sunrise/Robot_Car/install/openslam_gmapping:/home/sunrise/Robot_Car/install/car_navigation:/home/sunrise/Robot_Car/install/ydlidar_ros2_driver:/home/sunrise/Robot_Car/install/slam_gmapping:/home/sunrise/Robot_Car/install/car_model_urdf:/home/sunrise/Robot_Car/install/car_control_tools:/home/sunrise/Robot_Car/install/car_base_driver:/opt/ros/humble /usr/bin/cmake --install /home/sunrise/Robot_Car/build/slam_gmapping
