[7.255s] Invoking command in '/home/sunrise/Robot_Car/src/car_control_tools': PYTHONPATH=/home/sunrise/Robot_Car/build/car_control_tools/prefix_override:/usr/lib/python3/dist-packages/colcon_core/task/python/colcon_distutils_commands:/home/sunrise/Robot_Car/install/car_control_tools/lib/python3.10/site-packages:${PYTHONPATH} /usr/bin/python3 -W ignore:setup.py install is deprecated -W ignore:easy_install command is deprecated setup.py egg_info --egg-base ../../build/car_control_tools build --build-base /home/sunrise/Robot_Car/build/car_control_tools/build install --record /home/sunrise/Robot_Car/build/car_control_tools/install.log --single-version-externally-managed install_data
[8.463s] /usr/local/lib/python3.10/dist-packages/setuptools/_distutils/dist.py:289: UserWarning: Unknown distribution option: 'tests_require'
[8.464s]   warnings.warn(msg)
[9.388s] running egg_info
[9.543s] writing ../../build/car_control_tools/car_control_tools.egg-info/PKG-INFO
[9.546s] writing dependency_links to ../../build/car_control_tools/car_control_tools.egg-info/dependency_links.txt
[9.548s] writing entry points to ../../build/car_control_tools/car_control_tools.egg-info/entry_points.txt
[9.549s] writing requirements to ../../build/car_control_tools/car_control_tools.egg-info/requires.txt
[9.551s] writing top-level names to ../../build/car_control_tools/car_control_tools.egg-info/top_level.txt
[9.856s] reading manifest file '../../build/car_control_tools/car_control_tools.egg-info/SOURCES.txt'
[9.867s] writing manifest file '../../build/car_control_tools/car_control_tools.egg-info/SOURCES.txt'
[9.867s] running build
[9.868s] running build_py
[9.869s] copying car_control_tools/__init__.py -> /home/sunrise/Robot_Car/build/car_control_tools/build/lib/car_control_tools
[9.870s] copying car_control_tools/goal_utils.py -> /home/sunrise/Robot_Car/build/car_control_tools/build/lib/car_control_tools
[9.872s] copying car_control_tools/terminal_goal.py -> /home/sunrise/Robot_Car/build/car_control_tools/build/lib/car_control_tools
[9.874s] running install
[9.915s] running install_lib
[10.071s] running install_data
[10.073s] copying resource/car_control_tools -> /home/sunrise/Robot_Car/install/car_control_tools/share/ament_index/resource_index/packages
[10.075s] copying package.xml -> /home/sunrise/Robot_Car/install/car_control_tools/share/car_control_tools
[10.077s] running install_egg_info
[10.242s] removing '/home/sunrise/Robot_Car/install/car_control_tools/lib/python3.10/site-packages/car_control_tools-0.0.1-py3.10.egg-info' (and everything under it)
[10.243s] Copying ../../build/car_control_tools/car_control_tools.egg-info to /home/sunrise/Robot_Car/install/car_control_tools/lib/python3.10/site-packages/car_control_tools-0.0.1-py3.10.egg-info
[10.248s] running install_scripts
[10.564s] Installing terminal_goal script to /home/sunrise/Robot_Car/install/car_control_tools/lib/car_control_tools
[10.567s] writing list of installed files to '/home/sunrise/Robot_Car/build/car_control_tools/install.log'
[10.864s] Invoked command in '/home/sunrise/Robot_Car/src/car_control_tools' returned '0': PYTHONPATH=/home/sunrise/Robot_Car/build/car_control_tools/prefix_override:/usr/lib/python3/dist-packages/colcon_core/task/python/colcon_distutils_commands:/home/sunrise/Robot_Car/install/car_control_tools/lib/python3.10/site-packages:${PYTHONPATH} /usr/bin/python3 -W ignore:setup.py install is deprecated -W ignore:easy_install command is deprecated setup.py egg_info --egg-base ../../build/car_control_tools build --build-base /home/sunrise/Robot_Car/build/car_control_tools/build install --record /home/sunrise/Robot_Car/build/car_control_tools/install.log --single-version-externally-managed install_data
