[9.071s] Invoking command in '/home/sunrise/Robot_Car/src/car_control_tools': PYTHONPATH=/home/sunrise/Robot_Car/build/car_control_tools/prefix_override:/usr/lib/python3/dist-packages/colcon_core/task/python/colcon_distutils_commands:/home/sunrise/Robot_Car/install/car_control_tools/lib/python3.10/site-packages:${PYTHONPATH} /usr/bin/python3 -W ignore:setup.py install is deprecated -W ignore:easy_install command is deprecated setup.py egg_info --egg-base ../../build/car_control_tools build --build-base /home/sunrise/Robot_Car/build/car_control_tools/build install --record /home/sunrise/Robot_Car/build/car_control_tools/install.log --single-version-externally-managed install_data
[10.509s] /usr/local/lib/python3.10/dist-packages/setuptools/_distutils/dist.py:289: UserWarning: Unknown distribution option: 'tests_require'
[10.510s]   warnings.warn(msg)
[11.830s] running egg_info
[12.025s] writing ../../build/car_control_tools/car_control_tools.egg-info/PKG-INFO
[12.028s] writing dependency_links to ../../build/car_control_tools/car_control_tools.egg-info/dependency_links.txt
[12.030s] writing entry points to ../../build/car_control_tools/car_control_tools.egg-info/entry_points.txt
[12.031s] writing requirements to ../../build/car_control_tools/car_control_tools.egg-info/requires.txt
[12.034s] writing top-level names to ../../build/car_control_tools/car_control_tools.egg-info/top_level.txt
[12.534s] reading manifest file '../../build/car_control_tools/car_control_tools.egg-info/SOURCES.txt'
[12.550s] writing manifest file '../../build/car_control_tools/car_control_tools.egg-info/SOURCES.txt'
[12.551s] running build
[12.552s] running build_py
[12.553s] copying car_control_tools/__init__.py -> /home/sunrise/Robot_Car/build/car_control_tools/build/lib/car_control_tools
[12.554s] copying car_control_tools/goal_utils.py -> /home/sunrise/Robot_Car/build/car_control_tools/build/lib/car_control_tools
[12.556s] copying car_control_tools/terminal_goal.py -> /home/sunrise/Robot_Car/build/car_control_tools/build/lib/car_control_tools
[12.557s] running install
[12.596s] running install_lib
[12.844s] running install_data
[12.847s] copying resource/car_control_tools -> /home/sunrise/Robot_Car/install/car_control_tools/share/ament_index/resource_index/packages
[12.849s] copying package.xml -> /home/sunrise/Robot_Car/install/car_control_tools/share/car_control_tools
[12.850s] running install_egg_info
[13.126s] removing '/home/sunrise/Robot_Car/install/car_control_tools/lib/python3.10/site-packages/car_control_tools-0.0.1-py3.10.egg-info' (and everything under it)
[13.130s] Copying ../../build/car_control_tools/car_control_tools.egg-info to /home/sunrise/Robot_Car/install/car_control_tools/lib/python3.10/site-packages/car_control_tools-0.0.1-py3.10.egg-info
[13.137s] running install_scripts
[13.537s] Installing terminal_goal script to /home/sunrise/Robot_Car/install/car_control_tools/lib/car_control_tools
[13.540s] writing list of installed files to '/home/sunrise/Robot_Car/build/car_control_tools/install.log'
[13.855s] Invoked command in '/home/sunrise/Robot_Car/src/car_control_tools' returned '0': PYTHONPATH=/home/sunrise/Robot_Car/build/car_control_tools/prefix_override:/usr/lib/python3/dist-packages/colcon_core/task/python/colcon_distutils_commands:/home/sunrise/Robot_Car/install/car_control_tools/lib/python3.10/site-packages:${PYTHONPATH} /usr/bin/python3 -W ignore:setup.py install is deprecated -W ignore:easy_install command is deprecated setup.py egg_info --egg-base ../../build/car_control_tools build --build-base /home/sunrise/Robot_Car/build/car_control_tools/build install --record /home/sunrise/Robot_Car/build/car_control_tools/install.log --single-version-externally-managed install_data
