[10.863s] Invoking command in '/home/sunrise/Robot_Car/src/car_control_tools': PYTHONPATH=/home/sunrise/Robot_Car/build/car_control_tools/prefix_override:/usr/lib/python3/dist-packages/colcon_core/task/python/colcon_distutils_commands:/home/sunrise/Robot_Car/install/car_control_tools/lib/python3.10/site-packages:${PYTHONPATH} /usr/bin/python3 -W ignore:setup.py install is deprecated -W ignore:easy_install command is deprecated setup.py egg_info --egg-base ../../build/car_control_tools build --build-base /home/sunrise/Robot_Car/build/car_control_tools/build install --record /home/sunrise/Robot_Car/build/car_control_tools/install.log --single-version-externally-managed install_data
[12.616s] /usr/local/lib/python3.10/dist-packages/setuptools/_distutils/dist.py:289: UserWarning: Unknown distribution option: 'tests_require'
[12.617s]   warnings.warn(msg)
[14.011s] running egg_info
[14.232s] writing ../../build/car_control_tools/car_control_tools.egg-info/PKG-INFO
[14.235s] writing dependency_links to ../../build/car_control_tools/car_control_tools.egg-info/dependency_links.txt
[14.238s] writing entry points to ../../build/car_control_tools/car_control_tools.egg-info/entry_points.txt
[14.240s] writing requirements to ../../build/car_control_tools/car_control_tools.egg-info/requires.txt
[14.241s] writing top-level names to ../../build/car_control_tools/car_control_tools.egg-info/top_level.txt
[14.707s] reading manifest file '../../build/car_control_tools/car_control_tools.egg-info/SOURCES.txt'
[14.724s] writing manifest file '../../build/car_control_tools/car_control_tools.egg-info/SOURCES.txt'
[14.727s] running build
[14.729s] running build_py
[14.732s] copying car_control_tools/__init__.py -> /home/sunrise/Robot_Car/build/car_control_tools/build/lib/car_control_tools
[14.735s] copying car_control_tools/goal_utils.py -> /home/sunrise/Robot_Car/build/car_control_tools/build/lib/car_control_tools
[14.740s] copying car_control_tools/terminal_goal.py -> /home/sunrise/Robot_Car/build/car_control_tools/build/lib/car_control_tools
[14.746s] running install
[14.812s] running install_lib
[15.103s] running install_data
[15.105s] copying resource/car_control_tools -> /home/sunrise/Robot_Car/install/car_control_tools/share/ament_index/resource_index/packages
[15.108s] copying package.xml -> /home/sunrise/Robot_Car/install/car_control_tools/share/car_control_tools
[15.114s] running install_egg_info
[15.345s] removing '/home/sunrise/Robot_Car/install/car_control_tools/lib/python3.10/site-packages/car_control_tools-0.0.1-py3.10.egg-info' (and everything under it)
[15.350s] Copying ../../build/car_control_tools/car_control_tools.egg-info to /home/sunrise/Robot_Car/install/car_control_tools/lib/python3.10/site-packages/car_control_tools-0.0.1-py3.10.egg-info
[15.363s] running install_scripts
[15.848s] Installing terminal_goal script to /home/sunrise/Robot_Car/install/car_control_tools/lib/car_control_tools
[15.853s] writing list of installed files to '/home/sunrise/Robot_Car/build/car_control_tools/install.log'
[16.183s] Invoked command in '/home/sunrise/Robot_Car/src/car_control_tools' returned '0': PYTHONPATH=/home/sunrise/Robot_Car/build/car_control_tools/prefix_override:/usr/lib/python3/dist-packages/colcon_core/task/python/colcon_distutils_commands:/home/sunrise/Robot_Car/install/car_control_tools/lib/python3.10/site-packages:${PYTHONPATH} /usr/bin/python3 -W ignore:setup.py install is deprecated -W ignore:easy_install command is deprecated setup.py egg_info --egg-base ../../build/car_control_tools build --build-base /home/sunrise/Robot_Car/build/car_control_tools/build install --record /home/sunrise/Robot_Car/build/car_control_tools/install.log --single-version-externally-managed install_data
