[6.264s] Invoking command in '/home/sunrise/Robot_Car/src/car_control_tools': PYTHONPATH=/home/sunrise/Robot_Car/build/car_control_tools/prefix_override:/usr/lib/python3/dist-packages/colcon_core/task/python/colcon_distutils_commands:/home/sunrise/Robot_Car/install/car_control_tools/lib/python3.10/site-packages:${PYTHONPATH} /usr/bin/python3 -W ignore:setup.py install is deprecated -W ignore:easy_install command is deprecated setup.py egg_info --egg-base ../../build/car_control_tools build --build-base /home/sunrise/Robot_Car/build/car_control_tools/build install --record /home/sunrise/Robot_Car/build/car_control_tools/install.log --single-version-externally-managed install_data
[7.508s] /usr/local/lib/python3.10/dist-packages/setuptools/_distutils/dist.py:289: UserWarning: Unknown distribution option: 'tests_require'
[7.509s]   warnings.warn(msg)
[8.598s] running egg_info
[8.723s] writing ../../build/car_control_tools/car_control_tools.egg-info/PKG-INFO
[8.726s] writing dependency_links to ../../build/car_control_tools/car_control_tools.egg-info/dependency_links.txt
[8.727s] writing entry points to ../../build/car_control_tools/car_control_tools.egg-info/entry_points.txt
[8.729s] writing requirements to ../../build/car_control_tools/car_control_tools.egg-info/requires.txt
[8.730s] writing top-level names to ../../build/car_control_tools/car_control_tools.egg-info/top_level.txt
[8.998s] reading manifest file '../../build/car_control_tools/car_control_tools.egg-info/SOURCES.txt'
[9.007s] writing manifest file '../../build/car_control_tools/car_control_tools.egg-info/SOURCES.txt'
[9.008s] running build
[9.009s] running build_py
[9.010s] copying car_control_tools/__init__.py -> /home/sunrise/Robot_Car/build/car_control_tools/build/lib/car_control_tools
[9.011s] copying car_control_tools/goal_utils.py -> /home/sunrise/Robot_Car/build/car_control_tools/build/lib/car_control_tools
[9.013s] copying car_control_tools/terminal_goal.py -> /home/sunrise/Robot_Car/build/car_control_tools/build/lib/car_control_tools
[9.015s] running install
[9.054s] running install_lib
[9.183s] running install_data
[9.185s] copying resource/car_control_tools -> /home/sunrise/Robot_Car/install/car_control_tools/share/ament_index/resource_index/packages
[9.186s] copying package.xml -> /home/sunrise/Robot_Car/install/car_control_tools/share/car_control_tools
[9.187s] running install_egg_info
[9.315s] removing '/home/sunrise/Robot_Car/install/car_control_tools/lib/python3.10/site-packages/car_control_tools-0.0.1-py3.10.egg-info' (and everything under it)
[9.316s] Copying ../../build/car_control_tools/car_control_tools.egg-info to /home/sunrise/Robot_Car/install/car_control_tools/lib/python3.10/site-packages/car_control_tools-0.0.1-py3.10.egg-info
[9.322s] running install_scripts
[9.580s] Installing terminal_goal script to /home/sunrise/Robot_Car/install/car_control_tools/lib/car_control_tools
[9.583s] writing list of installed files to '/home/sunrise/Robot_Car/build/car_control_tools/install.log'
[9.794s] Invoked command in '/home/sunrise/Robot_Car/src/car_control_tools' returned '0': PYTHONPATH=/home/sunrise/Robot_Car/build/car_control_tools/prefix_override:/usr/lib/python3/dist-packages/colcon_core/task/python/colcon_distutils_commands:/home/sunrise/Robot_Car/install/car_control_tools/lib/python3.10/site-packages:${PYTHONPATH} /usr/bin/python3 -W ignore:setup.py install is deprecated -W ignore:easy_install command is deprecated setup.py egg_info --egg-base ../../build/car_control_tools build --build-base /home/sunrise/Robot_Car/build/car_control_tools/build install --record /home/sunrise/Robot_Car/build/car_control_tools/install.log --single-version-externally-managed install_data
