[7.424s] Invoking command in '/home/sunrise/Robot_Car/src/car_base_driver': PYTHONPATH=/home/sunrise/Robot_Car/build/car_base_driver/prefix_override:/usr/lib/python3/dist-packages/colcon_core/task/python/colcon_distutils_commands:/home/sunrise/Robot_Car/install/car_base_driver/lib/python3.10/site-packages:${PYTHONPATH} /usr/bin/python3 -W ignore:setup.py install is deprecated -W ignore:easy_install command is deprecated setup.py egg_info --egg-base ../../build/car_base_driver build --build-base /home/sunrise/Robot_Car/build/car_base_driver/build install --record /home/sunrise/Robot_Car/build/car_base_driver/install.log --single-version-externally-managed install_data
[8.645s] /usr/local/lib/python3.10/dist-packages/setuptools/_distutils/dist.py:289: UserWarning: Unknown distribution option: 'tests_require'
[8.646s]   warnings.warn(msg)
[9.565s] running egg_info
[9.712s] writing ../../build/car_base_driver/car_base_driver.egg-info/PKG-INFO
[9.715s] writing dependency_links to ../../build/car_base_driver/car_base_driver.egg-info/dependency_links.txt
[9.717s] writing entry points to ../../build/car_base_driver/car_base_driver.egg-info/entry_points.txt
[9.719s] writing requirements to ../../build/car_base_driver/car_base_driver.egg-info/requires.txt
[9.720s] writing top-level names to ../../build/car_base_driver/car_base_driver.egg-info/top_level.txt
[10.032s] reading manifest file '../../build/car_base_driver/car_base_driver.egg-info/SOURCES.txt'
[10.046s] writing manifest file '../../build/car_base_driver/car_base_driver.egg-info/SOURCES.txt'
[10.047s] running build
[10.055s] running build_py
[10.055s] copying car_base_driver/__init__.py -> /home/sunrise/Robot_Car/build/car_base_driver/build/lib/car_base_driver
[10.057s] copying car_base_driver/kinematics.py -> /home/sunrise/Robot_Car/build/car_base_driver/build/lib/car_base_driver
[10.058s] copying car_base_driver/serial_driver.py -> /home/sunrise/Robot_Car/build/car_base_driver/build/lib/car_base_driver
[10.062s] running install
[10.092s] running install_lib
[10.250s] running install_data
[10.252s] copying resource/car_base_driver -> /home/sunrise/Robot_Car/install/car_base_driver/share/ament_index/resource_index/packages
[10.255s] copying package.xml -> /home/sunrise/Robot_Car/install/car_base_driver/share/car_base_driver
[10.257s] copying launch/base_driver.launch.py -> /home/sunrise/Robot_Car/install/car_base_driver/share/car_base_driver/launch
[10.259s] copying config/base_driver.yaml -> /home/sunrise/Robot_Car/install/car_base_driver/share/car_base_driver/config
[10.260s] running install_egg_info
[10.413s] removing '/home/sunrise/Robot_Car/install/car_base_driver/lib/python3.10/site-packages/car_base_driver-0.0.1-py3.10.egg-info' (and everything under it)
[10.415s] Copying ../../build/car_base_driver/car_base_driver.egg-info to /home/sunrise/Robot_Car/install/car_base_driver/lib/python3.10/site-packages/car_base_driver-0.0.1-py3.10.egg-info
[10.420s] running install_scripts
[10.732s] Installing serial_driver script to /home/sunrise/Robot_Car/install/car_base_driver/lib/car_base_driver
[10.736s] writing list of installed files to '/home/sunrise/Robot_Car/build/car_base_driver/install.log'
[10.987s] Invoked command in '/home/sunrise/Robot_Car/src/car_base_driver' returned '0': PYTHONPATH=/home/sunrise/Robot_Car/build/car_base_driver/prefix_override:/usr/lib/python3/dist-packages/colcon_core/task/python/colcon_distutils_commands:/home/sunrise/Robot_Car/install/car_base_driver/lib/python3.10/site-packages:${PYTHONPATH} /usr/bin/python3 -W ignore:setup.py install is deprecated -W ignore:easy_install command is deprecated setup.py egg_info --egg-base ../../build/car_base_driver build --build-base /home/sunrise/Robot_Car/build/car_base_driver/build install --record /home/sunrise/Robot_Car/build/car_base_driver/install.log --single-version-externally-managed install_data
