[7.275s] Invoking command in '/home/sunrise/Robot_Car/src/car_base_driver': PYTHONPATH=/home/sunrise/Robot_Car/build/car_base_driver/prefix_override:/usr/lib/python3/dist-packages/colcon_core/task/python/colcon_distutils_commands:/home/sunrise/Robot_Car/install/car_base_driver/lib/python3.10/site-packages:${PYTHONPATH} /usr/bin/python3 -W ignore:setup.py install is deprecated -W ignore:easy_install command is deprecated setup.py egg_info --egg-base ../../build/car_base_driver build --build-base /home/sunrise/Robot_Car/build/car_base_driver/build install --record /home/sunrise/Robot_Car/build/car_base_driver/install.log --single-version-externally-managed install_data
[8.484s] /usr/local/lib/python3.10/dist-packages/setuptools/_distutils/dist.py:289: UserWarning: Unknown distribution option: 'tests_require'
[8.485s]   warnings.warn(msg)
[9.400s] running egg_info
[9.549s] writing ../../build/car_base_driver/car_base_driver.egg-info/PKG-INFO
[9.552s] writing dependency_links to ../../build/car_base_driver/car_base_driver.egg-info/dependency_links.txt
[9.554s] writing entry points to ../../build/car_base_driver/car_base_driver.egg-info/entry_points.txt
[9.557s] writing requirements to ../../build/car_base_driver/car_base_driver.egg-info/requires.txt
[9.558s] writing top-level names to ../../build/car_base_driver/car_base_driver.egg-info/top_level.txt
[9.863s] reading manifest file '../../build/car_base_driver/car_base_driver.egg-info/SOURCES.txt'
[9.874s] writing manifest file '../../build/car_base_driver/car_base_driver.egg-info/SOURCES.txt'
[9.875s] running build
[9.877s] running build_py
[9.878s] copying car_base_driver/__init__.py -> /home/sunrise/Robot_Car/build/car_base_driver/build/lib/car_base_driver
[9.879s] copying car_base_driver/kinematics.py -> /home/sunrise/Robot_Car/build/car_base_driver/build/lib/car_base_driver
[9.880s] copying car_base_driver/serial_driver.py -> /home/sunrise/Robot_Car/build/car_base_driver/build/lib/car_base_driver
[9.882s] running install
[9.920s] running install_lib
[10.080s] running install_data
[10.082s] copying resource/car_base_driver -> /home/sunrise/Robot_Car/install/car_base_driver/share/ament_index/resource_index/packages
[10.084s] copying package.xml -> /home/sunrise/Robot_Car/install/car_base_driver/share/car_base_driver
[10.086s] copying launch/base_driver.launch.py -> /home/sunrise/Robot_Car/install/car_base_driver/share/car_base_driver/launch
[10.087s] copying config/base_driver.yaml -> /home/sunrise/Robot_Car/install/car_base_driver/share/car_base_driver/config
[10.088s] running install_egg_info
[10.247s] removing '/home/sunrise/Robot_Car/install/car_base_driver/lib/python3.10/site-packages/car_base_driver-0.0.1-py3.10.egg-info' (and everything under it)
[10.249s] Copying ../../build/car_base_driver/car_base_driver.egg-info to /home/sunrise/Robot_Car/install/car_base_driver/lib/python3.10/site-packages/car_base_driver-0.0.1-py3.10.egg-info
[10.257s] running install_scripts
[10.565s] Installing serial_driver script to /home/sunrise/Robot_Car/install/car_base_driver/lib/car_base_driver
[10.568s] writing list of installed files to '/home/sunrise/Robot_Car/build/car_base_driver/install.log'
[10.863s] Invoked command in '/home/sunrise/Robot_Car/src/car_base_driver' returned '0': PYTHONPATH=/home/sunrise/Robot_Car/build/car_base_driver/prefix_override:/usr/lib/python3/dist-packages/colcon_core/task/python/colcon_distutils_commands:/home/sunrise/Robot_Car/install/car_base_driver/lib/python3.10/site-packages:${PYTHONPATH} /usr/bin/python3 -W ignore:setup.py install is deprecated -W ignore:easy_install command is deprecated setup.py egg_info --egg-base ../../build/car_base_driver build --build-base /home/sunrise/Robot_Car/build/car_base_driver/build install --record /home/sunrise/Robot_Car/build/car_base_driver/install.log --single-version-externally-managed install_data
