[0.065s] Invoking command in '/home/sunrise/Robot_Car/build/car_navigation': AMENT_PREFIX_PATH=/home/sunrise/Robot_Car/install/car_model_urdf:/home/sunrise/Robot_Car/install/car_base_driver:${AMENT_PREFIX_PATH} CMAKE_PREFIX_PATH=/home/sunrise/Robot_Car/install/car_model_urdf:/opt/ros/humble PYTHONPATH=/home/sunrise/Robot_Car/install/car_base_driver/lib/python3.10/site-packages:${PYTHONPATH} /usr/bin/cmake --build /home/sunrise/Robot_Car/build/car_navigation -- -j4 -l4
[0.181s] -- Found ament_cmake: 1.3.12 (/opt/ros/humble/share/ament_cmake/cmake)
[1.106s] -- Found ament_lint_auto: 0.12.14 (/opt/ros/humble/share/ament_lint_auto/cmake)
[1.607s] -- Added test 'copyright' to check source files copyright and LICENSE
[1.618s] -- Added test 'flake8' to check Python code syntax and style conventions
[1.620s] -- Added test 'lint_cmake' to check CMake code style
[1.623s] -- Added test 'pep257' to check Python code against some of the docstring style conventions in PEP 257
[1.628s] -- Added test 'xmllint' to check XML markup files
[1.634s] -- Configuring done
[1.654s] -- Generating done
[1.664s] -- Build files have been written to: /home/sunrise/Robot_Car/build/car_navigation
[1.744s] Invoked command in '/home/sunrise/Robot_Car/build/car_navigation' returned '0': AMENT_PREFIX_PATH=/home/sunrise/Robot_Car/install/car_model_urdf:/home/sunrise/Robot_Car/install/car_base_driver:${AMENT_PREFIX_PATH} CMAKE_PREFIX_PATH=/home/sunrise/Robot_Car/install/car_model_urdf:/opt/ros/humble PYTHONPATH=/home/sunrise/Robot_Car/install/car_base_driver/lib/python3.10/site-packages:${PYTHONPATH} /usr/bin/cmake --build /home/sunrise/Robot_Car/build/car_navigation -- -j4 -l4
[1.751s] Invoking command in '/home/sunrise/Robot_Car/build/car_navigation': AMENT_PREFIX_PATH=/home/sunrise/Robot_Car/install/car_model_urdf:/home/sunrise/Robot_Car/install/car_base_driver:${AMENT_PREFIX_PATH} CMAKE_PREFIX_PATH=/home/sunrise/Robot_Car/install/car_model_urdf:/opt/ros/humble PYTHONPATH=/home/sunrise/Robot_Car/install/car_base_driver/lib/python3.10/site-packages:${PYTHONPATH} /usr/bin/cmake --install /home/sunrise/Robot_Car/build/car_navigation
[1.778s] -- Install configuration: ""
[1.782s] -- Up-to-date: /home/sunrise/Robot_Car/install/car_navigation/share/car_navigation/config
[1.783s] -- Up-to-date: /home/sunrise/Robot_Car/install/car_navigation/share/car_navigation/config/nav2_params.yaml
[1.786s] -- Up-to-date: /home/sunrise/Robot_Car/install/car_navigation/share/car_navigation/config/ekf.yaml
[1.789s] -- Up-to-date: /home/sunrise/Robot_Car/install/car_navigation/share/car_navigation/config/slam_toolbox.yaml
[1.790s] -- Up-to-date: /home/sunrise/Robot_Car/install/car_navigation/share/car_navigation/launch
[1.792s] -- Installing: /home/sunrise/Robot_Car/install/car_navigation/share/car_navigation/launch/robot_bringup.launch.py
[1.793s] -- Up-to-date: /home/sunrise/Robot_Car/install/car_navigation/share/car_navigation/launch/mapping.launch.py
[1.795s] -- Up-to-date: /home/sunrise/Robot_Car/install/car_navigation/share/car_navigation/launch/navigation.launch.py
[1.797s] -- Up-to-date: /home/sunrise/Robot_Car/install/car_navigation/share/ament_index/resource_index/package_run_dependencies/car_navigation
[1.799s] -- Up-to-date: /home/sunrise/Robot_Car/install/car_navigation/share/ament_index/resource_index/parent_prefix_path/car_navigation
[1.801s] -- Up-to-date: /home/sunrise/Robot_Car/install/car_navigation/share/car_navigation/environment/ament_prefix_path.sh
[1.806s] -- Installing: /home/sunrise/Robot_Car/install/car_navigation/share/car_navigation/environment/ament_prefix_path.dsv
[1.807s] -- Up-to-date: /home/sunrise/Robot_Car/install/car_navigation/share/car_navigation/environment/path.sh
[1.810s] -- Installing: /home/sunrise/Robot_Car/install/car_navigation/share/car_navigation/environment/path.dsv
[1.812s] -- Up-to-date: /home/sunrise/Robot_Car/install/car_navigation/share/car_navigation/local_setup.bash
[1.813s] -- Up-to-date: /home/sunrise/Robot_Car/install/car_navigation/share/car_navigation/local_setup.sh
[1.815s] -- Up-to-date: /home/sunrise/Robot_Car/install/car_navigation/share/car_navigation/local_setup.zsh
[1.816s] -- Installing: /home/sunrise/Robot_Car/install/car_navigation/share/car_navigation/local_setup.dsv
[1.817s] -- Installing: /home/sunrise/Robot_Car/install/car_navigation/share/car_navigation/package.dsv
[1.821s] -- Up-to-date: /home/sunrise/Robot_Car/install/car_navigation/share/ament_index/resource_index/packages/car_navigation
[1.823s] -- Up-to-date: /home/sunrise/Robot_Car/install/car_navigation/share/car_navigation/cmake/car_navigationConfig.cmake
[1.826s] -- Up-to-date: /home/sunrise/Robot_Car/install/car_navigation/share/car_navigation/cmake/car_navigationConfig-version.cmake
[1.827s] -- Installing: /home/sunrise/Robot_Car/install/car_navigation/share/car_navigation/package.xml
[1.829s] Invoked command in '/home/sunrise/Robot_Car/build/car_navigation' returned '0': AMENT_PREFIX_PATH=/home/sunrise/Robot_Car/install/car_model_urdf:/home/sunrise/Robot_Car/install/car_base_driver:${AMENT_PREFIX_PATH} CMAKE_PREFIX_PATH=/home/sunrise/Robot_Car/install/car_model_urdf:/opt/ros/humble PYTHONPATH=/home/sunrise/Robot_Car/install/car_base_driver/lib/python3.10/site-packages:${PYTHONPATH} /usr/bin/cmake --install /home/sunrise/Robot_Car/build/car_navigation
