[12.683s] Invoking command in '/home/sunrise/Robot_Car/src/car_control_tools': PYTHONPATH=/home/sunrise/Robot_Car/build/car_control_tools/prefix_override:/usr/lib/python3/dist-packages/colcon_core/task/python/colcon_distutils_commands:/home/sunrise/Robot_Car/install/car_control_tools/lib/python3.10/site-packages:${PYTHONPATH} /usr/bin/python3 -W ignore:setup.py install is deprecated -W ignore:easy_install command is deprecated setup.py egg_info --egg-base ../../build/car_control_tools build --build-base /home/sunrise/Robot_Car/build/car_control_tools/build install --record /home/sunrise/Robot_Car/build/car_control_tools/install.log --single-version-externally-managed install_data
[14.610s] /usr/local/lib/python3.10/dist-packages/setuptools/_distutils/dist.py:289: UserWarning: Unknown distribution option: 'tests_require'
[14.613s]   warnings.warn(msg)
[16.191s] running egg_info
[16.458s] writing ../../build/car_control_tools/car_control_tools.egg-info/PKG-INFO
[16.464s] writing dependency_links to ../../build/car_control_tools/car_control_tools.egg-info/dependency_links.txt
[16.467s] writing entry points to ../../build/car_control_tools/car_control_tools.egg-info/entry_points.txt
[16.470s] writing requirements to ../../build/car_control_tools/car_control_tools.egg-info/requires.txt
[16.472s] writing top-level names to ../../build/car_control_tools/car_control_tools.egg-info/top_level.txt
[16.972s] reading manifest file '../../build/car_control_tools/car_control_tools.egg-info/SOURCES.txt'
[16.992s] writing manifest file '../../build/car_control_tools/car_control_tools.egg-info/SOURCES.txt'
[16.996s] running build
[17.001s] running build_py
[17.007s] copying car_control_tools/__init__.py -> /home/sunrise/Robot_Car/build/car_control_tools/build/lib/car_control_tools
[17.012s] copying car_control_tools/goal_utils.py -> /home/sunrise/Robot_Car/build/car_control_tools/build/lib/car_control_tools
[17.017s] copying car_control_tools/terminal_goal.py -> /home/sunrise/Robot_Car/build/car_control_tools/build/lib/car_control_tools
[17.026s] running install
[17.096s] running install_lib
[17.374s] running install_data
[17.378s] copying resource/car_control_tools -> /home/sunrise/Robot_Car/install/car_control_tools/share/ament_index/resource_index/packages
[17.383s] copying package.xml -> /home/sunrise/Robot_Car/install/car_control_tools/share/car_control_tools
[17.386s] running install_egg_info
[17.636s] removing '/home/sunrise/Robot_Car/install/car_control_tools/lib/python3.10/site-packages/car_control_tools-0.0.1-py3.10.egg-info' (and everything under it)
[17.638s] Copying ../../build/car_control_tools/car_control_tools.egg-info to /home/sunrise/Robot_Car/install/car_control_tools/lib/python3.10/site-packages/car_control_tools-0.0.1-py3.10.egg-info
[17.657s] running install_scripts
[18.268s] Installing terminal_goal script to /home/sunrise/Robot_Car/install/car_control_tools/lib/car_control_tools
[18.272s] writing list of installed files to '/home/sunrise/Robot_Car/build/car_control_tools/install.log'
[18.568s] Invoked command in '/home/sunrise/Robot_Car/src/car_control_tools' returned '0': PYTHONPATH=/home/sunrise/Robot_Car/build/car_control_tools/prefix_override:/usr/lib/python3/dist-packages/colcon_core/task/python/colcon_distutils_commands:/home/sunrise/Robot_Car/install/car_control_tools/lib/python3.10/site-packages:${PYTHONPATH} /usr/bin/python3 -W ignore:setup.py install is deprecated -W ignore:easy_install command is deprecated setup.py egg_info --egg-base ../../build/car_control_tools build --build-base /home/sunrise/Robot_Car/build/car_control_tools/build install --record /home/sunrise/Robot_Car/build/car_control_tools/install.log --single-version-externally-managed install_data
