[0.050s] Invoking command in '/home/sunrise/Robot_Car/build/car_navigation': AMENT_PREFIX_PATH=/home/sunrise/Robot_Car/install/car_model_urdf:/home/sunrise/Robot_Car/install/car_base_driver:${AMENT_PREFIX_PATH} CMAKE_PREFIX_PATH=/home/sunrise/Robot_Car/install/car_model_urdf:/opt/ros/humble PYTHONPATH=/home/sunrise/Robot_Car/install/car_base_driver/lib/python3.10/site-packages:${PYTHONPATH} /usr/bin/cmake --build /home/sunrise/Robot_Car/build/car_navigation -- -j4 -l4
[0.153s] -- Found ament_cmake: 1.3.12 (/opt/ros/humble/share/ament_cmake/cmake)
[1.054s] -- Found ament_lint_auto: 0.12.14 (/opt/ros/humble/share/ament_lint_auto/cmake)
[1.568s] -- Added test 'copyright' to check source files copyright and LICENSE
[1.578s] -- Added test 'flake8' to check Python code syntax and style conventions
[1.581s] -- Added test 'lint_cmake' to check CMake code style
[1.583s] -- Added test 'pep257' to check Python code against some of the docstring style conventions in PEP 257
[1.589s] -- Added test 'xmllint' to check XML markup files
[1.596s] -- Configuring done
[1.617s] -- Generating done
[1.631s] -- Build files have been written to: /home/sunrise/Robot_Car/build/car_navigation
[1.714s] Invoked command in '/home/sunrise/Robot_Car/build/car_navigation' returned '0': AMENT_PREFIX_PATH=/home/sunrise/Robot_Car/install/car_model_urdf:/home/sunrise/Robot_Car/install/car_base_driver:${AMENT_PREFIX_PATH} CMAKE_PREFIX_PATH=/home/sunrise/Robot_Car/install/car_model_urdf:/opt/ros/humble PYTHONPATH=/home/sunrise/Robot_Car/install/car_base_driver/lib/python3.10/site-packages:${PYTHONPATH} /usr/bin/cmake --build /home/sunrise/Robot_Car/build/car_navigation -- -j4 -l4
[1.722s] Invoking command in '/home/sunrise/Robot_Car/build/car_navigation': AMENT_PREFIX_PATH=/home/sunrise/Robot_Car/install/car_model_urdf:/home/sunrise/Robot_Car/install/car_base_driver:${AMENT_PREFIX_PATH} CMAKE_PREFIX_PATH=/home/sunrise/Robot_Car/install/car_model_urdf:/opt/ros/humble PYTHONPATH=/home/sunrise/Robot_Car/install/car_base_driver/lib/python3.10/site-packages:${PYTHONPATH} /usr/bin/cmake --install /home/sunrise/Robot_Car/build/car_navigation
[1.752s] -- Install configuration: ""
[1.753s] -- Up-to-date: /home/sunrise/Robot_Car/install/car_navigation/share/car_navigation/config
[1.757s] -- Up-to-date: /home/sunrise/Robot_Car/install/car_navigation/share/car_navigation/config/nav2_params.yaml
[1.758s] -- Installing: /home/sunrise/Robot_Car/install/car_navigation/share/car_navigation/config/ekf.yaml
[1.767s] -- Up-to-date: /home/sunrise/Robot_Car/install/car_navigation/share/car_navigation/config/slam_toolbox.yaml
[1.768s] -- Up-to-date: /home/sunrise/Robot_Car/install/car_navigation/share/car_navigation/launch
[1.772s] -- Installing: /home/sunrise/Robot_Car/install/car_navigation/share/car_navigation/launch/robot_bringup.launch.py
[1.778s] -- Up-to-date: /home/sunrise/Robot_Car/install/car_navigation/share/car_navigation/launch/mapping.launch.py
[1.780s] -- Up-to-date: /home/sunrise/Robot_Car/install/car_navigation/share/car_navigation/launch/navigation.launch.py
[1.781s] -- Installing: /home/sunrise/Robot_Car/install/car_navigation/share/ament_index/resource_index/package_run_dependencies/car_navigation
[1.782s] -- Installing: /home/sunrise/Robot_Car/install/car_navigation/share/ament_index/resource_index/parent_prefix_path/car_navigation
[1.783s] -- Up-to-date: /home/sunrise/Robot_Car/install/car_navigation/share/car_navigation/environment/ament_prefix_path.sh
[1.785s] -- Installing: /home/sunrise/Robot_Car/install/car_navigation/share/car_navigation/environment/ament_prefix_path.dsv
[1.786s] -- Up-to-date: /home/sunrise/Robot_Car/install/car_navigation/share/car_navigation/environment/path.sh
[1.789s] -- Installing: /home/sunrise/Robot_Car/install/car_navigation/share/car_navigation/environment/path.dsv
[1.792s] -- Up-to-date: /home/sunrise/Robot_Car/install/car_navigation/share/car_navigation/local_setup.bash
[1.793s] -- Up-to-date: /home/sunrise/Robot_Car/install/car_navigation/share/car_navigation/local_setup.sh
[1.796s] -- Up-to-date: /home/sunrise/Robot_Car/install/car_navigation/share/car_navigation/local_setup.zsh
[1.800s] -- Installing: /home/sunrise/Robot_Car/install/car_navigation/share/car_navigation/local_setup.dsv
[1.802s] -- Installing: /home/sunrise/Robot_Car/install/car_navigation/share/car_navigation/package.dsv
[1.804s] -- Up-to-date: /home/sunrise/Robot_Car/install/car_navigation/share/ament_index/resource_index/packages/car_navigation
[1.812s] -- Up-to-date: /home/sunrise/Robot_Car/install/car_navigation/share/car_navigation/cmake/car_navigationConfig.cmake
[1.815s] -- Up-to-date: /home/sunrise/Robot_Car/install/car_navigation/share/car_navigation/cmake/car_navigationConfig-version.cmake
[1.816s] -- Installing: /home/sunrise/Robot_Car/install/car_navigation/share/car_navigation/package.xml
[1.818s] Invoked command in '/home/sunrise/Robot_Car/build/car_navigation' returned '0': AMENT_PREFIX_PATH=/home/sunrise/Robot_Car/install/car_model_urdf:/home/sunrise/Robot_Car/install/car_base_driver:${AMENT_PREFIX_PATH} CMAKE_PREFIX_PATH=/home/sunrise/Robot_Car/install/car_model_urdf:/opt/ros/humble PYTHONPATH=/home/sunrise/Robot_Car/install/car_base_driver/lib/python3.10/site-packages:${PYTHONPATH} /usr/bin/cmake --install /home/sunrise/Robot_Car/build/car_navigation
