[0.697s] DEBUG:colcon:Command line arguments: ['/usr/bin/colcon', 'build']
[0.697s] DEBUG:colcon:Parsed command line arguments: Namespace(log_base=None, log_level=None, verb_name='build', build_base='build', install_base='install', merge_install=False, symlink_install=False, test_result_base=None, continue_on_error=False, executor='parallel', parallel_workers=4, event_handlers=None, ignore_user_meta=False, metas=['./colcon.meta'], base_paths=['.'], packages_ignore=None, packages_ignore_regex=None, paths=None, packages_up_to=None, packages_up_to_regex=None, packages_above=None, packages_above_and_dependencies=None, packages_above_depth=None, packages_select_by_dep=None, packages_skip_by_dep=None, packages_skip_up_to=None, packages_select_build_failed=False, packages_skip_build_finished=False, packages_select_test_failures=False, packages_skip_test_passed=False, packages_select=None, packages_skip=None, packages_select_regex=None, packages_skip_regex=None, packages_start=None, packages_end=None, allow_overriding=[], cmake_args=None, cmake_target=None, cmake_target_skip_unavailable=False, cmake_clean_cache=False, cmake_clean_first=False, cmake_force_configure=False, ament_cmake_args=None, catkin_cmake_args=None, catkin_skip_building_tests=False, verb_parser=<colcon_defaults.argument_parser.defaults.DefaultArgumentsDecorator object at 0x7fadd6d300>, verb_extension=<colcon_core.verb.build.BuildVerb object at 0x7fadd6cd30>, main=<bound method BuildVerb.main of <colcon_core.verb.build.BuildVerb object at 0x7fadd6cd30>>)
[0.965s] Level 1:colcon.colcon_core.package_discovery:discover_packages(colcon_meta) check parameters
[0.965s] Level 1:colcon.colcon_core.package_discovery:discover_packages(recursive) check parameters
[0.965s] Level 1:colcon.colcon_core.package_discovery:discover_packages(ignore) check parameters
[0.966s] Level 1:colcon.colcon_core.package_discovery:discover_packages(path) check parameters
[0.966s] Level 1:colcon.colcon_core.package_discovery:discover_packages(colcon_meta) discover
[0.966s] Level 1:colcon.colcon_core.package_discovery:discover_packages(recursive) discover
[0.966s] INFO:colcon.colcon_core.package_discovery:Crawling recursively for packages in '/home/sunrise/Robot_Car'
[0.967s] Level 1:colcon.colcon_core.package_identification:_identify(.) by extensions ['ignore', 'ignore_ament_install']
[0.967s] Level 1:colcon.colcon_core.package_identification:_identify(.) by extension 'ignore'
[0.968s] Level 1:colcon.colcon_core.package_identification:_identify(.) by extension 'ignore_ament_install'
[0.968s] Level 1:colcon.colcon_core.package_identification:_identify(.) by extensions ['colcon_pkg']
[0.968s] Level 1:colcon.colcon_core.package_identification:_identify(.) by extension 'colcon_pkg'
[0.969s] Level 1:colcon.colcon_core.package_identification:_identify(.) by extensions ['colcon_meta']
[0.969s] Level 1:colcon.colcon_core.package_identification:_identify(.) by extension 'colcon_meta'
[0.969s] Level 1:colcon.colcon_core.package_identification:_identify(.) by extensions ['ros']
[0.969s] Level 1:colcon.colcon_core.package_identification:_identify(.) by extension 'ros'
[1.071s] Level 1:colcon.colcon_core.package_identification:_identify(.) by extensions ['cmake', 'python']
[1.071s] Level 1:colcon.colcon_core.package_identification:_identify(.) by extension 'cmake'
[1.072s] Level 1:colcon.colcon_core.package_identification:_identify(.) by extension 'python'
[1.072s] Level 1:colcon.colcon_core.package_identification:_identify(.) by extensions ['python_setup_py']
[1.073s] Level 1:colcon.colcon_core.package_identification:_identify(.) by extension 'python_setup_py'
[1.073s] Level 1:colcon.colcon_core.package_identification:_identify(build) by extensions ['ignore', 'ignore_ament_install']
[1.074s] Level 1:colcon.colcon_core.package_identification:_identify(build) by extension 'ignore'
[1.074s] Level 1:colcon.colcon_core.package_identification:_identify(build) ignored
[1.075s] Level 1:colcon.colcon_core.package_identification:_identify(install) by extensions ['ignore', 'ignore_ament_install']
[1.076s] Level 1:colcon.colcon_core.package_identification:_identify(install) by extension 'ignore'
[1.076s] Level 1:colcon.colcon_core.package_identification:_identify(install) ignored
[1.077s] Level 1:colcon.colcon_core.package_identification:_identify(log) by extensions ['ignore', 'ignore_ament_install']
[1.077s] Level 1:colcon.colcon_core.package_identification:_identify(log) by extension 'ignore'
[1.078s] Level 1:colcon.colcon_core.package_identification:_identify(log) ignored
[1.078s] Level 1:colcon.colcon_core.package_identification:_identify(maps) by extensions ['ignore', 'ignore_ament_install']
[1.079s] Level 1:colcon.colcon_core.package_identification:_identify(maps) by extension 'ignore'
[1.079s] Level 1:colcon.colcon_core.package_identification:_identify(maps) by extension 'ignore_ament_install'
[1.079s] Level 1:colcon.colcon_core.package_identification:_identify(maps) by extensions ['colcon_pkg']
[1.080s] Level 1:colcon.colcon_core.package_identification:_identify(maps) by extension 'colcon_pkg'
[1.080s] Level 1:colcon.colcon_core.package_identification:_identify(maps) by extensions ['colcon_meta']
[1.080s] Level 1:colcon.colcon_core.package_identification:_identify(maps) by extension 'colcon_meta'
[1.080s] Level 1:colcon.colcon_core.package_identification:_identify(maps) by extensions ['ros']
[1.081s] Level 1:colcon.colcon_core.package_identification:_identify(maps) by extension 'ros'
[1.081s] Level 1:colcon.colcon_core.package_identification:_identify(maps) by extensions ['cmake', 'python']
[1.081s] Level 1:colcon.colcon_core.package_identification:_identify(maps) by extension 'cmake'
[1.081s] Level 1:colcon.colcon_core.package_identification:_identify(maps) by extension 'python'
[1.082s] Level 1:colcon.colcon_core.package_identification:_identify(maps) by extensions ['python_setup_py']
[1.082s] Level 1:colcon.colcon_core.package_identification:_identify(maps) by extension 'python_setup_py'
[1.083s] Level 1:colcon.colcon_core.package_identification:_identify(src) by extensions ['ignore', 'ignore_ament_install']
[1.083s] Level 1:colcon.colcon_core.package_identification:_identify(src) by extension 'ignore'
[1.083s] Level 1:colcon.colcon_core.package_identification:_identify(src) by extension 'ignore_ament_install'
[1.084s] Level 1:colcon.colcon_core.package_identification:_identify(src) by extensions ['colcon_pkg']
[1.084s] Level 1:colcon.colcon_core.package_identification:_identify(src) by extension 'colcon_pkg'
[1.084s] Level 1:colcon.colcon_core.package_identification:_identify(src) by extensions ['colcon_meta']
[1.084s] Level 1:colcon.colcon_core.package_identification:_identify(src) by extension 'colcon_meta'
[1.085s] Level 1:colcon.colcon_core.package_identification:_identify(src) by extensions ['ros']
[1.085s] Level 1:colcon.colcon_core.package_identification:_identify(src) by extension 'ros'
[1.085s] Level 1:colcon.colcon_core.package_identification:_identify(src) by extensions ['cmake', 'python']
[1.086s] Level 1:colcon.colcon_core.package_identification:_identify(src) by extension 'cmake'
[1.086s] Level 1:colcon.colcon_core.package_identification:_identify(src) by extension 'python'
[1.086s] Level 1:colcon.colcon_core.package_identification:_identify(src) by extensions ['python_setup_py']
[1.086s] Level 1:colcon.colcon_core.package_identification:_identify(src) by extension 'python_setup_py'
[1.087s] Level 1:colcon.colcon_core.package_identification:_identify(src/car_base_driver) by extensions ['ignore', 'ignore_ament_install']
[1.088s] Level 1:colcon.colcon_core.package_identification:_identify(src/car_base_driver) by extension 'ignore'
[1.088s] Level 1:colcon.colcon_core.package_identification:_identify(src/car_base_driver) by extension 'ignore_ament_install'
[1.088s] Level 1:colcon.colcon_core.package_identification:_identify(src/car_base_driver) by extensions ['colcon_pkg']
[1.088s] Level 1:colcon.colcon_core.package_identification:_identify(src/car_base_driver) by extension 'colcon_pkg'
[1.089s] Level 1:colcon.colcon_core.package_identification:_identify(src/car_base_driver) by extensions ['colcon_meta']
[1.089s] Level 1:colcon.colcon_core.package_identification:_identify(src/car_base_driver) by extension 'colcon_meta'
[1.089s] Level 1:colcon.colcon_core.package_identification:_identify(src/car_base_driver) by extensions ['ros']
[1.089s] Level 1:colcon.colcon_core.package_identification:_identify(src/car_base_driver) by extension 'ros'
[1.106s] DEBUG:colcon.colcon_core.package_identification:Package 'src/car_base_driver' with type 'ros.ament_python' and name 'car_base_driver'
[1.107s] Level 1:colcon.colcon_core.package_identification:_identify(src/car_control_tools) by extensions ['ignore', 'ignore_ament_install']
[1.107s] Level 1:colcon.colcon_core.package_identification:_identify(src/car_control_tools) by extension 'ignore'
[1.107s] Level 1:colcon.colcon_core.package_identification:_identify(src/car_control_tools) by extension 'ignore_ament_install'
[1.108s] Level 1:colcon.colcon_core.package_identification:_identify(src/car_control_tools) by extensions ['colcon_pkg']
[1.108s] Level 1:colcon.colcon_core.package_identification:_identify(src/car_control_tools) by extension 'colcon_pkg'
[1.108s] Level 1:colcon.colcon_core.package_identification:_identify(src/car_control_tools) by extensions ['colcon_meta']
[1.108s] Level 1:colcon.colcon_core.package_identification:_identify(src/car_control_tools) by extension 'colcon_meta'
[1.109s] Level 1:colcon.colcon_core.package_identification:_identify(src/car_control_tools) by extensions ['ros']
[1.109s] Level 1:colcon.colcon_core.package_identification:_identify(src/car_control_tools) by extension 'ros'
[1.115s] DEBUG:colcon.colcon_core.package_identification:Package 'src/car_control_tools' with type 'ros.ament_python' and name 'car_control_tools'
[1.116s] Level 1:colcon.colcon_core.package_identification:_identify(src/car_model_urdf) by extensions ['ignore', 'ignore_ament_install']
[1.116s] Level 1:colcon.colcon_core.package_identification:_identify(src/car_model_urdf) by extension 'ignore'
[1.117s] Level 1:colcon.colcon_core.package_identification:_identify(src/car_model_urdf) by extension 'ignore_ament_install'
[1.117s] Level 1:colcon.colcon_core.package_identification:_identify(src/car_model_urdf) by extensions ['colcon_pkg']
[1.117s] Level 1:colcon.colcon_core.package_identification:_identify(src/car_model_urdf) by extension 'colcon_pkg'
[1.118s] Level 1:colcon.colcon_core.package_identification:_identify(src/car_model_urdf) by extensions ['colcon_meta']
[1.118s] Level 1:colcon.colcon_core.package_identification:_identify(src/car_model_urdf) by extension 'colcon_meta'
[1.118s] Level 1:colcon.colcon_core.package_identification:_identify(src/car_model_urdf) by extensions ['ros']
[1.118s] Level 1:colcon.colcon_core.package_identification:_identify(src/car_model_urdf) by extension 'ros'
[1.123s] DEBUG:colcon.colcon_core.package_identification:Package 'src/car_model_urdf' with type 'ros.ament_cmake' and name 'car_model_urdf'
[1.124s] Level 1:colcon.colcon_core.package_identification:_identify(src/car_navigation) by extensions ['ignore', 'ignore_ament_install']
[1.124s] Level 1:colcon.colcon_core.package_identification:_identify(src/car_navigation) by extension 'ignore'
[1.125s] Level 1:colcon.colcon_core.package_identification:_identify(src/car_navigation) by extension 'ignore_ament_install'
[1.125s] Level 1:colcon.colcon_core.package_identification:_identify(src/car_navigation) by extensions ['colcon_pkg']
[1.125s] Level 1:colcon.colcon_core.package_identification:_identify(src/car_navigation) by extension 'colcon_pkg'
[1.125s] Level 1:colcon.colcon_core.package_identification:_identify(src/car_navigation) by extensions ['colcon_meta']
[1.126s] Level 1:colcon.colcon_core.package_identification:_identify(src/car_navigation) by extension 'colcon_meta'
[1.126s] Level 1:colcon.colcon_core.package_identification:_identify(src/car_navigation) by extensions ['ros']
[1.126s] Level 1:colcon.colcon_core.package_identification:_identify(src/car_navigation) by extension 'ros'
[1.130s] DEBUG:colcon.colcon_core.package_identification:Package 'src/car_navigation' with type 'ros.ament_cmake' and name 'car_navigation'
[1.131s] Level 1:colcon.colcon_core.package_identification:_identify(src/ydlidar_ros2_driver-humble) by extensions ['ignore', 'ignore_ament_install']
[1.132s] Level 1:colcon.colcon_core.package_identification:_identify(src/ydlidar_ros2_driver-humble) by extension 'ignore'
[1.132s] Level 1:colcon.colcon_core.package_identification:_identify(src/ydlidar_ros2_driver-humble) by extension 'ignore_ament_install'
[1.132s] Level 1:colcon.colcon_core.package_identification:_identify(src/ydlidar_ros2_driver-humble) by extensions ['colcon_pkg']
[1.132s] Level 1:colcon.colcon_core.package_identification:_identify(src/ydlidar_ros2_driver-humble) by extension 'colcon_pkg'
[1.133s] Level 1:colcon.colcon_core.package_identification:_identify(src/ydlidar_ros2_driver-humble) by extensions ['colcon_meta']
[1.133s] Level 1:colcon.colcon_core.package_identification:_identify(src/ydlidar_ros2_driver-humble) by extension 'colcon_meta'
[1.133s] Level 1:colcon.colcon_core.package_identification:_identify(src/ydlidar_ros2_driver-humble) by extensions ['ros']
[1.133s] Level 1:colcon.colcon_core.package_identification:_identify(src/ydlidar_ros2_driver-humble) by extension 'ros'
[1.138s] DEBUG:colcon.colcon_core.package_identification:Package 'src/ydlidar_ros2_driver-humble' with type 'ros.ament_cmake' and name 'ydlidar_ros2_driver'
[1.138s] Level 1:colcon.colcon_core.package_discovery:discover_packages(recursive) using defaults
[1.139s] Level 1:colcon.colcon_core.package_discovery:discover_packages(ignore) discover
[1.139s] Level 1:colcon.colcon_core.package_discovery:discover_packages(ignore) using defaults
[1.139s] Level 1:colcon.colcon_core.package_discovery:discover_packages(path) discover
[1.139s] Level 1:colcon.colcon_core.package_discovery:discover_packages(path) using defaults
[1.275s] Level 1:colcon.colcon_core.package_discovery:discover_packages(prefix_path) check parameters
[1.275s] Level 1:colcon.colcon_core.package_discovery:discover_packages(prefix_path) discover
[1.292s] DEBUG:colcon.colcon_installed_package_information.package_discovery:Found 363 installed packages in /opt/ros/humble
[1.308s] Level 1:colcon.colcon_core.package_discovery:discover_packages(prefix_path) using defaults
[1.671s] Level 5:colcon.colcon_core.verb:set package 'car_base_driver' build argument 'cmake_args' from command line to 'None'
[1.672s] Level 5:colcon.colcon_core.verb:set package 'car_base_driver' build argument 'cmake_target' from command line to 'None'
[1.672s] Level 5:colcon.colcon_core.verb:set package 'car_base_driver' build argument 'cmake_target_skip_unavailable' from command line to 'False'
[1.672s] Level 5:colcon.colcon_core.verb:set package 'car_base_driver' build argument 'cmake_clean_cache' from command line to 'False'
[1.672s] Level 5:colcon.colcon_core.verb:set package 'car_base_driver' build argument 'cmake_clean_first' from command line to 'False'
[1.672s] Level 5:colcon.colcon_core.verb:set package 'car_base_driver' build argument 'cmake_force_configure' from command line to 'False'
[1.672s] Level 5:colcon.colcon_core.verb:set package 'car_base_driver' build argument 'ament_cmake_args' from command line to 'None'
[1.672s] Level 5:colcon.colcon_core.verb:set package 'car_base_driver' build argument 'catkin_cmake_args' from command line to 'None'
[1.673s] Level 5:colcon.colcon_core.verb:set package 'car_base_driver' build argument 'catkin_skip_building_tests' from command line to 'False'
[1.673s] DEBUG:colcon.colcon_core.verb:Building package 'car_base_driver' with the following arguments: {'ament_cmake_args': None, 'build_base': '/home/sunrise/Robot_Car/build/car_base_driver', 'catkin_cmake_args': None, 'catkin_skip_building_tests': False, 'cmake_args': None, 'cmake_clean_cache': False, 'cmake_clean_first': False, 'cmake_force_configure': False, 'cmake_target': None, 'cmake_target_skip_unavailable': False, 'install_base': '/home/sunrise/Robot_Car/install/car_base_driver', 'merge_install': False, 'path': '/home/sunrise/Robot_Car/src/car_base_driver', 'symlink_install': False, 'test_result_base': None}
[1.676s] Level 5:colcon.colcon_core.verb:set package 'car_control_tools' build argument 'cmake_args' from command line to 'None'
[1.676s] Level 5:colcon.colcon_core.verb:set package 'car_control_tools' build argument 'cmake_target' from command line to 'None'
[1.676s] Level 5:colcon.colcon_core.verb:set package 'car_control_tools' build argument 'cmake_target_skip_unavailable' from command line to 'False'
[1.676s] Level 5:colcon.colcon_core.verb:set package 'car_control_tools' build argument 'cmake_clean_cache' from command line to 'False'
[1.676s] Level 5:colcon.colcon_core.verb:set package 'car_control_tools' build argument 'cmake_clean_first' from command line to 'False'
[1.677s] Level 5:colcon.colcon_core.verb:set package 'car_control_tools' build argument 'cmake_force_configure' from command line to 'False'
[1.677s] Level 5:colcon.colcon_core.verb:set package 'car_control_tools' build argument 'ament_cmake_args' from command line to 'None'
[1.677s] Level 5:colcon.colcon_core.verb:set package 'car_control_tools' build argument 'catkin_cmake_args' from command line to 'None'
[1.677s] Level 5:colcon.colcon_core.verb:set package 'car_control_tools' build argument 'catkin_skip_building_tests' from command line to 'False'
[1.677s] DEBUG:colcon.colcon_core.verb:Building package 'car_control_tools' with the following arguments: {'ament_cmake_args': None, 'build_base': '/home/sunrise/Robot_Car/build/car_control_tools', 'catkin_cmake_args': None, 'catkin_skip_building_tests': False, 'cmake_args': None, 'cmake_clean_cache': False, 'cmake_clean_first': False, 'cmake_force_configure': False, 'cmake_target': None, 'cmake_target_skip_unavailable': False, 'install_base': '/home/sunrise/Robot_Car/install/car_control_tools', 'merge_install': False, 'path': '/home/sunrise/Robot_Car/src/car_control_tools', 'symlink_install': False, 'test_result_base': None}
[1.680s] Level 5:colcon.colcon_core.verb:set package 'car_model_urdf' build argument 'cmake_args' from command line to 'None'
[1.680s] Level 5:colcon.colcon_core.verb:set package 'car_model_urdf' build argument 'cmake_target' from command line to 'None'
[1.680s] Level 5:colcon.colcon_core.verb:set package 'car_model_urdf' build argument 'cmake_target_skip_unavailable' from command line to 'False'
[1.681s] Level 5:colcon.colcon_core.verb:set package 'car_model_urdf' build argument 'cmake_clean_cache' from command line to 'False'
[1.681s] Level 5:colcon.colcon_core.verb:set package 'car_model_urdf' build argument 'cmake_clean_first' from command line to 'False'
[1.681s] Level 5:colcon.colcon_core.verb:set package 'car_model_urdf' build argument 'cmake_force_configure' from command line to 'False'
[1.681s] Level 5:colcon.colcon_core.verb:set package 'car_model_urdf' build argument 'ament_cmake_args' from command line to 'None'
[1.681s] Level 5:colcon.colcon_core.verb:set package 'car_model_urdf' build argument 'catkin_cmake_args' from command line to 'None'
[1.681s] Level 5:colcon.colcon_core.verb:set package 'car_model_urdf' build argument 'catkin_skip_building_tests' from command line to 'False'
[1.682s] DEBUG:colcon.colcon_core.verb:Building package 'car_model_urdf' with the following arguments: {'ament_cmake_args': None, 'build_base': '/home/sunrise/Robot_Car/build/car_model_urdf', 'catkin_cmake_args': None, 'catkin_skip_building_tests': False, 'cmake_args': None, 'cmake_clean_cache': False, 'cmake_clean_first': False, 'cmake_force_configure': False, 'cmake_target': None, 'cmake_target_skip_unavailable': False, 'install_base': '/home/sunrise/Robot_Car/install/car_model_urdf', 'merge_install': False, 'path': '/home/sunrise/Robot_Car/src/car_model_urdf', 'symlink_install': False, 'test_result_base': None}
[1.684s] Level 5:colcon.colcon_core.verb:set package 'ydlidar_ros2_driver' build argument 'cmake_args' from command line to 'None'
[1.685s] Level 5:colcon.colcon_core.verb:set package 'ydlidar_ros2_driver' build argument 'cmake_target' from command line to 'None'
[1.685s] Level 5:colcon.colcon_core.verb:set package 'ydlidar_ros2_driver' build argument 'cmake_target_skip_unavailable' from command line to 'False'
[1.685s] Level 5:colcon.colcon_core.verb:set package 'ydlidar_ros2_driver' build argument 'cmake_clean_cache' from command line to 'False'
[1.685s] Level 5:colcon.colcon_core.verb:set package 'ydlidar_ros2_driver' build argument 'cmake_clean_first' from command line to 'False'
[1.686s] Level 5:colcon.colcon_core.verb:set package 'ydlidar_ros2_driver' build argument 'cmake_force_configure' from command line to 'False'
[1.686s] Level 5:colcon.colcon_core.verb:set package 'ydlidar_ros2_driver' build argument 'ament_cmake_args' from command line to 'None'
[1.686s] Level 5:colcon.colcon_core.verb:set package 'ydlidar_ros2_driver' build argument 'catkin_cmake_args' from command line to 'None'
[1.686s] Level 5:colcon.colcon_core.verb:set package 'ydlidar_ros2_driver' build argument 'catkin_skip_building_tests' from command line to 'False'
[1.686s] DEBUG:colcon.colcon_core.verb:Building package 'ydlidar_ros2_driver' with the following arguments: {'ament_cmake_args': None, 'build_base': '/home/sunrise/Robot_Car/build/ydlidar_ros2_driver', 'catkin_cmake_args': None, 'catkin_skip_building_tests': False, 'cmake_args': None, 'cmake_clean_cache': False, 'cmake_clean_first': False, 'cmake_force_configure': False, 'cmake_target': None, 'cmake_target_skip_unavailable': False, 'install_base': '/home/sunrise/Robot_Car/install/ydlidar_ros2_driver', 'merge_install': False, 'path': '/home/sunrise/Robot_Car/src/ydlidar_ros2_driver-humble', 'symlink_install': False, 'test_result_base': None}
[1.689s] Level 5:colcon.colcon_core.verb:set package 'car_navigation' build argument 'cmake_args' from command line to 'None'
[1.689s] Level 5:colcon.colcon_core.verb:set package 'car_navigation' build argument 'cmake_target' from command line to 'None'
[1.689s] Level 5:colcon.colcon_core.verb:set package 'car_navigation' build argument 'cmake_target_skip_unavailable' from command line to 'False'
[1.690s] Level 5:colcon.colcon_core.verb:set package 'car_navigation' build argument 'cmake_clean_cache' from command line to 'False'
[1.690s] Level 5:colcon.colcon_core.verb:set package 'car_navigation' build argument 'cmake_clean_first' from command line to 'False'
[1.690s] Level 5:colcon.colcon_core.verb:set package 'car_navigation' build argument 'cmake_force_configure' from command line to 'False'
[1.690s] Level 5:colcon.colcon_core.verb:set package 'car_navigation' build argument 'ament_cmake_args' from command line to 'None'
[1.690s] Level 5:colcon.colcon_core.verb:set package 'car_navigation' build argument 'catkin_cmake_args' from command line to 'None'
[1.690s] Level 5:colcon.colcon_core.verb:set package 'car_navigation' build argument 'catkin_skip_building_tests' from command line to 'False'
[1.691s] DEBUG:colcon.colcon_core.verb:Building package 'car_navigation' with the following arguments: {'ament_cmake_args': None, 'build_base': '/home/sunrise/Robot_Car/build/car_navigation', 'catkin_cmake_args': None, 'catkin_skip_building_tests': False, 'cmake_args': None, 'cmake_clean_cache': False, 'cmake_clean_first': False, 'cmake_force_configure': False, 'cmake_target': None, 'cmake_target_skip_unavailable': False, 'install_base': '/home/sunrise/Robot_Car/install/car_navigation', 'merge_install': False, 'path': '/home/sunrise/Robot_Car/src/car_navigation', 'symlink_install': False, 'test_result_base': None}
[1.692s] INFO:colcon.colcon_core.executor:Executing jobs using 'parallel' executor
[1.697s] DEBUG:colcon.colcon_parallel_executor.executor.parallel:run_until_complete
[1.698s] INFO:colcon.colcon_ros.task.ament_python.build:Building ROS package in '/home/sunrise/Robot_Car/src/car_base_driver' with build type 'ament_python'
[1.699s] Level 1:colcon.colcon_core.shell:create_environment_hook('car_base_driver', 'ament_prefix_path')
[1.712s] INFO:colcon.colcon_core.plugin_system:Skipping extension 'colcon_core.shell.bat': Not used on non-Windows systems
[1.715s] INFO:colcon.colcon_core.shell:Creating environment hook '/home/sunrise/Robot_Car/install/car_base_driver/share/car_base_driver/hook/ament_prefix_path.ps1'
[1.721s] INFO:colcon.colcon_core.shell:Creating environment descriptor '/home/sunrise/Robot_Car/install/car_base_driver/share/car_base_driver/hook/ament_prefix_path.dsv'
[1.724s] INFO:colcon.colcon_core.shell:Creating environment hook '/home/sunrise/Robot_Car/install/car_base_driver/share/car_base_driver/hook/ament_prefix_path.sh'
[1.730s] INFO:colcon.colcon_core.shell:Skip shell extension 'powershell' for command environment: Not usable outside of PowerShell
[1.730s] DEBUG:colcon.colcon_core.shell:Skip shell extension 'dsv' for command environment
[1.751s] INFO:colcon.colcon_ros.task.ament_cmake.build:Building ROS package in '/home/sunrise/Robot_Car/src/car_model_urdf' with build type 'ament_cmake'
[1.752s] INFO:colcon.colcon_cmake.task.cmake.build:Building CMake package in '/home/sunrise/Robot_Car/src/car_model_urdf'
[1.755s] INFO:colcon.colcon_core.shell:Skip shell extension 'powershell' for command environment: Not usable outside of PowerShell
[1.755s] DEBUG:colcon.colcon_core.shell:Skip shell extension 'dsv' for command environment
[1.776s] INFO:colcon.colcon_ros.task.ament_python.build:Building ROS package in '/home/sunrise/Robot_Car/src/car_control_tools' with build type 'ament_python'
[1.777s] Level 1:colcon.colcon_core.shell:create_environment_hook('car_control_tools', 'ament_prefix_path')
[1.780s] INFO:colcon.colcon_core.shell:Creating environment hook '/home/sunrise/Robot_Car/install/car_control_tools/share/car_control_tools/hook/ament_prefix_path.ps1'
[1.785s] INFO:colcon.colcon_core.shell:Creating environment descriptor '/home/sunrise/Robot_Car/install/car_control_tools/share/car_control_tools/hook/ament_prefix_path.dsv'
[1.789s] INFO:colcon.colcon_core.shell:Creating environment hook '/home/sunrise/Robot_Car/install/car_control_tools/share/car_control_tools/hook/ament_prefix_path.sh'
[1.795s] INFO:colcon.colcon_core.shell:Skip shell extension 'powershell' for command environment: Not usable outside of PowerShell
[1.796s] DEBUG:colcon.colcon_core.shell:Skip shell extension 'dsv' for command environment
[1.818s] INFO:colcon.colcon_ros.task.ament_cmake.build:Building ROS package in '/home/sunrise/Robot_Car/src/ydlidar_ros2_driver-humble' with build type 'ament_cmake'
[1.819s] INFO:colcon.colcon_cmake.task.cmake.build:Building CMake package in '/home/sunrise/Robot_Car/src/ydlidar_ros2_driver-humble'
[1.822s] INFO:colcon.colcon_core.shell:Skip shell extension 'powershell' for command environment: Not usable outside of PowerShell
[1.823s] DEBUG:colcon.colcon_core.shell:Skip shell extension 'dsv' for command environment
[3.433s] INFO:colcon.colcon_core.task.python.build:Building Python package in '/home/sunrise/Robot_Car/src/car_base_driver'
[3.434s] INFO:colcon.colcon_core.shell:Skip shell extension 'powershell' for command environment: Not usable outside of PowerShell
[3.435s] DEBUG:colcon.colcon_core.shell:Skip shell extension 'dsv' for command environment
[3.472s] DEBUG:colcon.colcon_core.event_handler.log_command:Invoking command in '/home/sunrise/Robot_Car/build/car_model_urdf': CMAKE_PREFIX_PATH=/opt/ros/humble /usr/bin/cmake --build /home/sunrise/Robot_Car/build/car_model_urdf -- -j4 -l4
[5.013s] INFO:colcon.colcon_core.task.python.build:Building Python package in '/home/sunrise/Robot_Car/src/car_control_tools'
[5.015s] INFO:colcon.colcon_core.shell:Skip shell extension 'powershell' for command environment: Not usable outside of PowerShell
[5.016s] DEBUG:colcon.colcon_core.shell:Skip shell extension 'dsv' for command environment
[5.050s] DEBUG:colcon.colcon_core.event_handler.log_command:Invoking command in '/home/sunrise/Robot_Car/build/ydlidar_ros2_driver': CMAKE_PREFIX_PATH=/opt/ros/humble /usr/bin/cmake --build /home/sunrise/Robot_Car/build/ydlidar_ros2_driver -- -j4 -l4
[5.097s] DEBUG:colcon.colcon_core.event_handler.log_command:Invoked command in '/home/sunrise/Robot_Car/build/car_model_urdf' returned '0': CMAKE_PREFIX_PATH=/opt/ros/humble /usr/bin/cmake --build /home/sunrise/Robot_Car/build/car_model_urdf -- -j4 -l4
[5.139s] DEBUG:colcon.colcon_core.event_handler.log_command:Invoking command in '/home/sunrise/Robot_Car/build/car_model_urdf': CMAKE_PREFIX_PATH=/opt/ros/humble /usr/bin/cmake --install /home/sunrise/Robot_Car/build/car_model_urdf
[5.249s] Level 1:colcon.colcon_core.environment:create_environment_scripts_only(car_model_urdf)
[5.266s] DEBUG:colcon.colcon_core.event_handler.log_command:Invoked command in '/home/sunrise/Robot_Car/build/car_model_urdf' returned '0': CMAKE_PREFIX_PATH=/opt/ros/humble /usr/bin/cmake --install /home/sunrise/Robot_Car/build/car_model_urdf
[5.282s] Level 1:colcon.colcon_core.environment:checking '/home/sunrise/Robot_Car/install/car_model_urdf' for CMake module files
[5.287s] Level 1:colcon.colcon_core.environment:checking '/home/sunrise/Robot_Car/install/car_model_urdf' for CMake config files
[5.288s] Level 1:colcon.colcon_core.shell:create_environment_hook('car_model_urdf', 'cmake_prefix_path')
[5.290s] INFO:colcon.colcon_core.shell:Creating environment hook '/home/sunrise/Robot_Car/install/car_model_urdf/share/car_model_urdf/hook/cmake_prefix_path.ps1'
[5.293s] INFO:colcon.colcon_core.shell:Creating environment descriptor '/home/sunrise/Robot_Car/install/car_model_urdf/share/car_model_urdf/hook/cmake_prefix_path.dsv'
[5.297s] INFO:colcon.colcon_core.shell:Creating environment hook '/home/sunrise/Robot_Car/install/car_model_urdf/share/car_model_urdf/hook/cmake_prefix_path.sh'
[5.303s] Level 1:colcon.colcon_core.environment:checking '/home/sunrise/Robot_Car/install/car_model_urdf/bin'
[5.304s] Level 1:colcon.colcon_core.environment:checking '/home/sunrise/Robot_Car/install/car_model_urdf/lib/pkgconfig/car_model_urdf.pc'
[5.306s] Level 1:colcon.colcon_core.environment:checking '/home/sunrise/Robot_Car/install/car_model_urdf/lib/python3.10/site-packages'
[5.310s] Level 1:colcon.colcon_core.environment:checking '/home/sunrise/Robot_Car/install/car_model_urdf/bin'
[5.313s] INFO:colcon.colcon_core.shell:Creating package script '/home/sunrise/Robot_Car/install/car_model_urdf/share/car_model_urdf/package.ps1'
[5.325s] INFO:colcon.colcon_core.shell:Creating package descriptor '/home/sunrise/Robot_Car/install/car_model_urdf/share/car_model_urdf/package.dsv'
[5.341s] INFO:colcon.colcon_core.shell:Creating package script '/home/sunrise/Robot_Car/install/car_model_urdf/share/car_model_urdf/package.sh'
[5.359s] INFO:colcon.colcon_core.shell:Creating package script '/home/sunrise/Robot_Car/install/car_model_urdf/share/car_model_urdf/package.bash'
[5.378s] INFO:colcon.colcon_core.shell:Creating package script '/home/sunrise/Robot_Car/install/car_model_urdf/share/car_model_urdf/package.zsh'
[5.385s] Level 1:colcon.colcon_core.environment:create_file_with_runtime_dependencies(/home/sunrise/Robot_Car/install/car_model_urdf/share/colcon-core/packages/car_model_urdf)
[5.393s] Level 1:colcon.colcon_core.environment:create_environment_scripts_only(car_model_urdf)
[5.395s] Level 1:colcon.colcon_core.environment:checking '/home/sunrise/Robot_Car/install/car_model_urdf' for CMake module files
[5.399s] Level 1:colcon.colcon_core.environment:checking '/home/sunrise/Robot_Car/install/car_model_urdf' for CMake config files
[5.400s] Level 1:colcon.colcon_core.shell:create_environment_hook('car_model_urdf', 'cmake_prefix_path')
[5.403s] INFO:colcon.colcon_core.shell:Creating environment hook '/home/sunrise/Robot_Car/install/car_model_urdf/share/car_model_urdf/hook/cmake_prefix_path.ps1'
[5.407s] INFO:colcon.colcon_core.shell:Creating environment descriptor '/home/sunrise/Robot_Car/install/car_model_urdf/share/car_model_urdf/hook/cmake_prefix_path.dsv'
[5.411s] INFO:colcon.colcon_core.shell:Creating environment hook '/home/sunrise/Robot_Car/install/car_model_urdf/share/car_model_urdf/hook/cmake_prefix_path.sh'
[5.419s] Level 1:colcon.colcon_core.environment:checking '/home/sunrise/Robot_Car/install/car_model_urdf/bin'
[5.420s] Level 1:colcon.colcon_core.environment:checking '/home/sunrise/Robot_Car/install/car_model_urdf/lib/pkgconfig/car_model_urdf.pc'
[5.423s] Level 1:colcon.colcon_core.environment:checking '/home/sunrise/Robot_Car/install/car_model_urdf/lib/python3.10/site-packages'
[5.426s] Level 1:colcon.colcon_core.environment:checking '/home/sunrise/Robot_Car/install/car_model_urdf/bin'
[5.429s] INFO:colcon.colcon_core.shell:Creating package script '/home/sunrise/Robot_Car/install/car_model_urdf/share/car_model_urdf/package.ps1'
[5.436s] INFO:colcon.colcon_core.shell:Creating package descriptor '/home/sunrise/Robot_Car/install/car_model_urdf/share/car_model_urdf/package.dsv'
[5.445s] INFO:colcon.colcon_core.shell:Creating package script '/home/sunrise/Robot_Car/install/car_model_urdf/share/car_model_urdf/package.sh'
[5.450s] INFO:colcon.colcon_core.shell:Creating package script '/home/sunrise/Robot_Car/install/car_model_urdf/share/car_model_urdf/package.bash'
[5.457s] INFO:colcon.colcon_core.shell:Creating package script '/home/sunrise/Robot_Car/install/car_model_urdf/share/car_model_urdf/package.zsh'
[5.464s] Level 1:colcon.colcon_core.environment:create_file_with_runtime_dependencies(/home/sunrise/Robot_Car/install/car_model_urdf/share/colcon-core/packages/car_model_urdf)
[5.589s] DEBUG:colcon.colcon_core.event_handler.log_command:Invoked command in '/home/sunrise/Robot_Car/build/ydlidar_ros2_driver' returned '0': CMAKE_PREFIX_PATH=/opt/ros/humble /usr/bin/cmake --build /home/sunrise/Robot_Car/build/ydlidar_ros2_driver -- -j4 -l4
[5.596s] DEBUG:colcon.colcon_core.event_handler.log_command:Invoking command in '/home/sunrise/Robot_Car/build/ydlidar_ros2_driver': CMAKE_PREFIX_PATH=/opt/ros/humble /usr/bin/cmake --install /home/sunrise/Robot_Car/build/ydlidar_ros2_driver
[5.685s] Level 1:colcon.colcon_core.environment:create_environment_scripts_only(ydlidar_ros2_driver)
[5.688s] Level 1:colcon.colcon_core.environment:checking '/home/sunrise/Robot_Car/install/ydlidar_ros2_driver' for CMake module files
[5.692s] Level 1:colcon.colcon_core.environment:checking '/home/sunrise/Robot_Car/install/ydlidar_ros2_driver' for CMake config files
[5.694s] Level 1:colcon.colcon_core.shell:create_environment_hook('ydlidar_ros2_driver', 'cmake_prefix_path')
[5.696s] INFO:colcon.colcon_core.shell:Creating environment hook '/home/sunrise/Robot_Car/install/ydlidar_ros2_driver/share/ydlidar_ros2_driver/hook/cmake_prefix_path.ps1'
[5.704s] INFO:colcon.colcon_core.shell:Creating environment descriptor '/home/sunrise/Robot_Car/install/ydlidar_ros2_driver/share/ydlidar_ros2_driver/hook/cmake_prefix_path.dsv'
[5.707s] INFO:colcon.colcon_core.shell:Creating environment hook '/home/sunrise/Robot_Car/install/ydlidar_ros2_driver/share/ydlidar_ros2_driver/hook/cmake_prefix_path.sh'
[5.713s] Level 1:colcon.colcon_core.environment:checking '/home/sunrise/Robot_Car/install/ydlidar_ros2_driver/lib'
[5.715s] Level 1:colcon.colcon_core.environment:checking '/home/sunrise/Robot_Car/install/ydlidar_ros2_driver/bin'
[5.716s] Level 1:colcon.colcon_core.environment:checking '/home/sunrise/Robot_Car/install/ydlidar_ros2_driver/lib/pkgconfig/ydlidar_ros2_driver.pc'
[5.719s] Level 1:colcon.colcon_core.environment:checking '/home/sunrise/Robot_Car/install/ydlidar_ros2_driver/lib/python3.10/site-packages'
[5.722s] Level 1:colcon.colcon_core.environment:checking '/home/sunrise/Robot_Car/install/ydlidar_ros2_driver/bin'
[5.725s] INFO:colcon.colcon_core.shell:Creating package script '/home/sunrise/Robot_Car/install/ydlidar_ros2_driver/share/ydlidar_ros2_driver/package.ps1'
[5.731s] INFO:colcon.colcon_core.shell:Creating package descriptor '/home/sunrise/Robot_Car/install/ydlidar_ros2_driver/share/ydlidar_ros2_driver/package.dsv'
[5.737s] INFO:colcon.colcon_core.shell:Creating package script '/home/sunrise/Robot_Car/install/ydlidar_ros2_driver/share/ydlidar_ros2_driver/package.sh'
[5.742s] INFO:colcon.colcon_core.shell:Creating package script '/home/sunrise/Robot_Car/install/ydlidar_ros2_driver/share/ydlidar_ros2_driver/package.bash'
[5.748s] INFO:colcon.colcon_core.shell:Creating package script '/home/sunrise/Robot_Car/install/ydlidar_ros2_driver/share/ydlidar_ros2_driver/package.zsh'
[5.753s] Level 1:colcon.colcon_core.environment:create_file_with_runtime_dependencies(/home/sunrise/Robot_Car/install/ydlidar_ros2_driver/share/colcon-core/packages/ydlidar_ros2_driver)
[5.760s] Level 1:colcon.colcon_core.environment:create_environment_scripts_only(ydlidar_ros2_driver)
[5.762s] Level 1:colcon.colcon_core.environment:checking '/home/sunrise/Robot_Car/install/ydlidar_ros2_driver' for CMake module files
[5.769s] DEBUG:colcon.colcon_core.event_handler.log_command:Invoked command in '/home/sunrise/Robot_Car/build/ydlidar_ros2_driver' returned '0': CMAKE_PREFIX_PATH=/opt/ros/humble /usr/bin/cmake --install /home/sunrise/Robot_Car/build/ydlidar_ros2_driver
[5.771s] Level 1:colcon.colcon_core.environment:checking '/home/sunrise/Robot_Car/install/ydlidar_ros2_driver' for CMake config files
[5.772s] Level 1:colcon.colcon_core.shell:create_environment_hook('ydlidar_ros2_driver', 'cmake_prefix_path')
[5.775s] INFO:colcon.colcon_core.shell:Creating environment hook '/home/sunrise/Robot_Car/install/ydlidar_ros2_driver/share/ydlidar_ros2_driver/hook/cmake_prefix_path.ps1'
[5.778s] INFO:colcon.colcon_core.shell:Creating environment descriptor '/home/sunrise/Robot_Car/install/ydlidar_ros2_driver/share/ydlidar_ros2_driver/hook/cmake_prefix_path.dsv'
[5.783s] INFO:colcon.colcon_core.shell:Creating environment hook '/home/sunrise/Robot_Car/install/ydlidar_ros2_driver/share/ydlidar_ros2_driver/hook/cmake_prefix_path.sh'
[5.792s] Level 1:colcon.colcon_core.environment:checking '/home/sunrise/Robot_Car/install/ydlidar_ros2_driver/lib'
[5.793s] Level 1:colcon.colcon_core.environment:checking '/home/sunrise/Robot_Car/install/ydlidar_ros2_driver/bin'
[5.793s] Level 1:colcon.colcon_core.environment:checking '/home/sunrise/Robot_Car/install/ydlidar_ros2_driver/lib/pkgconfig/ydlidar_ros2_driver.pc'
[5.795s] Level 1:colcon.colcon_core.environment:checking '/home/sunrise/Robot_Car/install/ydlidar_ros2_driver/lib/python3.10/site-packages'
[5.798s] Level 1:colcon.colcon_core.environment:checking '/home/sunrise/Robot_Car/install/ydlidar_ros2_driver/bin'
[5.802s] INFO:colcon.colcon_core.shell:Creating package script '/home/sunrise/Robot_Car/install/ydlidar_ros2_driver/share/ydlidar_ros2_driver/package.ps1'
[5.807s] INFO:colcon.colcon_core.shell:Creating package descriptor '/home/sunrise/Robot_Car/install/ydlidar_ros2_driver/share/ydlidar_ros2_driver/package.dsv'
[5.810s] INFO:colcon.colcon_core.shell:Creating package script '/home/sunrise/Robot_Car/install/ydlidar_ros2_driver/share/ydlidar_ros2_driver/package.sh'
[5.814s] INFO:colcon.colcon_core.shell:Creating package script '/home/sunrise/Robot_Car/install/ydlidar_ros2_driver/share/ydlidar_ros2_driver/package.bash'
[5.817s] INFO:colcon.colcon_core.shell:Creating package script '/home/sunrise/Robot_Car/install/ydlidar_ros2_driver/share/ydlidar_ros2_driver/package.zsh'
[5.820s] Level 1:colcon.colcon_core.environment:create_file_with_runtime_dependencies(/home/sunrise/Robot_Car/install/ydlidar_ros2_driver/share/colcon-core/packages/ydlidar_ros2_driver)
[8.939s] DEBUG:colcon.colcon_core.event_handler.log_command:Invoking command in '/home/sunrise/Robot_Car/src/car_base_driver': PYTHONPATH=/home/sunrise/Robot_Car/build/car_base_driver/prefix_override:/usr/lib/python3/dist-packages/colcon_core/task/python/colcon_distutils_commands:/home/sunrise/Robot_Car/install/car_base_driver/lib/python3.10/site-packages:${PYTHONPATH} /usr/bin/python3 -W ignore:setup.py install is deprecated -W ignore:easy_install command is deprecated setup.py egg_info --egg-base ../../build/car_base_driver build --build-base /home/sunrise/Robot_Car/build/car_base_driver/build install --record /home/sunrise/Robot_Car/build/car_base_driver/install.log --single-version-externally-managed install_data
[9.034s] DEBUG:colcon.colcon_core.event_handler.log_command:Invoking command in '/home/sunrise/Robot_Car/src/car_control_tools': PYTHONPATH=/home/sunrise/Robot_Car/build/car_control_tools/prefix_override:/usr/lib/python3/dist-packages/colcon_core/task/python/colcon_distutils_commands:/home/sunrise/Robot_Car/install/car_control_tools/lib/python3.10/site-packages:${PYTHONPATH} /usr/bin/python3 -W ignore:setup.py install is deprecated -W ignore:easy_install command is deprecated setup.py egg_info --egg-base ../../build/car_control_tools build --build-base /home/sunrise/Robot_Car/build/car_control_tools/build install --record /home/sunrise/Robot_Car/build/car_control_tools/install.log --single-version-externally-managed install_data
[12.552s] Level 1:colcon.colcon_core.environment:checking '/home/sunrise/Robot_Car/install/car_base_driver' for CMake module files
[12.556s] DEBUG:colcon.colcon_core.event_handler.log_command:Invoked command in '/home/sunrise/Robot_Car/src/car_base_driver' returned '0': PYTHONPATH=/home/sunrise/Robot_Car/build/car_base_driver/prefix_override:/usr/lib/python3/dist-packages/colcon_core/task/python/colcon_distutils_commands:/home/sunrise/Robot_Car/install/car_base_driver/lib/python3.10/site-packages:${PYTHONPATH} /usr/bin/python3 -W ignore:setup.py install is deprecated -W ignore:easy_install command is deprecated setup.py egg_info --egg-base ../../build/car_base_driver build --build-base /home/sunrise/Robot_Car/build/car_base_driver/build install --record /home/sunrise/Robot_Car/build/car_base_driver/install.log --single-version-externally-managed install_data
[12.558s] Level 1:colcon.colcon_core.environment:checking '/home/sunrise/Robot_Car/install/car_base_driver' for CMake config files
[12.562s] Level 1:colcon.colcon_core.environment:checking '/home/sunrise/Robot_Car/install/car_base_driver/lib'
[12.563s] Level 1:colcon.colcon_core.environment:checking '/home/sunrise/Robot_Car/install/car_base_driver/bin'
[12.564s] Level 1:colcon.colcon_core.environment:checking '/home/sunrise/Robot_Car/install/car_base_driver/lib/pkgconfig/car_base_driver.pc'
[12.566s] Level 1:colcon.colcon_core.environment:checking '/home/sunrise/Robot_Car/install/car_base_driver/lib/python3.10/site-packages'
[12.566s] Level 1:colcon.colcon_core.shell:create_environment_hook('car_base_driver', 'pythonpath')
[12.568s] INFO:colcon.colcon_core.shell:Creating environment hook '/home/sunrise/Robot_Car/install/car_base_driver/share/car_base_driver/hook/pythonpath.ps1'
[12.572s] INFO:colcon.colcon_core.shell:Creating environment descriptor '/home/sunrise/Robot_Car/install/car_base_driver/share/car_base_driver/hook/pythonpath.dsv'
[12.575s] INFO:colcon.colcon_core.shell:Creating environment hook '/home/sunrise/Robot_Car/install/car_base_driver/share/car_base_driver/hook/pythonpath.sh'
[12.581s] Level 1:colcon.colcon_core.environment:checking '/home/sunrise/Robot_Car/install/car_base_driver/bin'
[12.582s] Level 1:colcon.colcon_core.environment:create_environment_scripts_only(car_base_driver)
[12.584s] INFO:colcon.colcon_core.shell:Creating package script '/home/sunrise/Robot_Car/install/car_base_driver/share/car_base_driver/package.ps1'
[12.593s] INFO:colcon.colcon_core.shell:Creating package descriptor '/home/sunrise/Robot_Car/install/car_base_driver/share/car_base_driver/package.dsv'
[12.597s] INFO:colcon.colcon_core.shell:Creating package script '/home/sunrise/Robot_Car/install/car_base_driver/share/car_base_driver/package.sh'
[12.600s] INFO:colcon.colcon_core.shell:Creating package script '/home/sunrise/Robot_Car/install/car_base_driver/share/car_base_driver/package.bash'
[12.602s] INFO:colcon.colcon_core.shell:Creating package script '/home/sunrise/Robot_Car/install/car_base_driver/share/car_base_driver/package.zsh'
[12.604s] Level 1:colcon.colcon_core.environment:create_file_with_runtime_dependencies(/home/sunrise/Robot_Car/install/car_base_driver/share/colcon-core/packages/car_base_driver)
[12.607s] INFO:colcon.colcon_ros.task.ament_cmake.build:Building ROS package in '/home/sunrise/Robot_Car/src/car_navigation' with build type 'ament_cmake'
[12.608s] INFO:colcon.colcon_cmake.task.cmake.build:Building CMake package in '/home/sunrise/Robot_Car/src/car_navigation'
[12.610s] INFO:colcon.colcon_core.shell:Skip shell extension 'powershell' for command environment: Not usable outside of PowerShell
[12.610s] DEBUG:colcon.colcon_core.shell:Skip shell extension 'dsv' for command environment
[12.639s] Level 1:colcon.colcon_core.environment:checking '/home/sunrise/Robot_Car/install/car_control_tools' for CMake module files
[12.644s] DEBUG:colcon.colcon_core.event_handler.log_command:Invoked command in '/home/sunrise/Robot_Car/src/car_control_tools' returned '0': PYTHONPATH=/home/sunrise/Robot_Car/build/car_control_tools/prefix_override:/usr/lib/python3/dist-packages/colcon_core/task/python/colcon_distutils_commands:/home/sunrise/Robot_Car/install/car_control_tools/lib/python3.10/site-packages:${PYTHONPATH} /usr/bin/python3 -W ignore:setup.py install is deprecated -W ignore:easy_install command is deprecated setup.py egg_info --egg-base ../../build/car_control_tools build --build-base /home/sunrise/Robot_Car/build/car_control_tools/build install --record /home/sunrise/Robot_Car/build/car_control_tools/install.log --single-version-externally-managed install_data
[12.647s] Level 1:colcon.colcon_core.environment:checking '/home/sunrise/Robot_Car/install/car_control_tools' for CMake config files
[12.652s] Level 1:colcon.colcon_core.environment:checking '/home/sunrise/Robot_Car/install/car_control_tools/lib'
[12.653s] Level 1:colcon.colcon_core.environment:checking '/home/sunrise/Robot_Car/install/car_control_tools/bin'
[12.654s] Level 1:colcon.colcon_core.environment:checking '/home/sunrise/Robot_Car/install/car_control_tools/lib/pkgconfig/car_control_tools.pc'
[12.657s] Level 1:colcon.colcon_core.environment:checking '/home/sunrise/Robot_Car/install/car_control_tools/lib/python3.10/site-packages'
[12.659s] Level 1:colcon.colcon_core.shell:create_environment_hook('car_control_tools', 'pythonpath')
[12.660s] INFO:colcon.colcon_core.shell:Creating environment hook '/home/sunrise/Robot_Car/install/car_control_tools/share/car_control_tools/hook/pythonpath.ps1'
[12.665s] INFO:colcon.colcon_core.shell:Creating environment descriptor '/home/sunrise/Robot_Car/install/car_control_tools/share/car_control_tools/hook/pythonpath.dsv'
[12.668s] INFO:colcon.colcon_core.shell:Creating environment hook '/home/sunrise/Robot_Car/install/car_control_tools/share/car_control_tools/hook/pythonpath.sh'
[12.674s] Level 1:colcon.colcon_core.environment:checking '/home/sunrise/Robot_Car/install/car_control_tools/bin'
[12.675s] Level 1:colcon.colcon_core.environment:create_environment_scripts_only(car_control_tools)
[12.677s] INFO:colcon.colcon_core.shell:Creating package script '/home/sunrise/Robot_Car/install/car_control_tools/share/car_control_tools/package.ps1'
[12.682s] INFO:colcon.colcon_core.shell:Creating package descriptor '/home/sunrise/Robot_Car/install/car_control_tools/share/car_control_tools/package.dsv'
[12.688s] INFO:colcon.colcon_core.shell:Creating package script '/home/sunrise/Robot_Car/install/car_control_tools/share/car_control_tools/package.sh'
[12.695s] INFO:colcon.colcon_core.shell:Creating package script '/home/sunrise/Robot_Car/install/car_control_tools/share/car_control_tools/package.bash'
[12.698s] INFO:colcon.colcon_core.shell:Creating package script '/home/sunrise/Robot_Car/install/car_control_tools/share/car_control_tools/package.zsh'
[12.702s] Level 1:colcon.colcon_core.environment:create_file_with_runtime_dependencies(/home/sunrise/Robot_Car/install/car_control_tools/share/colcon-core/packages/car_control_tools)
[12.735s] DEBUG:colcon.colcon_core.event_handler.log_command:Invoking command in '/home/sunrise/Robot_Car/build/car_navigation': AMENT_PREFIX_PATH=/home/sunrise/Robot_Car/install/car_model_urdf:/home/sunrise/Robot_Car/install/car_base_driver:${AMENT_PREFIX_PATH} CMAKE_PREFIX_PATH=/home/sunrise/Robot_Car/install/car_model_urdf:/opt/ros/humble PYTHONPATH=/home/sunrise/Robot_Car/install/car_base_driver/lib/python3.10/site-packages:${PYTHONPATH} /usr/bin/cmake --build /home/sunrise/Robot_Car/build/car_navigation -- -j4 -l4
[12.880s] DEBUG:colcon.colcon_core.event_handler.log_command:Invoked command in '/home/sunrise/Robot_Car/build/car_navigation' returned '0': AMENT_PREFIX_PATH=/home/sunrise/Robot_Car/install/car_model_urdf:/home/sunrise/Robot_Car/install/car_base_driver:${AMENT_PREFIX_PATH} CMAKE_PREFIX_PATH=/home/sunrise/Robot_Car/install/car_model_urdf:/opt/ros/humble PYTHONPATH=/home/sunrise/Robot_Car/install/car_base_driver/lib/python3.10/site-packages:${PYTHONPATH} /usr/bin/cmake --build /home/sunrise/Robot_Car/build/car_navigation -- -j4 -l4
[12.887s] DEBUG:colcon.colcon_core.event_handler.log_command:Invoking command in '/home/sunrise/Robot_Car/build/car_navigation': AMENT_PREFIX_PATH=/home/sunrise/Robot_Car/install/car_model_urdf:/home/sunrise/Robot_Car/install/car_base_driver:${AMENT_PREFIX_PATH} CMAKE_PREFIX_PATH=/home/sunrise/Robot_Car/install/car_model_urdf:/opt/ros/humble PYTHONPATH=/home/sunrise/Robot_Car/install/car_base_driver/lib/python3.10/site-packages:${PYTHONPATH} /usr/bin/cmake --install /home/sunrise/Robot_Car/build/car_navigation
[12.930s] Level 1:colcon.colcon_core.environment:create_environment_scripts_only(car_navigation)
[12.932s] Level 1:colcon.colcon_core.environment:checking '/home/sunrise/Robot_Car/install/car_navigation' for CMake module files
[12.942s] Level 1:colcon.colcon_core.environment:checking '/home/sunrise/Robot_Car/install/car_navigation' for CMake config files
[12.943s] DEBUG:colcon.colcon_core.event_handler.log_command:Invoked command in '/home/sunrise/Robot_Car/build/car_navigation' returned '0': AMENT_PREFIX_PATH=/home/sunrise/Robot_Car/install/car_model_urdf:/home/sunrise/Robot_Car/install/car_base_driver:${AMENT_PREFIX_PATH} CMAKE_PREFIX_PATH=/home/sunrise/Robot_Car/install/car_model_urdf:/opt/ros/humble PYTHONPATH=/home/sunrise/Robot_Car/install/car_base_driver/lib/python3.10/site-packages:${PYTHONPATH} /usr/bin/cmake --install /home/sunrise/Robot_Car/build/car_navigation
[12.944s] Level 1:colcon.colcon_core.shell:create_environment_hook('car_navigation', 'cmake_prefix_path')
[12.946s] INFO:colcon.colcon_core.shell:Creating environment hook '/home/sunrise/Robot_Car/install/car_navigation/share/car_navigation/hook/cmake_prefix_path.ps1'
[12.948s] INFO:colcon.colcon_core.shell:Creating environment descriptor '/home/sunrise/Robot_Car/install/car_navigation/share/car_navigation/hook/cmake_prefix_path.dsv'
[12.951s] INFO:colcon.colcon_core.shell:Creating environment hook '/home/sunrise/Robot_Car/install/car_navigation/share/car_navigation/hook/cmake_prefix_path.sh'
[12.955s] Level 1:colcon.colcon_core.environment:checking '/home/sunrise/Robot_Car/install/car_navigation/bin'
[12.955s] Level 1:colcon.colcon_core.environment:checking '/home/sunrise/Robot_Car/install/car_navigation/lib/pkgconfig/car_navigation.pc'
[12.957s] Level 1:colcon.colcon_core.environment:checking '/home/sunrise/Robot_Car/install/car_navigation/lib/python3.10/site-packages'
[12.960s] Level 1:colcon.colcon_core.environment:checking '/home/sunrise/Robot_Car/install/car_navigation/bin'
[12.962s] INFO:colcon.colcon_core.shell:Creating package script '/home/sunrise/Robot_Car/install/car_navigation/share/car_navigation/package.ps1'
[12.966s] INFO:colcon.colcon_core.shell:Creating package descriptor '/home/sunrise/Robot_Car/install/car_navigation/share/car_navigation/package.dsv'
[12.969s] INFO:colcon.colcon_core.shell:Creating package script '/home/sunrise/Robot_Car/install/car_navigation/share/car_navigation/package.sh'
[12.972s] INFO:colcon.colcon_core.shell:Creating package script '/home/sunrise/Robot_Car/install/car_navigation/share/car_navigation/package.bash'
[12.974s] INFO:colcon.colcon_core.shell:Creating package script '/home/sunrise/Robot_Car/install/car_navigation/share/car_navigation/package.zsh'
[12.977s] Level 1:colcon.colcon_core.environment:create_file_with_runtime_dependencies(/home/sunrise/Robot_Car/install/car_navigation/share/colcon-core/packages/car_navigation)
[12.980s] Level 1:colcon.colcon_core.environment:create_environment_scripts_only(car_navigation)
[12.982s] Level 1:colcon.colcon_core.environment:checking '/home/sunrise/Robot_Car/install/car_navigation' for CMake module files
[12.985s] Level 1:colcon.colcon_core.environment:checking '/home/sunrise/Robot_Car/install/car_navigation' for CMake config files
[12.987s] Level 1:colcon.colcon_core.shell:create_environment_hook('car_navigation', 'cmake_prefix_path')
[12.990s] INFO:colcon.colcon_core.shell:Creating environment hook '/home/sunrise/Robot_Car/install/car_navigation/share/car_navigation/hook/cmake_prefix_path.ps1'
[12.994s] INFO:colcon.colcon_core.shell:Creating environment descriptor '/home/sunrise/Robot_Car/install/car_navigation/share/car_navigation/hook/cmake_prefix_path.dsv'
[12.997s] INFO:colcon.colcon_core.shell:Creating environment hook '/home/sunrise/Robot_Car/install/car_navigation/share/car_navigation/hook/cmake_prefix_path.sh'
[13.001s] Level 1:colcon.colcon_core.environment:checking '/home/sunrise/Robot_Car/install/car_navigation/bin'
[13.001s] Level 1:colcon.colcon_core.environment:checking '/home/sunrise/Robot_Car/install/car_navigation/lib/pkgconfig/car_navigation.pc'
[13.003s] Level 1:colcon.colcon_core.environment:checking '/home/sunrise/Robot_Car/install/car_navigation/lib/python3.10/site-packages'
[13.005s] Level 1:colcon.colcon_core.environment:checking '/home/sunrise/Robot_Car/install/car_navigation/bin'
[13.008s] INFO:colcon.colcon_core.shell:Creating package script '/home/sunrise/Robot_Car/install/car_navigation/share/car_navigation/package.ps1'
[13.012s] INFO:colcon.colcon_core.shell:Creating package descriptor '/home/sunrise/Robot_Car/install/car_navigation/share/car_navigation/package.dsv'
[13.015s] INFO:colcon.colcon_core.shell:Creating package script '/home/sunrise/Robot_Car/install/car_navigation/share/car_navigation/package.sh'
[13.020s] INFO:colcon.colcon_core.shell:Creating package script '/home/sunrise/Robot_Car/install/car_navigation/share/car_navigation/package.bash'
[13.023s] INFO:colcon.colcon_core.shell:Creating package script '/home/sunrise/Robot_Car/install/car_navigation/share/car_navigation/package.zsh'
[13.026s] Level 1:colcon.colcon_core.environment:create_file_with_runtime_dependencies(/home/sunrise/Robot_Car/install/car_navigation/share/colcon-core/packages/car_navigation)
[13.027s] DEBUG:colcon.colcon_parallel_executor.executor.parallel:closing loop
[13.029s] DEBUG:colcon.colcon_parallel_executor.executor.parallel:loop closed
[13.029s] DEBUG:colcon.colcon_parallel_executor.executor.parallel:run_until_complete finished with '0'
[13.030s] DEBUG:colcon.colcon_core.event_reactor:joining thread
[13.073s] INFO:colcon.colcon_core.plugin_system:Skipping extension 'colcon_notification.desktop_notification.notify_send': Could not find 'notify-send'
[13.074s] INFO:colcon.colcon_core.plugin_system:Skipping extension 'colcon_notification.desktop_notification.terminal_notifier': Not used on non-Darwin systems
[13.076s] INFO:colcon.colcon_core.plugin_system:Skipping extension 'colcon_notification.desktop_notification.win32': Not used on non-Windows systems
[13.077s] INFO:colcon.colcon_notification.desktop_notification:Sending desktop notification using 'notify2'
[13.106s] DEBUG:colcon.colcon_core.event_reactor:joined thread
[13.108s] INFO:colcon.colcon_core.shell:Creating prefix script '/home/sunrise/Robot_Car/install/local_setup.ps1'
[13.116s] INFO:colcon.colcon_core.shell:Creating prefix util module '/home/sunrise/Robot_Car/install/_local_setup_util_ps1.py'
[13.131s] INFO:colcon.colcon_core.shell:Creating prefix chain script '/home/sunrise/Robot_Car/install/setup.ps1'
[13.139s] INFO:colcon.colcon_core.shell:Creating prefix script '/home/sunrise/Robot_Car/install/local_setup.sh'
[13.143s] INFO:colcon.colcon_core.shell:Creating prefix util module '/home/sunrise/Robot_Car/install/_local_setup_util_sh.py'
[13.148s] INFO:colcon.colcon_core.shell:Creating prefix chain script '/home/sunrise/Robot_Car/install/setup.sh'
[13.157s] INFO:colcon.colcon_core.shell:Creating prefix script '/home/sunrise/Robot_Car/install/local_setup.bash'
[13.162s] INFO:colcon.colcon_core.shell:Creating prefix chain script '/home/sunrise/Robot_Car/install/setup.bash'
[13.169s] INFO:colcon.colcon_core.shell:Creating prefix script '/home/sunrise/Robot_Car/install/local_setup.zsh'
[13.173s] INFO:colcon.colcon_core.shell:Creating prefix chain script '/home/sunrise/Robot_Car/install/setup.zsh'
