[0.060s] Invoking command in '/home/sunrise/Robot_Car/build/openslam_gmapping': CMAKE_PREFIX_PATH=/opt/ros/humble /usr/bin/cmake /home/sunrise/Robot_Car/src/openslam_gmapping -DCMAKE_BUILD_TYPE=Release -DAMENT_CMAKE_SYMLINK_INSTALL=1 -DCMAKE_INSTALL_PREFIX=/home/sunrise/Robot_Car/install/openslam_gmapping
[0.638s] -- The C compiler identification is GNU 11.2.0
[1.183s] -- The CXX compiler identification is GNU 11.2.0
[1.223s] -- Detecting C compiler ABI info
[1.573s] -- Detecting C compiler ABI info - done
[1.626s] -- Check for working C compiler: /usr/bin/cc - skipped
[1.628s] -- Detecting C compile features
[1.631s] -- Detecting C compile features - done
[1.655s] -- Detecting CXX compiler ABI info
[2.043s] -- Detecting CXX compiler ABI info - done
[2.100s] -- Check for working CXX compiler: /usr/bin/c++ - skipped
[2.101s] -- Detecting CXX compile features
[2.104s] -- Detecting CXX compile features - done
[2.122s] -- Found ament_cmake: 1.3.12 (/opt/ros/humble/share/ament_cmake/cmake)
[4.690s] -- Found Python3: /usr/bin/python3 (found version "3.10.12") found components: Interpreter 
[5.157s] -- Override CMake install command with custom implementation using symlinks instead of copying resources
[5.833s] -- Configuring done
[5.905s] -- Generating done
[5.926s] -- Build files have been written to: /home/sunrise/Robot_Car/build/openslam_gmapping
[5.954s] Invoked command in '/home/sunrise/Robot_Car/build/openslam_gmapping' returned '0': CMAKE_PREFIX_PATH=/opt/ros/humble /usr/bin/cmake /home/sunrise/Robot_Car/src/openslam_gmapping -DCMAKE_BUILD_TYPE=Release -DAMENT_CMAKE_SYMLINK_INSTALL=1 -DCMAKE_INSTALL_PREFIX=/home/sunrise/Robot_Car/install/openslam_gmapping
[5.962s] Invoking command in '/home/sunrise/Robot_Car/build/openslam_gmapping': CMAKE_PREFIX_PATH=/opt/ros/humble /usr/bin/cmake --build /home/sunrise/Robot_Car/build/openslam_gmapping -- -j4 -l4
[6.134s] [  9%] [32mBuilding CXX object utils/CMakeFiles/utils.dir/movement.cpp.o[0m
[6.135s] [  9%] [32mBuilding CXX object sensor/sensor_base/CMakeFiles/sensor_base.dir/sensorreading.cpp.o[0m
[6.137s] [ 13%] [32mBuilding CXX object sensor/sensor_base/CMakeFiles/sensor_base.dir/sensor.cpp.o[0m
[6.138s] [ 18%] [32mBuilding CXX object utils/CMakeFiles/utils.dir/stat.cpp.o[0m
[8.015s] [ 22%] [32m[1mLinking CXX static library libsensor_base.a[0m
[8.150s] [ 22%] Built target sensor_base
[8.236s] [ 27%] [32mBuilding CXX object sensor/sensor_odometry/CMakeFiles/sensor_odometry.dir/odometryreading.cpp.o[0m
[8.284s] [ 31%] [32mBuilding CXX object sensor/sensor_range/CMakeFiles/sensor_range.dir/rangereading.cpp.o[0m
[8.937s] [ 36%] [32mBuilding CXX object sensor/sensor_range/CMakeFiles/sensor_range.dir/rangesensor.cpp.o[0m
[8.939s] [ 40%] [32m[1mLinking CXX static library libutils.a[0m
[9.087s] [ 40%] Built target utils
[9.131s] [ 45%] [32mBuilding CXX object sensor/sensor_odometry/CMakeFiles/sensor_odometry.dir/odometrysensor.cpp.o[0m
[11.115s] [ 50%] [32m[1mLinking CXX static library libsensor_odometry.a[0m
[11.263s] [ 50%] Built target sensor_odometry
[11.865s] [ 54%] [32m[1mLinking CXX static library libsensor_range.a[0m
[11.971s] [ 54%] Built target sensor_range
[12.103s] [ 63%] [32mBuilding CXX object scanmatcher/CMakeFiles/scanmatcher.dir/scanmatcherprocessor.cpp.o[0m
[12.104s] [ 63%] [32mBuilding CXX object scanmatcher/CMakeFiles/scanmatcher.dir/eig3.cpp.o[0m
[12.108s] [ 68%] [32mBuilding CXX object scanmatcher/CMakeFiles/scanmatcher.dir/smmap.cpp.o[0m
[12.111s] [ 72%] [32mBuilding CXX object scanmatcher/CMakeFiles/scanmatcher.dir/scanmatcher.cpp.o[0m
[21.237s] [ 77%] [32m[1mLinking CXX static library libscanmatcher.a[0m
[21.351s] [ 77%] Built target scanmatcher
[21.421s] [ 86%] [32mBuilding CXX object gridfastslam/CMakeFiles/gridfastslam.dir/gridslamprocessor.cpp.o[0m
[21.422s] [ 86%] [32mBuilding CXX object gridfastslam/CMakeFiles/gridfastslam.dir/gfsreader.cpp.o[0m
[21.424s] [ 95%] [32mBuilding CXX object gridfastslam/CMakeFiles/gridfastslam.dir/gridslamprocessor_tree.cpp.o[0m
[21.426s] [ 95%] [32mBuilding CXX object gridfastslam/CMakeFiles/gridfastslam.dir/motionmodel.cpp.o[0m
[33.989s] [100%] [32m[1mLinking CXX static library libgridfastslam.a[0m
[34.103s] [100%] Built target gridfastslam
[34.147s] Invoked command in '/home/sunrise/Robot_Car/build/openslam_gmapping' returned '0': CMAKE_PREFIX_PATH=/opt/ros/humble /usr/bin/cmake --build /home/sunrise/Robot_Car/build/openslam_gmapping -- -j4 -l4
[34.183s] Invoking command in '/home/sunrise/Robot_Car/build/openslam_gmapping': CMAKE_PREFIX_PATH=/opt/ros/humble /usr/bin/cmake --install /home/sunrise/Robot_Car/build/openslam_gmapping
[34.207s] -- Install configuration: "Release"
[34.209s] -- Execute custom install script
[34.211s] -- Symlinking: /home/sunrise/Robot_Car/install/openslam_gmapping/lib/libgridfastslam.a
[34.246s] -- Symlinking: /home/sunrise/Robot_Car/install/openslam_gmapping/lib/libscanmatcher.a
[34.275s] -- Symlinking: /home/sunrise/Robot_Car/install/openslam_gmapping/lib/libsensor_base.a
[34.304s] -- Symlinking: /home/sunrise/Robot_Car/install/openslam_gmapping/share/openslam_gmapping/environment/library_path.sh
[34.336s] -- Symlinking: /home/sunrise/Robot_Car/install/openslam_gmapping/share/openslam_gmapping/environment/library_path.dsv
[34.367s] -- Up-to-date symlink: /home/sunrise/Robot_Car/install/openslam_gmapping/share/openslam_gmapping/environment/library_path.sh
[34.368s] -- Up-to-date symlink: /home/sunrise/Robot_Car/install/openslam_gmapping/share/openslam_gmapping/environment/library_path.dsv
[34.369s] -- Symlinking: /home/sunrise/Robot_Car/install/openslam_gmapping/lib/libsensor_odometry.a
[34.399s] -- Symlinking: /home/sunrise/Robot_Car/install/openslam_gmapping/lib/libsensor_range.a
[34.430s] -- Symlinking: /home/sunrise/Robot_Car/install/openslam_gmapping/lib/libutils.a
[34.462s] -- Up-to-date symlink: /home/sunrise/Robot_Car/install/openslam_gmapping/share/openslam_gmapping/environment/library_path.sh
[34.463s] -- Up-to-date symlink: /home/sunrise/Robot_Car/install/openslam_gmapping/share/openslam_gmapping/environment/library_path.dsv
[34.464s] -- Up-to-date symlink: /home/sunrise/Robot_Car/install/openslam_gmapping/share/openslam_gmapping/environment/library_path.sh
[34.465s] -- Up-to-date symlink: /home/sunrise/Robot_Car/install/openslam_gmapping/share/openslam_gmapping/environment/library_path.dsv
[34.468s] -- Symlinking: /home/sunrise/Robot_Car/install/openslam_gmapping/include//gmapping/grid/accessstate.h
[34.496s] -- Symlinking: /home/sunrise/Robot_Car/install/openslam_gmapping/include//gmapping/grid/array2d.h
[34.525s] -- Symlinking: /home/sunrise/Robot_Car/install/openslam_gmapping/include//gmapping/grid/harray2d.h
[34.557s] -- Symlinking: /home/sunrise/Robot_Car/install/openslam_gmapping/include//gmapping/grid/map.h
[34.587s] -- Symlinking: /home/sunrise/Robot_Car/install/openslam_gmapping/include//gmapping/gridfastslam/gridslamprocessor.h
[34.615s] -- Symlinking: /home/sunrise/Robot_Car/install/openslam_gmapping/include//gmapping/gridfastslam/gridslamprocessor.hxx
[34.648s] -- Symlinking: /home/sunrise/Robot_Car/install/openslam_gmapping/include//gmapping/gridfastslam/motionmodel.h
[34.678s] -- Symlinking: /home/sunrise/Robot_Car/install/openslam_gmapping/include//gmapping/log/configuration.h
[34.706s] -- Symlinking: /home/sunrise/Robot_Car/install/openslam_gmapping/include//gmapping/log/sensorlog.h
[34.739s] -- Symlinking: /home/sunrise/Robot_Car/install/openslam_gmapping/include//gmapping/particlefilter/particlefilter.h
[34.769s] -- Symlinking: /home/sunrise/Robot_Car/install/openslam_gmapping/include//gmapping/scanmatcher/icp.h
[34.798s] -- Symlinking: /home/sunrise/Robot_Car/install/openslam_gmapping/include//gmapping/scanmatcher/scanmatcher.h
[34.828s] -- Symlinking: /home/sunrise/Robot_Car/install/openslam_gmapping/include//gmapping/scanmatcher/smmap.h
[34.858s] -- Symlinking: /home/sunrise/Robot_Car/install/openslam_gmapping/include//gmapping/sensor/sensor_base/sensor.h
[34.887s] -- Symlinking: /home/sunrise/Robot_Car/install/openslam_gmapping/include//gmapping/sensor/sensor_base/sensorreading.h
[34.916s] -- Symlinking: /home/sunrise/Robot_Car/install/openslam_gmapping/include//gmapping/sensor/sensor_odometry/odometryreading.h
[34.948s] -- Symlinking: /home/sunrise/Robot_Car/install/openslam_gmapping/include//gmapping/sensor/sensor_odometry/odometrysensor.h
[34.979s] -- Symlinking: /home/sunrise/Robot_Car/install/openslam_gmapping/include//gmapping/sensor/sensor_range/rangereading.h
[35.007s] -- Symlinking: /home/sunrise/Robot_Car/install/openslam_gmapping/include//gmapping/sensor/sensor_range/rangesensor.h
[35.040s] -- Symlinking: /home/sunrise/Robot_Car/install/openslam_gmapping/include//gmapping/utils/autoptr.h
[35.070s] -- Symlinking: /home/sunrise/Robot_Car/install/openslam_gmapping/include//gmapping/utils/commandline.h
[35.098s] -- Symlinking: /home/sunrise/Robot_Car/install/openslam_gmapping/include//gmapping/utils/gvalues.h
[35.129s] -- Symlinking: /home/sunrise/Robot_Car/install/openslam_gmapping/include//gmapping/utils/macro_params.h
[35.159s] -- Symlinking: /home/sunrise/Robot_Car/install/openslam_gmapping/include//gmapping/utils/point.h
[35.188s] -- Symlinking: /home/sunrise/Robot_Car/install/openslam_gmapping/include//gmapping/utils/stat.h
[35.217s] -- Symlinking: /home/sunrise/Robot_Car/install/openslam_gmapping/share/ament_index/resource_index/package_run_dependencies/openslam_gmapping
[35.250s] -- Symlinking: /home/sunrise/Robot_Car/install/openslam_gmapping/share/ament_index/resource_index/parent_prefix_path/openslam_gmapping
[35.280s] -- Symlinking: /home/sunrise/Robot_Car/install/openslam_gmapping/share/openslam_gmapping/environment/ament_prefix_path.sh
[35.309s] -- Symlinking: /home/sunrise/Robot_Car/install/openslam_gmapping/share/openslam_gmapping/environment/ament_prefix_path.dsv
[35.342s] -- Symlinking: /home/sunrise/Robot_Car/install/openslam_gmapping/share/openslam_gmapping/environment/path.sh
[35.372s] -- Symlinking: /home/sunrise/Robot_Car/install/openslam_gmapping/share/openslam_gmapping/environment/path.dsv
[35.401s] -- Symlinking: /home/sunrise/Robot_Car/install/openslam_gmapping/share/openslam_gmapping/local_setup.bash
[35.432s] -- Symlinking: /home/sunrise/Robot_Car/install/openslam_gmapping/share/openslam_gmapping/local_setup.sh
[35.464s] -- Symlinking: /home/sunrise/Robot_Car/install/openslam_gmapping/share/openslam_gmapping/local_setup.zsh
[35.493s] -- Symlinking: /home/sunrise/Robot_Car/install/openslam_gmapping/share/openslam_gmapping/local_setup.dsv
[35.522s] -- Symlinking: /home/sunrise/Robot_Car/install/openslam_gmapping/share/openslam_gmapping/package.dsv
[35.555s] -- Symlinking: /home/sunrise/Robot_Car/install/openslam_gmapping/share/ament_index/resource_index/packages/openslam_gmapping
[35.585s] -- Symlinking: /home/sunrise/Robot_Car/install/openslam_gmapping/share/openslam_gmapping/cmake/ament_cmake_export_libraries-extras.cmake
[35.614s] -- Symlinking: /home/sunrise/Robot_Car/install/openslam_gmapping/share/openslam_gmapping/cmake/ament_cmake_export_include_directories-extras.cmake
[35.647s] -- Symlinking: /home/sunrise/Robot_Car/install/openslam_gmapping/share/openslam_gmapping/cmake/openslam_gmappingConfig.cmake
[35.676s] -- Symlinking: /home/sunrise/Robot_Car/install/openslam_gmapping/share/openslam_gmapping/cmake/openslam_gmappingConfig-version.cmake
[35.707s] -- Symlinking: /home/sunrise/Robot_Car/install/openslam_gmapping/share/openslam_gmapping/package.xml
[35.749s] Invoked command in '/home/sunrise/Robot_Car/build/openslam_gmapping' returned '0': CMAKE_PREFIX_PATH=/opt/ros/humble /usr/bin/cmake --install /home/sunrise/Robot_Car/build/openslam_gmapping
