[10.372s] Invoking command in '/home/sunrise/Robot_Car/src/car_base_driver': PYTHONPATH=/home/sunrise/Robot_Car/build/car_base_driver/prefix_override:/usr/lib/python3/dist-packages/colcon_core/task/python/colcon_distutils_commands:/home/sunrise/Robot_Car/install/car_base_driver/lib/python3.10/site-packages:${PYTHONPATH} /usr/bin/python3 -W ignore:setup.py install is deprecated -W ignore:easy_install command is deprecated setup.py egg_info --egg-base ../../build/car_base_driver build --build-base /home/sunrise/Robot_Car/build/car_base_driver/build install --record /home/sunrise/Robot_Car/build/car_base_driver/install.log --single-version-externally-managed install_data
[12.039s] /usr/local/lib/python3.10/dist-packages/setuptools/_distutils/dist.py:289: UserWarning: Unknown distribution option: 'tests_require'
[12.041s]   warnings.warn(msg)
[13.479s] running egg_info
[13.717s] writing ../../build/car_base_driver/car_base_driver.egg-info/PKG-INFO
[13.720s] writing dependency_links to ../../build/car_base_driver/car_base_driver.egg-info/dependency_links.txt
[13.722s] writing entry points to ../../build/car_base_driver/car_base_driver.egg-info/entry_points.txt
[13.727s] writing requirements to ../../build/car_base_driver/car_base_driver.egg-info/requires.txt
[13.728s] writing top-level names to ../../build/car_base_driver/car_base_driver.egg-info/top_level.txt
[14.183s] reading manifest file '../../build/car_base_driver/car_base_driver.egg-info/SOURCES.txt'
[14.195s] writing manifest file '../../build/car_base_driver/car_base_driver.egg-info/SOURCES.txt'
[14.198s] running build
[14.199s] running build_py
[14.205s] copying car_base_driver/__init__.py -> /home/sunrise/Robot_Car/build/car_base_driver/build/lib/car_base_driver
[14.206s] copying car_base_driver/kinematics.py -> /home/sunrise/Robot_Car/build/car_base_driver/build/lib/car_base_driver
[14.207s] copying car_base_driver/serial_driver.py -> /home/sunrise/Robot_Car/build/car_base_driver/build/lib/car_base_driver
[14.207s] running install
[14.251s] running install_lib
[14.482s] running install_data
[14.484s] copying resource/car_base_driver -> /home/sunrise/Robot_Car/install/car_base_driver/share/ament_index/resource_index/packages
[14.486s] copying package.xml -> /home/sunrise/Robot_Car/install/car_base_driver/share/car_base_driver
[14.488s] copying launch/base_driver.launch.py -> /home/sunrise/Robot_Car/install/car_base_driver/share/car_base_driver/launch
[14.490s] copying config/base_driver.yaml -> /home/sunrise/Robot_Car/install/car_base_driver/share/car_base_driver/config
[14.492s] running install_egg_info
[14.725s] removing '/home/sunrise/Robot_Car/install/car_base_driver/lib/python3.10/site-packages/car_base_driver-0.0.1-py3.10.egg-info' (and everything under it)
[14.727s] Copying ../../build/car_base_driver/car_base_driver.egg-info to /home/sunrise/Robot_Car/install/car_base_driver/lib/python3.10/site-packages/car_base_driver-0.0.1-py3.10.egg-info
[14.738s] running install_scripts
[15.214s] Installing serial_driver script to /home/sunrise/Robot_Car/install/car_base_driver/lib/car_base_driver
[15.219s] writing list of installed files to '/home/sunrise/Robot_Car/build/car_base_driver/install.log'
[15.507s] Invoked command in '/home/sunrise/Robot_Car/src/car_base_driver' returned '0': PYTHONPATH=/home/sunrise/Robot_Car/build/car_base_driver/prefix_override:/usr/lib/python3/dist-packages/colcon_core/task/python/colcon_distutils_commands:/home/sunrise/Robot_Car/install/car_base_driver/lib/python3.10/site-packages:${PYTHONPATH} /usr/bin/python3 -W ignore:setup.py install is deprecated -W ignore:easy_install command is deprecated setup.py egg_info --egg-base ../../build/car_base_driver build --build-base /home/sunrise/Robot_Car/build/car_base_driver/build install --record /home/sunrise/Robot_Car/build/car_base_driver/install.log --single-version-externally-managed install_data
