[2.473s] Invoking command in '/home/sunrise/Robot_Car/build/openslam_gmapping': CMAKE_PREFIX_PATH=/opt/ros/humble /usr/bin/cmake --build /home/sunrise/Robot_Car/build/openslam_gmapping -- -j4 -l4
[3.439s] [ 13%] Built target utils
[3.944s] [ 27%] Built target sensor_base
[3.968s] [ 40%] Built target sensor_range
[4.422s] [ 54%] Built target sensor_odometry
[4.792s] [ 77%] Built target scanmatcher
[5.045s] [100%] Built target gridfastslam
[8.097s] Invoked command in '/home/sunrise/Robot_Car/build/openslam_gmapping' returned '0': CMAKE_PREFIX_PATH=/opt/ros/humble /usr/bin/cmake --build /home/sunrise/Robot_Car/build/openslam_gmapping -- -j4 -l4
[8.107s] Invoking command in '/home/sunrise/Robot_Car/build/openslam_gmapping': CMAKE_PREFIX_PATH=/opt/ros/humble /usr/bin/cmake --install /home/sunrise/Robot_Car/build/openslam_gmapping
[8.187s] -- Install configuration: "Release"
[8.195s] -- Execute custom install script
[8.206s] -- Up-to-date symlink: /home/sunrise/Robot_Car/install/openslam_gmapping/lib/libgridfastslam.a
[8.211s] -- Up-to-date symlink: /home/sunrise/Robot_Car/install/openslam_gmapping/lib/libscanmatcher.a
[8.215s] -- Up-to-date symlink: /home/sunrise/Robot_Car/install/openslam_gmapping/lib/libsensor_base.a
[8.219s] -- Up-to-date symlink: /home/sunrise/Robot_Car/install/openslam_gmapping/share/openslam_gmapping/environment/library_path.sh
[8.223s] -- Up-to-date symlink: /home/sunrise/Robot_Car/install/openslam_gmapping/share/openslam_gmapping/environment/library_path.dsv
[8.230s] -- Up-to-date symlink: /home/sunrise/Robot_Car/install/openslam_gmapping/share/openslam_gmapping/environment/library_path.sh
[8.235s] -- Up-to-date symlink: /home/sunrise/Robot_Car/install/openslam_gmapping/share/openslam_gmapping/environment/library_path.dsv
[8.240s] -- Up-to-date symlink: /home/sunrise/Robot_Car/install/openslam_gmapping/lib/libsensor_odometry.a
[8.255s] -- Up-to-date symlink: /home/sunrise/Robot_Car/install/openslam_gmapping/lib/libsensor_range.a
[8.259s] -- Up-to-date symlink: /home/sunrise/Robot_Car/install/openslam_gmapping/lib/libutils.a
[8.262s] -- Up-to-date symlink: /home/sunrise/Robot_Car/install/openslam_gmapping/share/openslam_gmapping/environment/library_path.sh
[8.265s] -- Up-to-date symlink: /home/sunrise/Robot_Car/install/openslam_gmapping/share/openslam_gmapping/environment/library_path.dsv
[8.268s] -- Up-to-date symlink: /home/sunrise/Robot_Car/install/openslam_gmapping/share/openslam_gmapping/environment/library_path.sh
[8.273s] -- Up-to-date symlink: /home/sunrise/Robot_Car/install/openslam_gmapping/share/openslam_gmapping/environment/library_path.dsv
[8.281s] -- Up-to-date symlink: /home/sunrise/Robot_Car/install/openslam_gmapping/include//gmapping/grid/accessstate.h
[8.284s] -- Up-to-date symlink: /home/sunrise/Robot_Car/install/openslam_gmapping/include//gmapping/grid/array2d.h
[8.287s] -- Up-to-date symlink: /home/sunrise/Robot_Car/install/openslam_gmapping/include//gmapping/grid/harray2d.h
[8.289s] -- Up-to-date symlink: /home/sunrise/Robot_Car/install/openslam_gmapping/include//gmapping/grid/map.h
[8.292s] -- Up-to-date symlink: /home/sunrise/Robot_Car/install/openslam_gmapping/include//gmapping/gridfastslam/gridslamprocessor.h
[8.296s] -- Up-to-date symlink: /home/sunrise/Robot_Car/install/openslam_gmapping/include//gmapping/gridfastslam/gridslamprocessor.hxx
[8.309s] -- Up-to-date symlink: /home/sunrise/Robot_Car/install/openslam_gmapping/include//gmapping/gridfastslam/motionmodel.h
[8.313s] -- Up-to-date symlink: /home/sunrise/Robot_Car/install/openslam_gmapping/include//gmapping/log/configuration.h
[8.319s] -- Up-to-date symlink: /home/sunrise/Robot_Car/install/openslam_gmapping/include//gmapping/log/sensorlog.h
[8.328s] -- Up-to-date symlink: /home/sunrise/Robot_Car/install/openslam_gmapping/include//gmapping/particlefilter/particlefilter.h
[8.335s] -- Up-to-date symlink: /home/sunrise/Robot_Car/install/openslam_gmapping/include//gmapping/scanmatcher/icp.h
[8.338s] -- Up-to-date symlink: /home/sunrise/Robot_Car/install/openslam_gmapping/include//gmapping/scanmatcher/scanmatcher.h
[8.346s] -- Up-to-date symlink: /home/sunrise/Robot_Car/install/openslam_gmapping/include//gmapping/scanmatcher/smmap.h
[8.349s] -- Up-to-date symlink: /home/sunrise/Robot_Car/install/openslam_gmapping/include//gmapping/sensor/sensor_base/sensor.h
[8.352s] -- Up-to-date symlink: /home/sunrise/Robot_Car/install/openslam_gmapping/include//gmapping/sensor/sensor_base/sensorreading.h
[8.357s] -- Up-to-date symlink: /home/sunrise/Robot_Car/install/openslam_gmapping/include//gmapping/sensor/sensor_odometry/odometryreading.h
[8.366s] -- Up-to-date symlink: /home/sunrise/Robot_Car/install/openslam_gmapping/include//gmapping/sensor/sensor_odometry/odometrysensor.h
[8.369s] -- Up-to-date symlink: /home/sunrise/Robot_Car/install/openslam_gmapping/include//gmapping/sensor/sensor_range/rangereading.h
[8.371s] -- Up-to-date symlink: /home/sunrise/Robot_Car/install/openslam_gmapping/include//gmapping/sensor/sensor_range/rangesensor.h
[8.374s] -- Up-to-date symlink: /home/sunrise/Robot_Car/install/openslam_gmapping/include//gmapping/utils/autoptr.h
[8.377s] -- Up-to-date symlink: /home/sunrise/Robot_Car/install/openslam_gmapping/include//gmapping/utils/commandline.h
[8.382s] -- Up-to-date symlink: /home/sunrise/Robot_Car/install/openslam_gmapping/include//gmapping/utils/gvalues.h
[8.393s] -- Up-to-date symlink: /home/sunrise/Robot_Car/install/openslam_gmapping/include//gmapping/utils/macro_params.h
[8.396s] -- Up-to-date symlink: /home/sunrise/Robot_Car/install/openslam_gmapping/include//gmapping/utils/point.h
[8.403s] -- Up-to-date symlink: /home/sunrise/Robot_Car/install/openslam_gmapping/include//gmapping/utils/stat.h
[8.406s] -- Up-to-date symlink: /home/sunrise/Robot_Car/install/openslam_gmapping/share/ament_index/resource_index/package_run_dependencies/openslam_gmapping
[8.407s] -- Up-to-date symlink: /home/sunrise/Robot_Car/install/openslam_gmapping/share/ament_index/resource_index/parent_prefix_path/openslam_gmapping
[8.410s] -- Up-to-date symlink: /home/sunrise/Robot_Car/install/openslam_gmapping/share/openslam_gmapping/environment/ament_prefix_path.sh
[8.422s] -- Up-to-date symlink: /home/sunrise/Robot_Car/install/openslam_gmapping/share/openslam_gmapping/environment/ament_prefix_path.dsv
[8.423s] -- Up-to-date symlink: /home/sunrise/Robot_Car/install/openslam_gmapping/share/openslam_gmapping/environment/path.sh
[8.426s] -- Up-to-date symlink: /home/sunrise/Robot_Car/install/openslam_gmapping/share/openslam_gmapping/environment/path.dsv
[8.429s] -- Up-to-date symlink: /home/sunrise/Robot_Car/install/openslam_gmapping/share/openslam_gmapping/local_setup.bash
[8.437s] -- Up-to-date symlink: /home/sunrise/Robot_Car/install/openslam_gmapping/share/openslam_gmapping/local_setup.sh
[8.440s] -- Up-to-date symlink: /home/sunrise/Robot_Car/install/openslam_gmapping/share/openslam_gmapping/local_setup.zsh
[8.443s] -- Up-to-date symlink: /home/sunrise/Robot_Car/install/openslam_gmapping/share/openslam_gmapping/local_setup.dsv
[8.454s] -- Symlinking: /home/sunrise/Robot_Car/install/openslam_gmapping/share/openslam_gmapping/package.dsv
[8.525s] -- Up-to-date symlink: /home/sunrise/Robot_Car/install/openslam_gmapping/share/ament_index/resource_index/packages/openslam_gmapping
[8.536s] -- Up-to-date symlink: /home/sunrise/Robot_Car/install/openslam_gmapping/share/openslam_gmapping/cmake/ament_cmake_export_libraries-extras.cmake
[8.541s] -- Up-to-date symlink: /home/sunrise/Robot_Car/install/openslam_gmapping/share/openslam_gmapping/cmake/ament_cmake_export_include_directories-extras.cmake
[8.546s] -- Up-to-date symlink: /home/sunrise/Robot_Car/install/openslam_gmapping/share/openslam_gmapping/cmake/openslam_gmappingConfig.cmake
[8.553s] -- Up-to-date symlink: /home/sunrise/Robot_Car/install/openslam_gmapping/share/openslam_gmapping/cmake/openslam_gmappingConfig-version.cmake
[8.558s] -- Up-to-date symlink: /home/sunrise/Robot_Car/install/openslam_gmapping/share/openslam_gmapping/package.xml
[8.601s] Invoked command in '/home/sunrise/Robot_Car/build/openslam_gmapping' returned '0': CMAKE_PREFIX_PATH=/opt/ros/humble /usr/bin/cmake --install /home/sunrise/Robot_Car/build/openslam_gmapping
