[0.120s] Invoking command in '/home/sunrise/Robot_Car/build/slam_gmapping': AMENT_PREFIX_PATH=/home/sunrise/Robot_Car/install/openslam_gmapping:${AMENT_PREFIX_PATH} CMAKE_PREFIX_PATH=/home/sunrise/Robot_Car/install/openslam_gmapping:/opt/ros/humble LD_LIBRARY_PATH=/home/sunrise/Robot_Car/install/openslam_gmapping/lib:${LD_LIBRARY_PATH} /usr/bin/cmake --build /home/sunrise/Robot_Car/build/slam_gmapping -- -j4 -l4
[0.841s] [100%] Built target slam_gmapping
[0.972s] Invoked command in '/home/sunrise/Robot_Car/build/slam_gmapping' returned '0': AMENT_PREFIX_PATH=/home/sunrise/Robot_Car/install/openslam_gmapping:${AMENT_PREFIX_PATH} CMAKE_PREFIX_PATH=/home/sunrise/Robot_Car/install/openslam_gmapping:/opt/ros/humble LD_LIBRARY_PATH=/home/sunrise/Robot_Car/install/openslam_gmapping/lib:${LD_LIBRARY_PATH} /usr/bin/cmake --build /home/sunrise/Robot_Car/build/slam_gmapping -- -j4 -l4
[1.000s] Invoking command in '/home/sunrise/Robot_Car/build/slam_gmapping': AMENT_PREFIX_PATH=/home/sunrise/Robot_Car/install/openslam_gmapping:${AMENT_PREFIX_PATH} CMAKE_PREFIX_PATH=/home/sunrise/Robot_Car/install/openslam_gmapping:/opt/ros/humble LD_LIBRARY_PATH=/home/sunrise/Robot_Car/install/openslam_gmapping/lib:${LD_LIBRARY_PATH} /usr/bin/cmake --install /home/sunrise/Robot_Car/build/slam_gmapping
[1.075s] -- Install configuration: "Release"
[1.083s] -- Execute custom install script
[1.089s] -- Up-to-date symlink: /home/sunrise/Robot_Car/install/slam_gmapping/lib/slam_gmapping/slam_gmapping
[1.090s] -- Up-to-date symlink: /home/sunrise/Robot_Car/install/slam_gmapping/share/slam_gmapping/launch/slam_gmapping.launch.py
[1.096s] -- Up-to-date symlink: /home/sunrise/Robot_Car/install/slam_gmapping/share/ament_index/resource_index/package_run_dependencies/slam_gmapping
[1.098s] -- Up-to-date symlink: /home/sunrise/Robot_Car/install/slam_gmapping/share/ament_index/resource_index/parent_prefix_path/slam_gmapping
[1.109s] -- Up-to-date symlink: /home/sunrise/Robot_Car/install/slam_gmapping/share/slam_gmapping/environment/ament_prefix_path.sh
[1.110s] -- Up-to-date symlink: /home/sunrise/Robot_Car/install/slam_gmapping/share/slam_gmapping/environment/ament_prefix_path.dsv
[1.111s] -- Up-to-date symlink: /home/sunrise/Robot_Car/install/slam_gmapping/share/slam_gmapping/environment/path.sh
[1.116s] -- Up-to-date symlink: /home/sunrise/Robot_Car/install/slam_gmapping/share/slam_gmapping/environment/path.dsv
[1.118s] -- Up-to-date symlink: /home/sunrise/Robot_Car/install/slam_gmapping/share/slam_gmapping/local_setup.bash
[1.119s] -- Up-to-date symlink: /home/sunrise/Robot_Car/install/slam_gmapping/share/slam_gmapping/local_setup.sh
[1.122s] -- Up-to-date symlink: /home/sunrise/Robot_Car/install/slam_gmapping/share/slam_gmapping/local_setup.zsh
[1.128s] -- Up-to-date symlink: /home/sunrise/Robot_Car/install/slam_gmapping/share/slam_gmapping/local_setup.dsv
[1.129s] -- Symlinking: /home/sunrise/Robot_Car/install/slam_gmapping/share/slam_gmapping/package.dsv
[1.223s] -- Up-to-date symlink: /home/sunrise/Robot_Car/install/slam_gmapping/share/ament_index/resource_index/packages/slam_gmapping
[1.228s] -- Up-to-date symlink: /home/sunrise/Robot_Car/install/slam_gmapping/share/slam_gmapping/cmake/slam_gmappingConfig.cmake
[1.229s] -- Up-to-date symlink: /home/sunrise/Robot_Car/install/slam_gmapping/share/slam_gmapping/cmake/slam_gmappingConfig-version.cmake
[1.230s] -- Up-to-date symlink: /home/sunrise/Robot_Car/install/slam_gmapping/share/slam_gmapping/package.xml
[1.257s] Invoked command in '/home/sunrise/Robot_Car/build/slam_gmapping' returned '0': AMENT_PREFIX_PATH=/home/sunrise/Robot_Car/install/openslam_gmapping:${AMENT_PREFIX_PATH} CMAKE_PREFIX_PATH=/home/sunrise/Robot_Car/install/openslam_gmapping:/opt/ros/humble LD_LIBRARY_PATH=/home/sunrise/Robot_Car/install/openslam_gmapping/lib:${LD_LIBRARY_PATH} /usr/bin/cmake --install /home/sunrise/Robot_Car/build/slam_gmapping
