[7.500s] Invoking command in '/home/sunrise/Robot_Car/src/car_base_driver': PYTHONPATH=/home/sunrise/Robot_Car/build/car_base_driver/prefix_override:/usr/lib/python3/dist-packages/colcon_core/task/python/colcon_distutils_commands:/home/sunrise/Robot_Car/install/car_base_driver/lib/python3.10/site-packages:${PYTHONPATH} /usr/bin/python3 -W ignore:setup.py install is deprecated -W ignore:easy_install command is deprecated setup.py egg_info --egg-base ../../build/car_base_driver build --build-base /home/sunrise/Robot_Car/build/car_base_driver/build install --record /home/sunrise/Robot_Car/build/car_base_driver/install.log --single-version-externally-managed install_data
[8.756s] /usr/local/lib/python3.10/dist-packages/setuptools/_distutils/dist.py:289: UserWarning: Unknown distribution option: 'tests_require'
[8.757s]   warnings.warn(msg)
[9.718s] running egg_info
[9.891s] writing ../../build/car_base_driver/car_base_driver.egg-info/PKG-INFO
[9.895s] writing dependency_links to ../../build/car_base_driver/car_base_driver.egg-info/dependency_links.txt
[9.897s] writing entry points to ../../build/car_base_driver/car_base_driver.egg-info/entry_points.txt
[9.899s] writing requirements to ../../build/car_base_driver/car_base_driver.egg-info/requires.txt
[9.900s] writing top-level names to ../../build/car_base_driver/car_base_driver.egg-info/top_level.txt
[10.219s] reading manifest file '../../build/car_base_driver/car_base_driver.egg-info/SOURCES.txt'
[10.230s] writing manifest file '../../build/car_base_driver/car_base_driver.egg-info/SOURCES.txt'
[10.231s] running build
[10.234s] running build_py
[10.247s] copying car_base_driver/__init__.py -> /home/sunrise/Robot_Car/build/car_base_driver/build/lib/car_base_driver
[10.248s] copying car_base_driver/kinematics.py -> /home/sunrise/Robot_Car/build/car_base_driver/build/lib/car_base_driver
[10.250s] copying car_base_driver/serial_driver.py -> /home/sunrise/Robot_Car/build/car_base_driver/build/lib/car_base_driver
[10.251s] running install
[10.282s] running install_lib
[10.431s] running install_data
[10.433s] copying resource/car_base_driver -> /home/sunrise/Robot_Car/install/car_base_driver/share/ament_index/resource_index/packages
[10.446s] copying package.xml -> /home/sunrise/Robot_Car/install/car_base_driver/share/car_base_driver
[10.454s] copying launch/base_driver.launch.py -> /home/sunrise/Robot_Car/install/car_base_driver/share/car_base_driver/launch
[10.456s] copying config/base_driver.yaml -> /home/sunrise/Robot_Car/install/car_base_driver/share/car_base_driver/config
[10.457s] running install_egg_info
[10.610s] removing '/home/sunrise/Robot_Car/install/car_base_driver/lib/python3.10/site-packages/car_base_driver-0.0.1-py3.10.egg-info' (and everything under it)
[10.612s] Copying ../../build/car_base_driver/car_base_driver.egg-info to /home/sunrise/Robot_Car/install/car_base_driver/lib/python3.10/site-packages/car_base_driver-0.0.1-py3.10.egg-info
[10.618s] running install_scripts
[10.939s] Installing serial_driver script to /home/sunrise/Robot_Car/install/car_base_driver/lib/car_base_driver
[10.947s] writing list of installed files to '/home/sunrise/Robot_Car/build/car_base_driver/install.log'
[11.198s] Invoked command in '/home/sunrise/Robot_Car/src/car_base_driver' returned '0': PYTHONPATH=/home/sunrise/Robot_Car/build/car_base_driver/prefix_override:/usr/lib/python3/dist-packages/colcon_core/task/python/colcon_distutils_commands:/home/sunrise/Robot_Car/install/car_base_driver/lib/python3.10/site-packages:${PYTHONPATH} /usr/bin/python3 -W ignore:setup.py install is deprecated -W ignore:easy_install command is deprecated setup.py egg_info --egg-base ../../build/car_base_driver build --build-base /home/sunrise/Robot_Car/build/car_base_driver/build install --record /home/sunrise/Robot_Car/build/car_base_driver/install.log --single-version-externally-managed install_data
