/usr/local/lib/python3.10/dist-packages/setuptools/_distutils/dist.py:289: UserWarning: Unknown distribution option: 'tests_require'
  warnings.warn(msg)
running egg_info
writing ../../build/car_base_driver/car_base_driver.egg-info/PKG-INFO
writing dependency_links to ../../build/car_base_driver/car_base_driver.egg-info/dependency_links.txt
writing entry points to ../../build/car_base_driver/car_base_driver.egg-info/entry_points.txt
writing requirements to ../../build/car_base_driver/car_base_driver.egg-info/requires.txt
writing top-level names to ../../build/car_base_driver/car_base_driver.egg-info/top_level.txt
reading manifest file '../../build/car_base_driver/car_base_driver.egg-info/SOURCES.txt'
writing manifest file '../../build/car_base_driver/car_base_driver.egg-info/SOURCES.txt'
running build
running build_py
copying car_base_driver/__init__.py -> /home/sunrise/Robot_Car/build/car_base_driver/build/lib/car_base_driver
copying car_base_driver/kinematics.py -> /home/sunrise/Robot_Car/build/car_base_driver/build/lib/car_base_driver
copying car_base_driver/serial_driver.py -> /home/sunrise/Robot_Car/build/car_base_driver/build/lib/car_base_driver
running install
running install_lib
copying /home/sunrise/Robot_Car/build/car_base_driver/build/lib/car_base_driver/serial_driver.py -> /home/sunrise/Robot_Car/install/car_base_driver/lib/python3.10/site-packages/car_base_driver
byte-compiling /home/sunrise/Robot_Car/install/car_base_driver/lib/python3.10/site-packages/car_base_driver/serial_driver.py to serial_driver.cpython-310.pyc
running install_data
copying resource/car_base_driver -> /home/sunrise/Robot_Car/install/car_base_driver/share/ament_index/resource_index/packages
copying package.xml -> /home/sunrise/Robot_Car/install/car_base_driver/share/car_base_driver
copying launch/base_driver.launch.py -> /home/sunrise/Robot_Car/install/car_base_driver/share/car_base_driver/launch
copying config/base_driver.yaml -> /home/sunrise/Robot_Car/install/car_base_driver/share/car_base_driver/config
running install_egg_info
removing '/home/sunrise/Robot_Car/install/car_base_driver/lib/python3.10/site-packages/car_base_driver-0.0.1-py3.10.egg-info' (and everything under it)
Copying ../../build/car_base_driver/car_base_driver.egg-info to /home/sunrise/Robot_Car/install/car_base_driver/lib/python3.10/site-packages/car_base_driver-0.0.1-py3.10.egg-info
running install_scripts
Installing serial_driver script to /home/sunrise/Robot_Car/install/car_base_driver/lib/car_base_driver
writing list of installed files to '/home/sunrise/Robot_Car/build/car_base_driver/install.log'
