[9.093s] Invoking command in '/home/sunrise/Robot_Car/src/car_base_driver': PYTHONPATH=/home/sunrise/Robot_Car/build/car_base_driver/prefix_override:/usr/lib/python3/dist-packages/colcon_core/task/python/colcon_distutils_commands:/home/sunrise/Robot_Car/install/car_base_driver/lib/python3.10/site-packages:${PYTHONPATH} /usr/bin/python3 -W ignore:setup.py install is deprecated -W ignore:easy_install command is deprecated setup.py egg_info --egg-base ../../build/car_base_driver build --build-base /home/sunrise/Robot_Car/build/car_base_driver/build install --record /home/sunrise/Robot_Car/build/car_base_driver/install.log --single-version-externally-managed install_data
[10.541s] /usr/local/lib/python3.10/dist-packages/setuptools/_distutils/dist.py:289: UserWarning: Unknown distribution option: 'tests_require'
[10.542s]   warnings.warn(msg)
[11.818s] running egg_info
[12.009s] writing ../../build/car_base_driver/car_base_driver.egg-info/PKG-INFO
[12.013s] writing dependency_links to ../../build/car_base_driver/car_base_driver.egg-info/dependency_links.txt
[12.015s] writing entry points to ../../build/car_base_driver/car_base_driver.egg-info/entry_points.txt
[12.017s] writing requirements to ../../build/car_base_driver/car_base_driver.egg-info/requires.txt
[12.020s] writing top-level names to ../../build/car_base_driver/car_base_driver.egg-info/top_level.txt
[12.497s] reading manifest file '../../build/car_base_driver/car_base_driver.egg-info/SOURCES.txt'
[12.511s] writing manifest file '../../build/car_base_driver/car_base_driver.egg-info/SOURCES.txt'
[12.515s] running build
[12.517s] running build_py
[12.520s] copying car_base_driver/__init__.py -> /home/sunrise/Robot_Car/build/car_base_driver/build/lib/car_base_driver
[12.523s] copying car_base_driver/kinematics.py -> /home/sunrise/Robot_Car/build/car_base_driver/build/lib/car_base_driver
[12.527s] copying car_base_driver/serial_driver.py -> /home/sunrise/Robot_Car/build/car_base_driver/build/lib/car_base_driver
[12.531s] running install
[12.583s] running install_lib
[12.828s] running install_data
[12.831s] copying resource/car_base_driver -> /home/sunrise/Robot_Car/install/car_base_driver/share/ament_index/resource_index/packages
[12.835s] copying package.xml -> /home/sunrise/Robot_Car/install/car_base_driver/share/car_base_driver
[12.839s] copying launch/base_driver.launch.py -> /home/sunrise/Robot_Car/install/car_base_driver/share/car_base_driver/launch
[12.843s] copying config/base_driver.yaml -> /home/sunrise/Robot_Car/install/car_base_driver/share/car_base_driver/config
[12.846s] running install_egg_info
[13.071s] removing '/home/sunrise/Robot_Car/install/car_base_driver/lib/python3.10/site-packages/car_base_driver-0.0.1-py3.10.egg-info' (and everything under it)
[13.076s] Copying ../../build/car_base_driver/car_base_driver.egg-info to /home/sunrise/Robot_Car/install/car_base_driver/lib/python3.10/site-packages/car_base_driver-0.0.1-py3.10.egg-info
[13.088s] running install_scripts
[13.512s] Installing serial_driver script to /home/sunrise/Robot_Car/install/car_base_driver/lib/car_base_driver
[13.515s] writing list of installed files to '/home/sunrise/Robot_Car/build/car_base_driver/install.log'
[13.755s] Invoked command in '/home/sunrise/Robot_Car/src/car_base_driver' returned '0': PYTHONPATH=/home/sunrise/Robot_Car/build/car_base_driver/prefix_override:/usr/lib/python3/dist-packages/colcon_core/task/python/colcon_distutils_commands:/home/sunrise/Robot_Car/install/car_base_driver/lib/python3.10/site-packages:${PYTHONPATH} /usr/bin/python3 -W ignore:setup.py install is deprecated -W ignore:easy_install command is deprecated setup.py egg_info --egg-base ../../build/car_base_driver build --build-base /home/sunrise/Robot_Car/build/car_base_driver/build install --record /home/sunrise/Robot_Car/build/car_base_driver/install.log --single-version-externally-managed install_data
