[8.625s] Invoking command in '/home/sunrise/Robot_Car/src/car_control_tools': PYTHONPATH=/home/sunrise/Robot_Car/build/car_control_tools/prefix_override:/usr/lib/python3/dist-packages/colcon_core/task/python/colcon_distutils_commands:/home/sunrise/Robot_Car/install/car_control_tools/lib/python3.10/site-packages:${PYTHONPATH} /usr/bin/python3 -W ignore:setup.py install is deprecated -W ignore:easy_install command is deprecated setup.py egg_info --egg-base ../../build/car_control_tools build --build-base /home/sunrise/Robot_Car/build/car_control_tools/build install --record /home/sunrise/Robot_Car/build/car_control_tools/install.log --single-version-externally-managed install_data
[9.902s] /usr/local/lib/python3.10/dist-packages/setuptools/_distutils/dist.py:289: UserWarning: Unknown distribution option: 'tests_require'
[9.903s]   warnings.warn(msg)
[11.016s] running egg_info
[11.183s] writing ../../build/car_control_tools/car_control_tools.egg-info/PKG-INFO
[11.188s] writing dependency_links to ../../build/car_control_tools/car_control_tools.egg-info/dependency_links.txt
[11.190s] writing entry points to ../../build/car_control_tools/car_control_tools.egg-info/entry_points.txt
[11.193s] writing requirements to ../../build/car_control_tools/car_control_tools.egg-info/requires.txt
[11.195s] writing top-level names to ../../build/car_control_tools/car_control_tools.egg-info/top_level.txt
[11.560s] reading manifest file '../../build/car_control_tools/car_control_tools.egg-info/SOURCES.txt'
[11.573s] writing manifest file '../../build/car_control_tools/car_control_tools.egg-info/SOURCES.txt'
[11.577s] running build
[11.580s] running build_py
[11.583s] copying car_control_tools/__init__.py -> /home/sunrise/Robot_Car/build/car_control_tools/build/lib/car_control_tools
[11.585s] copying car_control_tools/goal_utils.py -> /home/sunrise/Robot_Car/build/car_control_tools/build/lib/car_control_tools
[11.588s] copying car_control_tools/terminal_goal.py -> /home/sunrise/Robot_Car/build/car_control_tools/build/lib/car_control_tools
[11.590s] running install
[11.627s] running install_lib
[11.812s] running install_data
[11.813s] copying resource/car_control_tools -> /home/sunrise/Robot_Car/install/car_control_tools/share/ament_index/resource_index/packages
[11.814s] copying package.xml -> /home/sunrise/Robot_Car/install/car_control_tools/share/car_control_tools
[11.815s] running install_egg_info
[11.992s] removing '/home/sunrise/Robot_Car/install/car_control_tools/lib/python3.10/site-packages/car_control_tools-0.0.1-py3.10.egg-info' (and everything under it)
[11.993s] Copying ../../build/car_control_tools/car_control_tools.egg-info to /home/sunrise/Robot_Car/install/car_control_tools/lib/python3.10/site-packages/car_control_tools-0.0.1-py3.10.egg-info
[12.001s] running install_scripts
[12.357s] Installing terminal_goal script to /home/sunrise/Robot_Car/install/car_control_tools/lib/car_control_tools
[12.360s] writing list of installed files to '/home/sunrise/Robot_Car/build/car_control_tools/install.log'
[12.700s] Invoked command in '/home/sunrise/Robot_Car/src/car_control_tools' returned '0': PYTHONPATH=/home/sunrise/Robot_Car/build/car_control_tools/prefix_override:/usr/lib/python3/dist-packages/colcon_core/task/python/colcon_distutils_commands:/home/sunrise/Robot_Car/install/car_control_tools/lib/python3.10/site-packages:${PYTHONPATH} /usr/bin/python3 -W ignore:setup.py install is deprecated -W ignore:easy_install command is deprecated setup.py egg_info --egg-base ../../build/car_control_tools build --build-base /home/sunrise/Robot_Car/build/car_control_tools/build install --record /home/sunrise/Robot_Car/build/car_control_tools/install.log --single-version-externally-managed install_data
