[7.639s] Invoking command in '/home/sunrise/Robot_Car/src/car_base_driver': PYTHONPATH=/home/sunrise/Robot_Car/build/car_base_driver/prefix_override:/usr/lib/python3/dist-packages/colcon_core/task/python/colcon_distutils_commands:/home/sunrise/Robot_Car/install/car_base_driver/lib/python3.10/site-packages:${PYTHONPATH} /usr/bin/python3 -W ignore:setup.py install is deprecated -W ignore:easy_install command is deprecated setup.py egg_info --egg-base ../../build/car_base_driver build --build-base /home/sunrise/Robot_Car/build/car_base_driver/build install --record /home/sunrise/Robot_Car/build/car_base_driver/install.log --single-version-externally-managed install_data
[8.846s] /usr/local/lib/python3.10/dist-packages/setuptools/_distutils/dist.py:289: UserWarning: Unknown distribution option: 'tests_require'
[8.847s]   warnings.warn(msg)
[9.776s] running egg_info
[9.921s] writing ../../build/car_base_driver/car_base_driver.egg-info/PKG-INFO
[9.931s] writing dependency_links to ../../build/car_base_driver/car_base_driver.egg-info/dependency_links.txt
[9.933s] writing entry points to ../../build/car_base_driver/car_base_driver.egg-info/entry_points.txt
[9.936s] writing requirements to ../../build/car_base_driver/car_base_driver.egg-info/requires.txt
[9.939s] writing top-level names to ../../build/car_base_driver/car_base_driver.egg-info/top_level.txt
[10.248s] reading manifest file '../../build/car_base_driver/car_base_driver.egg-info/SOURCES.txt'
[10.263s] writing manifest file '../../build/car_base_driver/car_base_driver.egg-info/SOURCES.txt'
[10.264s] running build
[10.267s] running build_py
[10.269s] copying car_base_driver/__init__.py -> /home/sunrise/Robot_Car/build/car_base_driver/build/lib/car_base_driver
[10.270s] copying car_base_driver/kinematics.py -> /home/sunrise/Robot_Car/build/car_base_driver/build/lib/car_base_driver
[10.271s] copying car_base_driver/serial_driver.py -> /home/sunrise/Robot_Car/build/car_base_driver/build/lib/car_base_driver
[10.272s] running install
[10.307s] running install_lib
[10.466s] running install_data
[10.468s] copying resource/car_base_driver -> /home/sunrise/Robot_Car/install/car_base_driver/share/ament_index/resource_index/packages
[10.471s] copying package.xml -> /home/sunrise/Robot_Car/install/car_base_driver/share/car_base_driver
[10.472s] copying launch/base_driver.launch.py -> /home/sunrise/Robot_Car/install/car_base_driver/share/car_base_driver/launch
[10.474s] copying config/base_driver.yaml -> /home/sunrise/Robot_Car/install/car_base_driver/share/car_base_driver/config
[10.475s] running install_egg_info
[10.632s] removing '/home/sunrise/Robot_Car/install/car_base_driver/lib/python3.10/site-packages/car_base_driver-0.0.1-py3.10.egg-info' (and everything under it)
[10.635s] Copying ../../build/car_base_driver/car_base_driver.egg-info to /home/sunrise/Robot_Car/install/car_base_driver/lib/python3.10/site-packages/car_base_driver-0.0.1-py3.10.egg-info
[10.643s] running install_scripts
[10.946s] Installing serial_driver script to /home/sunrise/Robot_Car/install/car_base_driver/lib/car_base_driver
[10.950s] writing list of installed files to '/home/sunrise/Robot_Car/build/car_base_driver/install.log'
[11.198s] Invoked command in '/home/sunrise/Robot_Car/src/car_base_driver' returned '0': PYTHONPATH=/home/sunrise/Robot_Car/build/car_base_driver/prefix_override:/usr/lib/python3/dist-packages/colcon_core/task/python/colcon_distutils_commands:/home/sunrise/Robot_Car/install/car_base_driver/lib/python3.10/site-packages:${PYTHONPATH} /usr/bin/python3 -W ignore:setup.py install is deprecated -W ignore:easy_install command is deprecated setup.py egg_info --egg-base ../../build/car_base_driver build --build-base /home/sunrise/Robot_Car/build/car_base_driver/build install --record /home/sunrise/Robot_Car/build/car_base_driver/install.log --single-version-externally-managed install_data
