[0.696s] DEBUG:colcon:Command line arguments: ['/usr/bin/colcon', 'build']
[0.696s] DEBUG:colcon:Parsed command line arguments: Namespace(log_base=None, log_level=None, verb_name='build', build_base='build', install_base='install', merge_install=False, symlink_install=False, test_result_base=None, continue_on_error=False, executor='parallel', parallel_workers=4, event_handlers=None, ignore_user_meta=False, metas=['./colcon.meta'], base_paths=['.'], packages_ignore=None, packages_ignore_regex=None, paths=None, packages_up_to=None, packages_up_to_regex=None, packages_above=None, packages_above_and_dependencies=None, packages_above_depth=None, packages_select_by_dep=None, packages_skip_by_dep=None, packages_skip_up_to=None, packages_select_build_failed=False, packages_skip_build_finished=False, packages_select_test_failures=False, packages_skip_test_passed=False, packages_select=None, packages_skip=None, packages_select_regex=None, packages_skip_regex=None, packages_start=None, packages_end=None, allow_overriding=[], cmake_args=None, cmake_target=None, cmake_target_skip_unavailable=False, cmake_clean_cache=False, cmake_clean_first=False, cmake_force_configure=False, ament_cmake_args=None, catkin_cmake_args=None, catkin_skip_building_tests=False, verb_parser=<colcon_defaults.argument_parser.defaults.DefaultArgumentsDecorator object at 0x7f8a79d300>, verb_extension=<colcon_core.verb.build.BuildVerb object at 0x7f8a79cd30>, main=<bound method BuildVerb.main of <colcon_core.verb.build.BuildVerb object at 0x7f8a79cd30>>)
[0.968s] Level 1:colcon.colcon_core.package_discovery:discover_packages(colcon_meta) check parameters
[0.969s] Level 1:colcon.colcon_core.package_discovery:discover_packages(recursive) check parameters
[0.973s] Level 1:colcon.colcon_core.package_discovery:discover_packages(ignore) check parameters
[0.973s] Level 1:colcon.colcon_core.package_discovery:discover_packages(path) check parameters
[0.973s] Level 1:colcon.colcon_core.package_discovery:discover_packages(colcon_meta) discover
[0.974s] Level 1:colcon.colcon_core.package_discovery:discover_packages(recursive) discover
[0.974s] INFO:colcon.colcon_core.package_discovery:Crawling recursively for packages in '/home/sunrise/Robot_Car'
[0.975s] Level 1:colcon.colcon_core.package_identification:_identify(.) by extensions ['ignore', 'ignore_ament_install']
[0.975s] Level 1:colcon.colcon_core.package_identification:_identify(.) by extension 'ignore'
[0.976s] Level 1:colcon.colcon_core.package_identification:_identify(.) by extension 'ignore_ament_install'
[0.976s] Level 1:colcon.colcon_core.package_identification:_identify(.) by extensions ['colcon_pkg']
[0.976s] Level 1:colcon.colcon_core.package_identification:_identify(.) by extension 'colcon_pkg'
[0.977s] Level 1:colcon.colcon_core.package_identification:_identify(.) by extensions ['colcon_meta']
[0.977s] Level 1:colcon.colcon_core.package_identification:_identify(.) by extension 'colcon_meta'
[0.977s] Level 1:colcon.colcon_core.package_identification:_identify(.) by extensions ['ros']
[0.977s] Level 1:colcon.colcon_core.package_identification:_identify(.) by extension 'ros'
[1.078s] Level 1:colcon.colcon_core.package_identification:_identify(.) by extensions ['cmake', 'python']
[1.079s] Level 1:colcon.colcon_core.package_identification:_identify(.) by extension 'cmake'
[1.079s] Level 1:colcon.colcon_core.package_identification:_identify(.) by extension 'python'
[1.080s] Level 1:colcon.colcon_core.package_identification:_identify(.) by extensions ['python_setup_py']
[1.080s] Level 1:colcon.colcon_core.package_identification:_identify(.) by extension 'python_setup_py'
[1.081s] Level 1:colcon.colcon_core.package_identification:_identify(build) by extensions ['ignore', 'ignore_ament_install']
[1.081s] Level 1:colcon.colcon_core.package_identification:_identify(build) by extension 'ignore'
[1.082s] Level 1:colcon.colcon_core.package_identification:_identify(build) ignored
[1.082s] Level 1:colcon.colcon_core.package_identification:_identify(install) by extensions ['ignore', 'ignore_ament_install']
[1.083s] Level 1:colcon.colcon_core.package_identification:_identify(install) by extension 'ignore'
[1.083s] Level 1:colcon.colcon_core.package_identification:_identify(install) ignored
[1.084s] Level 1:colcon.colcon_core.package_identification:_identify(log) by extensions ['ignore', 'ignore_ament_install']
[1.085s] Level 1:colcon.colcon_core.package_identification:_identify(log) by extension 'ignore'
[1.085s] Level 1:colcon.colcon_core.package_identification:_identify(log) ignored
[1.086s] Level 1:colcon.colcon_core.package_identification:_identify(maps) by extensions ['ignore', 'ignore_ament_install']
[1.086s] Level 1:colcon.colcon_core.package_identification:_identify(maps) by extension 'ignore'
[1.087s] Level 1:colcon.colcon_core.package_identification:_identify(maps) by extension 'ignore_ament_install'
[1.087s] Level 1:colcon.colcon_core.package_identification:_identify(maps) by extensions ['colcon_pkg']
[1.087s] Level 1:colcon.colcon_core.package_identification:_identify(maps) by extension 'colcon_pkg'
[1.088s] Level 1:colcon.colcon_core.package_identification:_identify(maps) by extensions ['colcon_meta']
[1.088s] Level 1:colcon.colcon_core.package_identification:_identify(maps) by extension 'colcon_meta'
[1.088s] Level 1:colcon.colcon_core.package_identification:_identify(maps) by extensions ['ros']
[1.088s] Level 1:colcon.colcon_core.package_identification:_identify(maps) by extension 'ros'
[1.089s] Level 1:colcon.colcon_core.package_identification:_identify(maps) by extensions ['cmake', 'python']
[1.090s] Level 1:colcon.colcon_core.package_identification:_identify(maps) by extension 'cmake'
[1.090s] Level 1:colcon.colcon_core.package_identification:_identify(maps) by extension 'python'
[1.091s] Level 1:colcon.colcon_core.package_identification:_identify(maps) by extensions ['python_setup_py']
[1.091s] Level 1:colcon.colcon_core.package_identification:_identify(maps) by extension 'python_setup_py'
[1.092s] Level 1:colcon.colcon_core.package_identification:_identify(src) by extensions ['ignore', 'ignore_ament_install']
[1.093s] Level 1:colcon.colcon_core.package_identification:_identify(src) by extension 'ignore'
[1.093s] Level 1:colcon.colcon_core.package_identification:_identify(src) by extension 'ignore_ament_install'
[1.094s] Level 1:colcon.colcon_core.package_identification:_identify(src) by extensions ['colcon_pkg']
[1.094s] Level 1:colcon.colcon_core.package_identification:_identify(src) by extension 'colcon_pkg'
[1.095s] Level 1:colcon.colcon_core.package_identification:_identify(src) by extensions ['colcon_meta']
[1.095s] Level 1:colcon.colcon_core.package_identification:_identify(src) by extension 'colcon_meta'
[1.095s] Level 1:colcon.colcon_core.package_identification:_identify(src) by extensions ['ros']
[1.096s] Level 1:colcon.colcon_core.package_identification:_identify(src) by extension 'ros'
[1.096s] Level 1:colcon.colcon_core.package_identification:_identify(src) by extensions ['cmake', 'python']
[1.096s] Level 1:colcon.colcon_core.package_identification:_identify(src) by extension 'cmake'
[1.097s] Level 1:colcon.colcon_core.package_identification:_identify(src) by extension 'python'
[1.097s] Level 1:colcon.colcon_core.package_identification:_identify(src) by extensions ['python_setup_py']
[1.097s] Level 1:colcon.colcon_core.package_identification:_identify(src) by extension 'python_setup_py'
[1.098s] Level 1:colcon.colcon_core.package_identification:_identify(src/car_base_driver) by extensions ['ignore', 'ignore_ament_install']
[1.099s] Level 1:colcon.colcon_core.package_identification:_identify(src/car_base_driver) by extension 'ignore'
[1.099s] Level 1:colcon.colcon_core.package_identification:_identify(src/car_base_driver) by extension 'ignore_ament_install'
[1.099s] Level 1:colcon.colcon_core.package_identification:_identify(src/car_base_driver) by extensions ['colcon_pkg']
[1.100s] Level 1:colcon.colcon_core.package_identification:_identify(src/car_base_driver) by extension 'colcon_pkg'
[1.100s] Level 1:colcon.colcon_core.package_identification:_identify(src/car_base_driver) by extensions ['colcon_meta']
[1.100s] Level 1:colcon.colcon_core.package_identification:_identify(src/car_base_driver) by extension 'colcon_meta'
[1.101s] Level 1:colcon.colcon_core.package_identification:_identify(src/car_base_driver) by extensions ['ros']
[1.101s] Level 1:colcon.colcon_core.package_identification:_identify(src/car_base_driver) by extension 'ros'
[1.119s] DEBUG:colcon.colcon_core.package_identification:Package 'src/car_base_driver' with type 'ros.ament_python' and name 'car_base_driver'
[1.120s] Level 1:colcon.colcon_core.package_identification:_identify(src/car_control_tools) by extensions ['ignore', 'ignore_ament_install']
[1.120s] Level 1:colcon.colcon_core.package_identification:_identify(src/car_control_tools) by extension 'ignore'
[1.121s] Level 1:colcon.colcon_core.package_identification:_identify(src/car_control_tools) by extension 'ignore_ament_install'
[1.121s] Level 1:colcon.colcon_core.package_identification:_identify(src/car_control_tools) by extensions ['colcon_pkg']
[1.121s] Level 1:colcon.colcon_core.package_identification:_identify(src/car_control_tools) by extension 'colcon_pkg'
[1.122s] Level 1:colcon.colcon_core.package_identification:_identify(src/car_control_tools) by extensions ['colcon_meta']
[1.122s] Level 1:colcon.colcon_core.package_identification:_identify(src/car_control_tools) by extension 'colcon_meta'
[1.122s] Level 1:colcon.colcon_core.package_identification:_identify(src/car_control_tools) by extensions ['ros']
[1.123s] Level 1:colcon.colcon_core.package_identification:_identify(src/car_control_tools) by extension 'ros'
[1.129s] DEBUG:colcon.colcon_core.package_identification:Package 'src/car_control_tools' with type 'ros.ament_python' and name 'car_control_tools'
[1.130s] Level 1:colcon.colcon_core.package_identification:_identify(src/car_model_urdf) by extensions ['ignore', 'ignore_ament_install']
[1.130s] Level 1:colcon.colcon_core.package_identification:_identify(src/car_model_urdf) by extension 'ignore'
[1.131s] Level 1:colcon.colcon_core.package_identification:_identify(src/car_model_urdf) by extension 'ignore_ament_install'
[1.131s] Level 1:colcon.colcon_core.package_identification:_identify(src/car_model_urdf) by extensions ['colcon_pkg']
[1.131s] Level 1:colcon.colcon_core.package_identification:_identify(src/car_model_urdf) by extension 'colcon_pkg'
[1.132s] Level 1:colcon.colcon_core.package_identification:_identify(src/car_model_urdf) by extensions ['colcon_meta']
[1.132s] Level 1:colcon.colcon_core.package_identification:_identify(src/car_model_urdf) by extension 'colcon_meta'
[1.132s] Level 1:colcon.colcon_core.package_identification:_identify(src/car_model_urdf) by extensions ['ros']
[1.132s] Level 1:colcon.colcon_core.package_identification:_identify(src/car_model_urdf) by extension 'ros'
[1.136s] DEBUG:colcon.colcon_core.package_identification:Package 'src/car_model_urdf' with type 'ros.ament_cmake' and name 'car_model_urdf'
[1.137s] Level 1:colcon.colcon_core.package_identification:_identify(src/car_navigation) by extensions ['ignore', 'ignore_ament_install']
[1.138s] Level 1:colcon.colcon_core.package_identification:_identify(src/car_navigation) by extension 'ignore'
[1.138s] Level 1:colcon.colcon_core.package_identification:_identify(src/car_navigation) by extension 'ignore_ament_install'
[1.138s] Level 1:colcon.colcon_core.package_identification:_identify(src/car_navigation) by extensions ['colcon_pkg']
[1.139s] Level 1:colcon.colcon_core.package_identification:_identify(src/car_navigation) by extension 'colcon_pkg'
[1.139s] Level 1:colcon.colcon_core.package_identification:_identify(src/car_navigation) by extensions ['colcon_meta']
[1.139s] Level 1:colcon.colcon_core.package_identification:_identify(src/car_navigation) by extension 'colcon_meta'
[1.140s] Level 1:colcon.colcon_core.package_identification:_identify(src/car_navigation) by extensions ['ros']
[1.140s] Level 1:colcon.colcon_core.package_identification:_identify(src/car_navigation) by extension 'ros'
[1.145s] DEBUG:colcon.colcon_core.package_identification:Package 'src/car_navigation' with type 'ros.ament_cmake' and name 'car_navigation'
[1.146s] Level 1:colcon.colcon_core.package_identification:_identify(src/ydlidar_ros2_driver-humble) by extensions ['ignore', 'ignore_ament_install']
[1.146s] Level 1:colcon.colcon_core.package_identification:_identify(src/ydlidar_ros2_driver-humble) by extension 'ignore'
[1.147s] Level 1:colcon.colcon_core.package_identification:_identify(src/ydlidar_ros2_driver-humble) by extension 'ignore_ament_install'
[1.147s] Level 1:colcon.colcon_core.package_identification:_identify(src/ydlidar_ros2_driver-humble) by extensions ['colcon_pkg']
[1.147s] Level 1:colcon.colcon_core.package_identification:_identify(src/ydlidar_ros2_driver-humble) by extension 'colcon_pkg'
[1.148s] Level 1:colcon.colcon_core.package_identification:_identify(src/ydlidar_ros2_driver-humble) by extensions ['colcon_meta']
[1.148s] Level 1:colcon.colcon_core.package_identification:_identify(src/ydlidar_ros2_driver-humble) by extension 'colcon_meta'
[1.148s] Level 1:colcon.colcon_core.package_identification:_identify(src/ydlidar_ros2_driver-humble) by extensions ['ros']
[1.149s] Level 1:colcon.colcon_core.package_identification:_identify(src/ydlidar_ros2_driver-humble) by extension 'ros'
[1.153s] DEBUG:colcon.colcon_core.package_identification:Package 'src/ydlidar_ros2_driver-humble' with type 'ros.ament_cmake' and name 'ydlidar_ros2_driver'
[1.154s] Level 1:colcon.colcon_core.package_discovery:discover_packages(recursive) using defaults
[1.154s] Level 1:colcon.colcon_core.package_discovery:discover_packages(ignore) discover
[1.154s] Level 1:colcon.colcon_core.package_discovery:discover_packages(ignore) using defaults
[1.154s] Level 1:colcon.colcon_core.package_discovery:discover_packages(path) discover
[1.155s] Level 1:colcon.colcon_core.package_discovery:discover_packages(path) using defaults
[1.293s] Level 1:colcon.colcon_core.package_discovery:discover_packages(prefix_path) check parameters
[1.294s] Level 1:colcon.colcon_core.package_discovery:discover_packages(prefix_path) discover
[1.316s] DEBUG:colcon.colcon_installed_package_information.package_discovery:Found 364 installed packages in /opt/ros/humble
[1.333s] Level 1:colcon.colcon_core.package_discovery:discover_packages(prefix_path) using defaults
[1.828s] Level 5:colcon.colcon_core.verb:set package 'car_base_driver' build argument 'cmake_args' from command line to 'None'
[1.829s] Level 5:colcon.colcon_core.verb:set package 'car_base_driver' build argument 'cmake_target' from command line to 'None'
[1.829s] Level 5:colcon.colcon_core.verb:set package 'car_base_driver' build argument 'cmake_target_skip_unavailable' from command line to 'False'
[1.830s] Level 5:colcon.colcon_core.verb:set package 'car_base_driver' build argument 'cmake_clean_cache' from command line to 'False'
[1.830s] Level 5:colcon.colcon_core.verb:set package 'car_base_driver' build argument 'cmake_clean_first' from command line to 'False'
[1.830s] Level 5:colcon.colcon_core.verb:set package 'car_base_driver' build argument 'cmake_force_configure' from command line to 'False'
[1.831s] Level 5:colcon.colcon_core.verb:set package 'car_base_driver' build argument 'ament_cmake_args' from command line to 'None'
[1.831s] Level 5:colcon.colcon_core.verb:set package 'car_base_driver' build argument 'catkin_cmake_args' from command line to 'None'
[1.831s] Level 5:colcon.colcon_core.verb:set package 'car_base_driver' build argument 'catkin_skip_building_tests' from command line to 'False'
[1.832s] DEBUG:colcon.colcon_core.verb:Building package 'car_base_driver' with the following arguments: {'ament_cmake_args': None, 'build_base': '/home/sunrise/Robot_Car/build/car_base_driver', 'catkin_cmake_args': None, 'catkin_skip_building_tests': False, 'cmake_args': None, 'cmake_clean_cache': False, 'cmake_clean_first': False, 'cmake_force_configure': False, 'cmake_target': None, 'cmake_target_skip_unavailable': False, 'install_base': '/home/sunrise/Robot_Car/install/car_base_driver', 'merge_install': False, 'path': '/home/sunrise/Robot_Car/src/car_base_driver', 'symlink_install': False, 'test_result_base': None}
[1.834s] Level 5:colcon.colcon_core.verb:set package 'car_control_tools' build argument 'cmake_args' from command line to 'None'
[1.835s] Level 5:colcon.colcon_core.verb:set package 'car_control_tools' build argument 'cmake_target' from command line to 'None'
[1.835s] Level 5:colcon.colcon_core.verb:set package 'car_control_tools' build argument 'cmake_target_skip_unavailable' from command line to 'False'
[1.835s] Level 5:colcon.colcon_core.verb:set package 'car_control_tools' build argument 'cmake_clean_cache' from command line to 'False'
[1.835s] Level 5:colcon.colcon_core.verb:set package 'car_control_tools' build argument 'cmake_clean_first' from command line to 'False'
[1.836s] Level 5:colcon.colcon_core.verb:set package 'car_control_tools' build argument 'cmake_force_configure' from command line to 'False'
[1.836s] Level 5:colcon.colcon_core.verb:set package 'car_control_tools' build argument 'ament_cmake_args' from command line to 'None'
[1.836s] Level 5:colcon.colcon_core.verb:set package 'car_control_tools' build argument 'catkin_cmake_args' from command line to 'None'
[1.836s] Level 5:colcon.colcon_core.verb:set package 'car_control_tools' build argument 'catkin_skip_building_tests' from command line to 'False'
[1.836s] DEBUG:colcon.colcon_core.verb:Building package 'car_control_tools' with the following arguments: {'ament_cmake_args': None, 'build_base': '/home/sunrise/Robot_Car/build/car_control_tools', 'catkin_cmake_args': None, 'catkin_skip_building_tests': False, 'cmake_args': None, 'cmake_clean_cache': False, 'cmake_clean_first': False, 'cmake_force_configure': False, 'cmake_target': None, 'cmake_target_skip_unavailable': False, 'install_base': '/home/sunrise/Robot_Car/install/car_control_tools', 'merge_install': False, 'path': '/home/sunrise/Robot_Car/src/car_control_tools', 'symlink_install': False, 'test_result_base': None}
[1.839s] Level 5:colcon.colcon_core.verb:set package 'car_model_urdf' build argument 'cmake_args' from command line to 'None'
[1.840s] Level 5:colcon.colcon_core.verb:set package 'car_model_urdf' build argument 'cmake_target' from command line to 'None'
[1.840s] Level 5:colcon.colcon_core.verb:set package 'car_model_urdf' build argument 'cmake_target_skip_unavailable' from command line to 'False'
[1.840s] Level 5:colcon.colcon_core.verb:set package 'car_model_urdf' build argument 'cmake_clean_cache' from command line to 'False'
[1.841s] Level 5:colcon.colcon_core.verb:set package 'car_model_urdf' build argument 'cmake_clean_first' from command line to 'False'
[1.841s] Level 5:colcon.colcon_core.verb:set package 'car_model_urdf' build argument 'cmake_force_configure' from command line to 'False'
[1.842s] Level 5:colcon.colcon_core.verb:set package 'car_model_urdf' build argument 'ament_cmake_args' from command line to 'None'
[1.842s] Level 5:colcon.colcon_core.verb:set package 'car_model_urdf' build argument 'catkin_cmake_args' from command line to 'None'
[1.842s] Level 5:colcon.colcon_core.verb:set package 'car_model_urdf' build argument 'catkin_skip_building_tests' from command line to 'False'
[1.842s] DEBUG:colcon.colcon_core.verb:Building package 'car_model_urdf' with the following arguments: {'ament_cmake_args': None, 'build_base': '/home/sunrise/Robot_Car/build/car_model_urdf', 'catkin_cmake_args': None, 'catkin_skip_building_tests': False, 'cmake_args': None, 'cmake_clean_cache': False, 'cmake_clean_first': False, 'cmake_force_configure': False, 'cmake_target': None, 'cmake_target_skip_unavailable': False, 'install_base': '/home/sunrise/Robot_Car/install/car_model_urdf', 'merge_install': False, 'path': '/home/sunrise/Robot_Car/src/car_model_urdf', 'symlink_install': False, 'test_result_base': None}
[1.845s] Level 5:colcon.colcon_core.verb:set package 'ydlidar_ros2_driver' build argument 'cmake_args' from command line to 'None'
[1.846s] Level 5:colcon.colcon_core.verb:set package 'ydlidar_ros2_driver' build argument 'cmake_target' from command line to 'None'
[1.846s] Level 5:colcon.colcon_core.verb:set package 'ydlidar_ros2_driver' build argument 'cmake_target_skip_unavailable' from command line to 'False'
[1.846s] Level 5:colcon.colcon_core.verb:set package 'ydlidar_ros2_driver' build argument 'cmake_clean_cache' from command line to 'False'
[1.846s] Level 5:colcon.colcon_core.verb:set package 'ydlidar_ros2_driver' build argument 'cmake_clean_first' from command line to 'False'
[1.846s] Level 5:colcon.colcon_core.verb:set package 'ydlidar_ros2_driver' build argument 'cmake_force_configure' from command line to 'False'
[1.847s] Level 5:colcon.colcon_core.verb:set package 'ydlidar_ros2_driver' build argument 'ament_cmake_args' from command line to 'None'
[1.847s] Level 5:colcon.colcon_core.verb:set package 'ydlidar_ros2_driver' build argument 'catkin_cmake_args' from command line to 'None'
[1.847s] Level 5:colcon.colcon_core.verb:set package 'ydlidar_ros2_driver' build argument 'catkin_skip_building_tests' from command line to 'False'
[1.847s] DEBUG:colcon.colcon_core.verb:Building package 'ydlidar_ros2_driver' with the following arguments: {'ament_cmake_args': None, 'build_base': '/home/sunrise/Robot_Car/build/ydlidar_ros2_driver', 'catkin_cmake_args': None, 'catkin_skip_building_tests': False, 'cmake_args': None, 'cmake_clean_cache': False, 'cmake_clean_first': False, 'cmake_force_configure': False, 'cmake_target': None, 'cmake_target_skip_unavailable': False, 'install_base': '/home/sunrise/Robot_Car/install/ydlidar_ros2_driver', 'merge_install': False, 'path': '/home/sunrise/Robot_Car/src/ydlidar_ros2_driver-humble', 'symlink_install': False, 'test_result_base': None}
[1.850s] Level 5:colcon.colcon_core.verb:set package 'car_navigation' build argument 'cmake_args' from command line to 'None'
[1.850s] Level 5:colcon.colcon_core.verb:set package 'car_navigation' build argument 'cmake_target' from command line to 'None'
[1.851s] Level 5:colcon.colcon_core.verb:set package 'car_navigation' build argument 'cmake_target_skip_unavailable' from command line to 'False'
[1.851s] Level 5:colcon.colcon_core.verb:set package 'car_navigation' build argument 'cmake_clean_cache' from command line to 'False'
[1.851s] Level 5:colcon.colcon_core.verb:set package 'car_navigation' build argument 'cmake_clean_first' from command line to 'False'
[1.851s] Level 5:colcon.colcon_core.verb:set package 'car_navigation' build argument 'cmake_force_configure' from command line to 'False'
[1.851s] Level 5:colcon.colcon_core.verb:set package 'car_navigation' build argument 'ament_cmake_args' from command line to 'None'
[1.851s] Level 5:colcon.colcon_core.verb:set package 'car_navigation' build argument 'catkin_cmake_args' from command line to 'None'
[1.852s] Level 5:colcon.colcon_core.verb:set package 'car_navigation' build argument 'catkin_skip_building_tests' from command line to 'False'
[1.852s] DEBUG:colcon.colcon_core.verb:Building package 'car_navigation' with the following arguments: {'ament_cmake_args': None, 'build_base': '/home/sunrise/Robot_Car/build/car_navigation', 'catkin_cmake_args': None, 'catkin_skip_building_tests': False, 'cmake_args': None, 'cmake_clean_cache': False, 'cmake_clean_first': False, 'cmake_force_configure': False, 'cmake_target': None, 'cmake_target_skip_unavailable': False, 'install_base': '/home/sunrise/Robot_Car/install/car_navigation', 'merge_install': False, 'path': '/home/sunrise/Robot_Car/src/car_navigation', 'symlink_install': False, 'test_result_base': None}
[1.853s] INFO:colcon.colcon_core.executor:Executing jobs using 'parallel' executor
[1.858s] DEBUG:colcon.colcon_parallel_executor.executor.parallel:run_until_complete
[1.860s] INFO:colcon.colcon_ros.task.ament_python.build:Building ROS package in '/home/sunrise/Robot_Car/src/car_base_driver' with build type 'ament_python'
[1.861s] Level 1:colcon.colcon_core.shell:create_environment_hook('car_base_driver', 'ament_prefix_path')
[1.875s] INFO:colcon.colcon_core.plugin_system:Skipping extension 'colcon_core.shell.bat': Not used on non-Windows systems
[1.876s] INFO:colcon.colcon_core.shell:Creating environment hook '/home/sunrise/Robot_Car/install/car_base_driver/share/car_base_driver/hook/ament_prefix_path.ps1'
[1.881s] INFO:colcon.colcon_core.shell:Creating environment descriptor '/home/sunrise/Robot_Car/install/car_base_driver/share/car_base_driver/hook/ament_prefix_path.dsv'
[1.884s] INFO:colcon.colcon_core.shell:Creating environment hook '/home/sunrise/Robot_Car/install/car_base_driver/share/car_base_driver/hook/ament_prefix_path.sh'
[1.891s] INFO:colcon.colcon_core.shell:Skip shell extension 'powershell' for command environment: Not usable outside of PowerShell
[1.892s] DEBUG:colcon.colcon_core.shell:Skip shell extension 'dsv' for command environment
[1.913s] INFO:colcon.colcon_ros.task.ament_cmake.build:Building ROS package in '/home/sunrise/Robot_Car/src/car_model_urdf' with build type 'ament_cmake'
[1.914s] INFO:colcon.colcon_cmake.task.cmake.build:Building CMake package in '/home/sunrise/Robot_Car/src/car_model_urdf'
[1.916s] INFO:colcon.colcon_core.shell:Skip shell extension 'powershell' for command environment: Not usable outside of PowerShell
[1.917s] DEBUG:colcon.colcon_core.shell:Skip shell extension 'dsv' for command environment
[1.938s] INFO:colcon.colcon_ros.task.ament_python.build:Building ROS package in '/home/sunrise/Robot_Car/src/car_control_tools' with build type 'ament_python'
[1.939s] Level 1:colcon.colcon_core.shell:create_environment_hook('car_control_tools', 'ament_prefix_path')
[1.942s] INFO:colcon.colcon_core.shell:Creating environment hook '/home/sunrise/Robot_Car/install/car_control_tools/share/car_control_tools/hook/ament_prefix_path.ps1'
[1.948s] INFO:colcon.colcon_core.shell:Creating environment descriptor '/home/sunrise/Robot_Car/install/car_control_tools/share/car_control_tools/hook/ament_prefix_path.dsv'
[1.952s] INFO:colcon.colcon_core.shell:Creating environment hook '/home/sunrise/Robot_Car/install/car_control_tools/share/car_control_tools/hook/ament_prefix_path.sh'
[1.959s] INFO:colcon.colcon_core.shell:Skip shell extension 'powershell' for command environment: Not usable outside of PowerShell
[1.960s] DEBUG:colcon.colcon_core.shell:Skip shell extension 'dsv' for command environment
[1.983s] INFO:colcon.colcon_ros.task.ament_cmake.build:Building ROS package in '/home/sunrise/Robot_Car/src/ydlidar_ros2_driver-humble' with build type 'ament_cmake'
[1.985s] INFO:colcon.colcon_cmake.task.cmake.build:Building CMake package in '/home/sunrise/Robot_Car/src/ydlidar_ros2_driver-humble'
[1.989s] INFO:colcon.colcon_core.shell:Skip shell extension 'powershell' for command environment: Not usable outside of PowerShell
[1.990s] DEBUG:colcon.colcon_core.shell:Skip shell extension 'dsv' for command environment
[3.620s] INFO:colcon.colcon_core.task.python.build:Building Python package in '/home/sunrise/Robot_Car/src/car_base_driver'
[3.622s] INFO:colcon.colcon_core.shell:Skip shell extension 'powershell' for command environment: Not usable outside of PowerShell
[3.622s] DEBUG:colcon.colcon_core.shell:Skip shell extension 'dsv' for command environment
[3.653s] DEBUG:colcon.colcon_core.event_handler.log_command:Invoking command in '/home/sunrise/Robot_Car/build/car_model_urdf': CMAKE_PREFIX_PATH=/opt/ros/humble /usr/bin/cmake --build /home/sunrise/Robot_Car/build/car_model_urdf -- -j4 -l4
[5.261s] INFO:colcon.colcon_core.task.python.build:Building Python package in '/home/sunrise/Robot_Car/src/car_control_tools'
[5.263s] INFO:colcon.colcon_core.shell:Skip shell extension 'powershell' for command environment: Not usable outside of PowerShell
[5.263s] DEBUG:colcon.colcon_core.shell:Skip shell extension 'dsv' for command environment
[5.295s] DEBUG:colcon.colcon_core.event_handler.log_command:Invoking command in '/home/sunrise/Robot_Car/build/ydlidar_ros2_driver': CMAKE_PREFIX_PATH=/opt/ros/humble /usr/bin/cmake --build /home/sunrise/Robot_Car/build/ydlidar_ros2_driver -- -j4 -l4
[5.311s] DEBUG:colcon.colcon_core.event_handler.log_command:Invoked command in '/home/sunrise/Robot_Car/build/car_model_urdf' returned '0': CMAKE_PREFIX_PATH=/opt/ros/humble /usr/bin/cmake --build /home/sunrise/Robot_Car/build/car_model_urdf -- -j4 -l4
[5.357s] DEBUG:colcon.colcon_core.event_handler.log_command:Invoking command in '/home/sunrise/Robot_Car/build/car_model_urdf': CMAKE_PREFIX_PATH=/opt/ros/humble /usr/bin/cmake --install /home/sunrise/Robot_Car/build/car_model_urdf
[5.435s] Level 1:colcon.colcon_core.environment:create_environment_scripts_only(car_model_urdf)
[5.478s] DEBUG:colcon.colcon_core.event_handler.log_command:Invoked command in '/home/sunrise/Robot_Car/build/car_model_urdf' returned '0': CMAKE_PREFIX_PATH=/opt/ros/humble /usr/bin/cmake --install /home/sunrise/Robot_Car/build/car_model_urdf
[5.490s] Level 1:colcon.colcon_core.environment:checking '/home/sunrise/Robot_Car/install/car_model_urdf' for CMake module files
[5.494s] Level 1:colcon.colcon_core.environment:checking '/home/sunrise/Robot_Car/install/car_model_urdf' for CMake config files
[5.496s] Level 1:colcon.colcon_core.shell:create_environment_hook('car_model_urdf', 'cmake_prefix_path')
[5.498s] INFO:colcon.colcon_core.shell:Creating environment hook '/home/sunrise/Robot_Car/install/car_model_urdf/share/car_model_urdf/hook/cmake_prefix_path.ps1'
[5.509s] INFO:colcon.colcon_core.shell:Creating environment descriptor '/home/sunrise/Robot_Car/install/car_model_urdf/share/car_model_urdf/hook/cmake_prefix_path.dsv'
[5.513s] INFO:colcon.colcon_core.shell:Creating environment hook '/home/sunrise/Robot_Car/install/car_model_urdf/share/car_model_urdf/hook/cmake_prefix_path.sh'
[5.523s] Level 1:colcon.colcon_core.environment:checking '/home/sunrise/Robot_Car/install/car_model_urdf/bin'
[5.524s] Level 1:colcon.colcon_core.environment:checking '/home/sunrise/Robot_Car/install/car_model_urdf/lib/pkgconfig/car_model_urdf.pc'
[5.526s] Level 1:colcon.colcon_core.environment:checking '/home/sunrise/Robot_Car/install/car_model_urdf/lib/python3.10/site-packages'
[5.530s] Level 1:colcon.colcon_core.environment:checking '/home/sunrise/Robot_Car/install/car_model_urdf/bin'
[5.534s] INFO:colcon.colcon_core.shell:Creating package script '/home/sunrise/Robot_Car/install/car_model_urdf/share/car_model_urdf/package.ps1'
[5.551s] INFO:colcon.colcon_core.shell:Creating package descriptor '/home/sunrise/Robot_Car/install/car_model_urdf/share/car_model_urdf/package.dsv'
[5.558s] INFO:colcon.colcon_core.shell:Creating package script '/home/sunrise/Robot_Car/install/car_model_urdf/share/car_model_urdf/package.sh'
[5.576s] INFO:colcon.colcon_core.shell:Creating package script '/home/sunrise/Robot_Car/install/car_model_urdf/share/car_model_urdf/package.bash'
[5.586s] INFO:colcon.colcon_core.shell:Creating package script '/home/sunrise/Robot_Car/install/car_model_urdf/share/car_model_urdf/package.zsh'
[5.602s] Level 1:colcon.colcon_core.environment:create_file_with_runtime_dependencies(/home/sunrise/Robot_Car/install/car_model_urdf/share/colcon-core/packages/car_model_urdf)
[5.611s] Level 1:colcon.colcon_core.environment:create_environment_scripts_only(car_model_urdf)
[5.613s] Level 1:colcon.colcon_core.environment:checking '/home/sunrise/Robot_Car/install/car_model_urdf' for CMake module files
[5.618s] Level 1:colcon.colcon_core.environment:checking '/home/sunrise/Robot_Car/install/car_model_urdf' for CMake config files
[5.620s] Level 1:colcon.colcon_core.shell:create_environment_hook('car_model_urdf', 'cmake_prefix_path')
[5.622s] INFO:colcon.colcon_core.shell:Creating environment hook '/home/sunrise/Robot_Car/install/car_model_urdf/share/car_model_urdf/hook/cmake_prefix_path.ps1'
[5.627s] INFO:colcon.colcon_core.shell:Creating environment descriptor '/home/sunrise/Robot_Car/install/car_model_urdf/share/car_model_urdf/hook/cmake_prefix_path.dsv'
[5.631s] INFO:colcon.colcon_core.shell:Creating environment hook '/home/sunrise/Robot_Car/install/car_model_urdf/share/car_model_urdf/hook/cmake_prefix_path.sh'
[5.639s] Level 1:colcon.colcon_core.environment:checking '/home/sunrise/Robot_Car/install/car_model_urdf/bin'
[5.640s] Level 1:colcon.colcon_core.environment:checking '/home/sunrise/Robot_Car/install/car_model_urdf/lib/pkgconfig/car_model_urdf.pc'
[5.643s] Level 1:colcon.colcon_core.environment:checking '/home/sunrise/Robot_Car/install/car_model_urdf/lib/python3.10/site-packages'
[5.647s] Level 1:colcon.colcon_core.environment:checking '/home/sunrise/Robot_Car/install/car_model_urdf/bin'
[5.650s] INFO:colcon.colcon_core.shell:Creating package script '/home/sunrise/Robot_Car/install/car_model_urdf/share/car_model_urdf/package.ps1'
[5.661s] INFO:colcon.colcon_core.shell:Creating package descriptor '/home/sunrise/Robot_Car/install/car_model_urdf/share/car_model_urdf/package.dsv'
[5.667s] INFO:colcon.colcon_core.shell:Creating package script '/home/sunrise/Robot_Car/install/car_model_urdf/share/car_model_urdf/package.sh'
[5.671s] INFO:colcon.colcon_core.shell:Creating package script '/home/sunrise/Robot_Car/install/car_model_urdf/share/car_model_urdf/package.bash'
[5.675s] INFO:colcon.colcon_core.shell:Creating package script '/home/sunrise/Robot_Car/install/car_model_urdf/share/car_model_urdf/package.zsh'
[5.687s] Level 1:colcon.colcon_core.environment:create_file_with_runtime_dependencies(/home/sunrise/Robot_Car/install/car_model_urdf/share/colcon-core/packages/car_model_urdf)
[5.825s] DEBUG:colcon.colcon_core.event_handler.log_command:Invoked command in '/home/sunrise/Robot_Car/build/ydlidar_ros2_driver' returned '0': CMAKE_PREFIX_PATH=/opt/ros/humble /usr/bin/cmake --build /home/sunrise/Robot_Car/build/ydlidar_ros2_driver -- -j4 -l4
[5.834s] DEBUG:colcon.colcon_core.event_handler.log_command:Invoking command in '/home/sunrise/Robot_Car/build/ydlidar_ros2_driver': CMAKE_PREFIX_PATH=/opt/ros/humble /usr/bin/cmake --install /home/sunrise/Robot_Car/build/ydlidar_ros2_driver
[5.961s] Level 1:colcon.colcon_core.environment:create_environment_scripts_only(ydlidar_ros2_driver)
[5.964s] Level 1:colcon.colcon_core.environment:checking '/home/sunrise/Robot_Car/install/ydlidar_ros2_driver' for CMake module files
[5.968s] Level 1:colcon.colcon_core.environment:checking '/home/sunrise/Robot_Car/install/ydlidar_ros2_driver' for CMake config files
[5.971s] Level 1:colcon.colcon_core.shell:create_environment_hook('ydlidar_ros2_driver', 'cmake_prefix_path')
[5.992s] INFO:colcon.colcon_core.shell:Creating environment hook '/home/sunrise/Robot_Car/install/ydlidar_ros2_driver/share/ydlidar_ros2_driver/hook/cmake_prefix_path.ps1'
[5.996s] INFO:colcon.colcon_core.shell:Creating environment descriptor '/home/sunrise/Robot_Car/install/ydlidar_ros2_driver/share/ydlidar_ros2_driver/hook/cmake_prefix_path.dsv'
[6.007s] INFO:colcon.colcon_core.shell:Creating environment hook '/home/sunrise/Robot_Car/install/ydlidar_ros2_driver/share/ydlidar_ros2_driver/hook/cmake_prefix_path.sh'
[6.015s] Level 1:colcon.colcon_core.environment:checking '/home/sunrise/Robot_Car/install/ydlidar_ros2_driver/lib'
[6.023s] Level 1:colcon.colcon_core.environment:checking '/home/sunrise/Robot_Car/install/ydlidar_ros2_driver/bin'
[6.025s] Level 1:colcon.colcon_core.environment:checking '/home/sunrise/Robot_Car/install/ydlidar_ros2_driver/lib/pkgconfig/ydlidar_ros2_driver.pc'
[6.027s] Level 1:colcon.colcon_core.environment:checking '/home/sunrise/Robot_Car/install/ydlidar_ros2_driver/lib/python3.10/site-packages'
[6.035s] Level 1:colcon.colcon_core.environment:checking '/home/sunrise/Robot_Car/install/ydlidar_ros2_driver/bin'
[6.031s] DEBUG:colcon.colcon_core.event_handler.log_command:Invoked command in '/home/sunrise/Robot_Car/build/ydlidar_ros2_driver' returned '0': CMAKE_PREFIX_PATH=/opt/ros/humble /usr/bin/cmake --install /home/sunrise/Robot_Car/build/ydlidar_ros2_driver
[6.038s] INFO:colcon.colcon_core.shell:Creating package script '/home/sunrise/Robot_Car/install/ydlidar_ros2_driver/share/ydlidar_ros2_driver/package.ps1'
[6.045s] INFO:colcon.colcon_core.shell:Creating package descriptor '/home/sunrise/Robot_Car/install/ydlidar_ros2_driver/share/ydlidar_ros2_driver/package.dsv'
[6.050s] INFO:colcon.colcon_core.shell:Creating package script '/home/sunrise/Robot_Car/install/ydlidar_ros2_driver/share/ydlidar_ros2_driver/package.sh'
[6.057s] INFO:colcon.colcon_core.shell:Creating package script '/home/sunrise/Robot_Car/install/ydlidar_ros2_driver/share/ydlidar_ros2_driver/package.bash'
[6.062s] INFO:colcon.colcon_core.shell:Creating package script '/home/sunrise/Robot_Car/install/ydlidar_ros2_driver/share/ydlidar_ros2_driver/package.zsh'
[6.064s] Level 1:colcon.colcon_core.environment:create_file_with_runtime_dependencies(/home/sunrise/Robot_Car/install/ydlidar_ros2_driver/share/colcon-core/packages/ydlidar_ros2_driver)
[6.068s] Level 1:colcon.colcon_core.environment:create_environment_scripts_only(ydlidar_ros2_driver)
[6.070s] Level 1:colcon.colcon_core.environment:checking '/home/sunrise/Robot_Car/install/ydlidar_ros2_driver' for CMake module files
[6.074s] Level 1:colcon.colcon_core.environment:checking '/home/sunrise/Robot_Car/install/ydlidar_ros2_driver' for CMake config files
[6.076s] Level 1:colcon.colcon_core.shell:create_environment_hook('ydlidar_ros2_driver', 'cmake_prefix_path')
[6.078s] INFO:colcon.colcon_core.shell:Creating environment hook '/home/sunrise/Robot_Car/install/ydlidar_ros2_driver/share/ydlidar_ros2_driver/hook/cmake_prefix_path.ps1'
[6.081s] INFO:colcon.colcon_core.shell:Creating environment descriptor '/home/sunrise/Robot_Car/install/ydlidar_ros2_driver/share/ydlidar_ros2_driver/hook/cmake_prefix_path.dsv'
[6.086s] INFO:colcon.colcon_core.shell:Creating environment hook '/home/sunrise/Robot_Car/install/ydlidar_ros2_driver/share/ydlidar_ros2_driver/hook/cmake_prefix_path.sh'
[6.090s] Level 1:colcon.colcon_core.environment:checking '/home/sunrise/Robot_Car/install/ydlidar_ros2_driver/lib'
[6.090s] Level 1:colcon.colcon_core.environment:checking '/home/sunrise/Robot_Car/install/ydlidar_ros2_driver/bin'
[6.091s] Level 1:colcon.colcon_core.environment:checking '/home/sunrise/Robot_Car/install/ydlidar_ros2_driver/lib/pkgconfig/ydlidar_ros2_driver.pc'
[6.093s] Level 1:colcon.colcon_core.environment:checking '/home/sunrise/Robot_Car/install/ydlidar_ros2_driver/lib/python3.10/site-packages'
[6.096s] Level 1:colcon.colcon_core.environment:checking '/home/sunrise/Robot_Car/install/ydlidar_ros2_driver/bin'
[6.099s] INFO:colcon.colcon_core.shell:Creating package script '/home/sunrise/Robot_Car/install/ydlidar_ros2_driver/share/ydlidar_ros2_driver/package.ps1'
[6.104s] INFO:colcon.colcon_core.shell:Creating package descriptor '/home/sunrise/Robot_Car/install/ydlidar_ros2_driver/share/ydlidar_ros2_driver/package.dsv'
[6.108s] INFO:colcon.colcon_core.shell:Creating package script '/home/sunrise/Robot_Car/install/ydlidar_ros2_driver/share/ydlidar_ros2_driver/package.sh'
[6.111s] INFO:colcon.colcon_core.shell:Creating package script '/home/sunrise/Robot_Car/install/ydlidar_ros2_driver/share/ydlidar_ros2_driver/package.bash'
[6.116s] INFO:colcon.colcon_core.shell:Creating package script '/home/sunrise/Robot_Car/install/ydlidar_ros2_driver/share/ydlidar_ros2_driver/package.zsh'
[6.121s] Level 1:colcon.colcon_core.environment:create_file_with_runtime_dependencies(/home/sunrise/Robot_Car/install/ydlidar_ros2_driver/share/colcon-core/packages/ydlidar_ros2_driver)
[9.363s] DEBUG:colcon.colcon_core.event_handler.log_command:Invoking command in '/home/sunrise/Robot_Car/src/car_base_driver': PYTHONPATH=/home/sunrise/Robot_Car/build/car_base_driver/prefix_override:/usr/lib/python3/dist-packages/colcon_core/task/python/colcon_distutils_commands:/home/sunrise/Robot_Car/install/car_base_driver/lib/python3.10/site-packages:${PYTHONPATH} /usr/bin/python3 -W ignore:setup.py install is deprecated -W ignore:easy_install command is deprecated setup.py egg_info --egg-base ../../build/car_base_driver build --build-base /home/sunrise/Robot_Car/build/car_base_driver/build install --record /home/sunrise/Robot_Car/build/car_base_driver/install.log --single-version-externally-managed install_data
[9.420s] DEBUG:colcon.colcon_core.event_handler.log_command:Invoking command in '/home/sunrise/Robot_Car/src/car_control_tools': PYTHONPATH=/home/sunrise/Robot_Car/build/car_control_tools/prefix_override:/usr/lib/python3/dist-packages/colcon_core/task/python/colcon_distutils_commands:/home/sunrise/Robot_Car/install/car_control_tools/lib/python3.10/site-packages:${PYTHONPATH} /usr/bin/python3 -W ignore:setup.py install is deprecated -W ignore:easy_install command is deprecated setup.py egg_info --egg-base ../../build/car_control_tools build --build-base /home/sunrise/Robot_Car/build/car_control_tools/build install --record /home/sunrise/Robot_Car/build/car_control_tools/install.log --single-version-externally-managed install_data
[13.058s] Level 1:colcon.colcon_core.environment:checking '/home/sunrise/Robot_Car/install/car_base_driver' for CMake module files
[13.061s] DEBUG:colcon.colcon_core.event_handler.log_command:Invoked command in '/home/sunrise/Robot_Car/src/car_base_driver' returned '0': PYTHONPATH=/home/sunrise/Robot_Car/build/car_base_driver/prefix_override:/usr/lib/python3/dist-packages/colcon_core/task/python/colcon_distutils_commands:/home/sunrise/Robot_Car/install/car_base_driver/lib/python3.10/site-packages:${PYTHONPATH} /usr/bin/python3 -W ignore:setup.py install is deprecated -W ignore:easy_install command is deprecated setup.py egg_info --egg-base ../../build/car_base_driver build --build-base /home/sunrise/Robot_Car/build/car_base_driver/build install --record /home/sunrise/Robot_Car/build/car_base_driver/install.log --single-version-externally-managed install_data
[13.064s] Level 1:colcon.colcon_core.environment:checking '/home/sunrise/Robot_Car/install/car_base_driver' for CMake config files
[13.067s] Level 1:colcon.colcon_core.environment:checking '/home/sunrise/Robot_Car/install/car_base_driver/lib'
[13.068s] Level 1:colcon.colcon_core.environment:checking '/home/sunrise/Robot_Car/install/car_base_driver/bin'
[13.068s] Level 1:colcon.colcon_core.environment:checking '/home/sunrise/Robot_Car/install/car_base_driver/lib/pkgconfig/car_base_driver.pc'
[13.070s] Level 1:colcon.colcon_core.environment:checking '/home/sunrise/Robot_Car/install/car_base_driver/lib/python3.10/site-packages'
[13.071s] Level 1:colcon.colcon_core.shell:create_environment_hook('car_base_driver', 'pythonpath')
[13.073s] INFO:colcon.colcon_core.shell:Creating environment hook '/home/sunrise/Robot_Car/install/car_base_driver/share/car_base_driver/hook/pythonpath.ps1'
[13.077s] INFO:colcon.colcon_core.shell:Creating environment descriptor '/home/sunrise/Robot_Car/install/car_base_driver/share/car_base_driver/hook/pythonpath.dsv'
[13.080s] INFO:colcon.colcon_core.shell:Creating environment hook '/home/sunrise/Robot_Car/install/car_base_driver/share/car_base_driver/hook/pythonpath.sh'
[13.085s] Level 1:colcon.colcon_core.environment:checking '/home/sunrise/Robot_Car/install/car_base_driver/bin'
[13.086s] Level 1:colcon.colcon_core.environment:create_environment_scripts_only(car_base_driver)
[13.088s] INFO:colcon.colcon_core.shell:Creating package script '/home/sunrise/Robot_Car/install/car_base_driver/share/car_base_driver/package.ps1'
[13.092s] INFO:colcon.colcon_core.shell:Creating package descriptor '/home/sunrise/Robot_Car/install/car_base_driver/share/car_base_driver/package.dsv'
[13.095s] INFO:colcon.colcon_core.shell:Creating package script '/home/sunrise/Robot_Car/install/car_base_driver/share/car_base_driver/package.sh'
[13.098s] INFO:colcon.colcon_core.shell:Creating package script '/home/sunrise/Robot_Car/install/car_base_driver/share/car_base_driver/package.bash'
[13.101s] INFO:colcon.colcon_core.shell:Creating package script '/home/sunrise/Robot_Car/install/car_base_driver/share/car_base_driver/package.zsh'
[13.104s] Level 1:colcon.colcon_core.environment:create_file_with_runtime_dependencies(/home/sunrise/Robot_Car/install/car_base_driver/share/colcon-core/packages/car_base_driver)
[13.108s] INFO:colcon.colcon_ros.task.ament_cmake.build:Building ROS package in '/home/sunrise/Robot_Car/src/car_navigation' with build type 'ament_cmake'
[13.109s] INFO:colcon.colcon_cmake.task.cmake.build:Building CMake package in '/home/sunrise/Robot_Car/src/car_navigation'
[13.111s] INFO:colcon.colcon_core.shell:Skip shell extension 'powershell' for command environment: Not usable outside of PowerShell
[13.112s] DEBUG:colcon.colcon_core.shell:Skip shell extension 'dsv' for command environment
[13.229s] Level 1:colcon.colcon_core.environment:checking '/home/sunrise/Robot_Car/install/car_control_tools' for CMake module files
[13.233s] DEBUG:colcon.colcon_core.event_handler.log_command:Invoked command in '/home/sunrise/Robot_Car/src/car_control_tools' returned '0': PYTHONPATH=/home/sunrise/Robot_Car/build/car_control_tools/prefix_override:/usr/lib/python3/dist-packages/colcon_core/task/python/colcon_distutils_commands:/home/sunrise/Robot_Car/install/car_control_tools/lib/python3.10/site-packages:${PYTHONPATH} /usr/bin/python3 -W ignore:setup.py install is deprecated -W ignore:easy_install command is deprecated setup.py egg_info --egg-base ../../build/car_control_tools build --build-base /home/sunrise/Robot_Car/build/car_control_tools/build install --record /home/sunrise/Robot_Car/build/car_control_tools/install.log --single-version-externally-managed install_data
[13.237s] Level 1:colcon.colcon_core.environment:checking '/home/sunrise/Robot_Car/install/car_control_tools' for CMake config files
[13.242s] Level 1:colcon.colcon_core.environment:checking '/home/sunrise/Robot_Car/install/car_control_tools/lib'
[13.243s] Level 1:colcon.colcon_core.environment:checking '/home/sunrise/Robot_Car/install/car_control_tools/bin'
[13.243s] Level 1:colcon.colcon_core.environment:checking '/home/sunrise/Robot_Car/install/car_control_tools/lib/pkgconfig/car_control_tools.pc'
[13.246s] Level 1:colcon.colcon_core.environment:checking '/home/sunrise/Robot_Car/install/car_control_tools/lib/python3.10/site-packages'
[13.247s] Level 1:colcon.colcon_core.shell:create_environment_hook('car_control_tools', 'pythonpath')
[13.249s] INFO:colcon.colcon_core.shell:Creating environment hook '/home/sunrise/Robot_Car/install/car_control_tools/share/car_control_tools/hook/pythonpath.ps1'
[13.254s] INFO:colcon.colcon_core.shell:Creating environment descriptor '/home/sunrise/Robot_Car/install/car_control_tools/share/car_control_tools/hook/pythonpath.dsv'
[13.267s] INFO:colcon.colcon_core.shell:Creating environment hook '/home/sunrise/Robot_Car/install/car_control_tools/share/car_control_tools/hook/pythonpath.sh'
[13.277s] Level 1:colcon.colcon_core.environment:checking '/home/sunrise/Robot_Car/install/car_control_tools/bin'
[13.278s] Level 1:colcon.colcon_core.environment:create_environment_scripts_only(car_control_tools)
[13.282s] INFO:colcon.colcon_core.shell:Creating package script '/home/sunrise/Robot_Car/install/car_control_tools/share/car_control_tools/package.ps1'
[13.287s] INFO:colcon.colcon_core.shell:Creating package descriptor '/home/sunrise/Robot_Car/install/car_control_tools/share/car_control_tools/package.dsv'
[13.291s] INFO:colcon.colcon_core.shell:Creating package script '/home/sunrise/Robot_Car/install/car_control_tools/share/car_control_tools/package.sh'
[13.294s] INFO:colcon.colcon_core.shell:Creating package script '/home/sunrise/Robot_Car/install/car_control_tools/share/car_control_tools/package.bash'
[13.297s] INFO:colcon.colcon_core.shell:Creating package script '/home/sunrise/Robot_Car/install/car_control_tools/share/car_control_tools/package.zsh'
[13.302s] Level 1:colcon.colcon_core.environment:create_file_with_runtime_dependencies(/home/sunrise/Robot_Car/install/car_control_tools/share/colcon-core/packages/car_control_tools)
[13.329s] DEBUG:colcon.colcon_core.event_handler.log_command:Invoking command in '/home/sunrise/Robot_Car/build/car_navigation': AMENT_PREFIX_PATH=/home/sunrise/Robot_Car/install/car_model_urdf:/home/sunrise/Robot_Car/install/car_base_driver:${AMENT_PREFIX_PATH} CMAKE_PREFIX_PATH=/home/sunrise/Robot_Car/install/car_model_urdf:/opt/ros/humble PYTHONPATH=/home/sunrise/Robot_Car/install/car_base_driver/lib/python3.10/site-packages:${PYTHONPATH} /usr/bin/cmake --build /home/sunrise/Robot_Car/build/car_navigation -- -j4 -l4
[13.467s] DEBUG:colcon.colcon_core.event_handler.log_command:Invoked command in '/home/sunrise/Robot_Car/build/car_navigation' returned '0': AMENT_PREFIX_PATH=/home/sunrise/Robot_Car/install/car_model_urdf:/home/sunrise/Robot_Car/install/car_base_driver:${AMENT_PREFIX_PATH} CMAKE_PREFIX_PATH=/home/sunrise/Robot_Car/install/car_model_urdf:/opt/ros/humble PYTHONPATH=/home/sunrise/Robot_Car/install/car_base_driver/lib/python3.10/site-packages:${PYTHONPATH} /usr/bin/cmake --build /home/sunrise/Robot_Car/build/car_navigation -- -j4 -l4
[13.482s] DEBUG:colcon.colcon_core.event_handler.log_command:Invoking command in '/home/sunrise/Robot_Car/build/car_navigation': AMENT_PREFIX_PATH=/home/sunrise/Robot_Car/install/car_model_urdf:/home/sunrise/Robot_Car/install/car_base_driver:${AMENT_PREFIX_PATH} CMAKE_PREFIX_PATH=/home/sunrise/Robot_Car/install/car_model_urdf:/opt/ros/humble PYTHONPATH=/home/sunrise/Robot_Car/install/car_base_driver/lib/python3.10/site-packages:${PYTHONPATH} /usr/bin/cmake --install /home/sunrise/Robot_Car/build/car_navigation
[13.532s] Level 1:colcon.colcon_core.environment:create_environment_scripts_only(car_navigation)
[13.534s] Level 1:colcon.colcon_core.environment:checking '/home/sunrise/Robot_Car/install/car_navigation' for CMake module files
[13.546s] Level 1:colcon.colcon_core.environment:checking '/home/sunrise/Robot_Car/install/car_navigation' for CMake config files
[13.548s] DEBUG:colcon.colcon_core.event_handler.log_command:Invoked command in '/home/sunrise/Robot_Car/build/car_navigation' returned '0': AMENT_PREFIX_PATH=/home/sunrise/Robot_Car/install/car_model_urdf:/home/sunrise/Robot_Car/install/car_base_driver:${AMENT_PREFIX_PATH} CMAKE_PREFIX_PATH=/home/sunrise/Robot_Car/install/car_model_urdf:/opt/ros/humble PYTHONPATH=/home/sunrise/Robot_Car/install/car_base_driver/lib/python3.10/site-packages:${PYTHONPATH} /usr/bin/cmake --install /home/sunrise/Robot_Car/build/car_navigation
[13.550s] Level 1:colcon.colcon_core.shell:create_environment_hook('car_navigation', 'cmake_prefix_path')
[13.552s] INFO:colcon.colcon_core.shell:Creating environment hook '/home/sunrise/Robot_Car/install/car_navigation/share/car_navigation/hook/cmake_prefix_path.ps1'
[13.554s] INFO:colcon.colcon_core.shell:Creating environment descriptor '/home/sunrise/Robot_Car/install/car_navigation/share/car_navigation/hook/cmake_prefix_path.dsv'
[13.557s] INFO:colcon.colcon_core.shell:Creating environment hook '/home/sunrise/Robot_Car/install/car_navigation/share/car_navigation/hook/cmake_prefix_path.sh'
[13.560s] Level 1:colcon.colcon_core.environment:checking '/home/sunrise/Robot_Car/install/car_navigation/bin'
[13.561s] Level 1:colcon.colcon_core.environment:checking '/home/sunrise/Robot_Car/install/car_navigation/lib/pkgconfig/car_navigation.pc'
[13.562s] Level 1:colcon.colcon_core.environment:checking '/home/sunrise/Robot_Car/install/car_navigation/lib/python3.10/site-packages'
[13.565s] Level 1:colcon.colcon_core.environment:checking '/home/sunrise/Robot_Car/install/car_navigation/bin'
[13.568s] INFO:colcon.colcon_core.shell:Creating package script '/home/sunrise/Robot_Car/install/car_navigation/share/car_navigation/package.ps1'
[13.573s] INFO:colcon.colcon_core.shell:Creating package descriptor '/home/sunrise/Robot_Car/install/car_navigation/share/car_navigation/package.dsv'
[13.578s] INFO:colcon.colcon_core.shell:Creating package script '/home/sunrise/Robot_Car/install/car_navigation/share/car_navigation/package.sh'
[13.581s] INFO:colcon.colcon_core.shell:Creating package script '/home/sunrise/Robot_Car/install/car_navigation/share/car_navigation/package.bash'
[13.584s] INFO:colcon.colcon_core.shell:Creating package script '/home/sunrise/Robot_Car/install/car_navigation/share/car_navigation/package.zsh'
[13.586s] Level 1:colcon.colcon_core.environment:create_file_with_runtime_dependencies(/home/sunrise/Robot_Car/install/car_navigation/share/colcon-core/packages/car_navigation)
[13.590s] Level 1:colcon.colcon_core.environment:create_environment_scripts_only(car_navigation)
[13.592s] Level 1:colcon.colcon_core.environment:checking '/home/sunrise/Robot_Car/install/car_navigation' for CMake module files
[13.595s] Level 1:colcon.colcon_core.environment:checking '/home/sunrise/Robot_Car/install/car_navigation' for CMake config files
[13.596s] Level 1:colcon.colcon_core.shell:create_environment_hook('car_navigation', 'cmake_prefix_path')
[13.597s] INFO:colcon.colcon_core.shell:Creating environment hook '/home/sunrise/Robot_Car/install/car_navigation/share/car_navigation/hook/cmake_prefix_path.ps1'
[13.602s] INFO:colcon.colcon_core.shell:Creating environment descriptor '/home/sunrise/Robot_Car/install/car_navigation/share/car_navigation/hook/cmake_prefix_path.dsv'
[13.604s] INFO:colcon.colcon_core.shell:Creating environment hook '/home/sunrise/Robot_Car/install/car_navigation/share/car_navigation/hook/cmake_prefix_path.sh'
[13.608s] Level 1:colcon.colcon_core.environment:checking '/home/sunrise/Robot_Car/install/car_navigation/bin'
[13.608s] Level 1:colcon.colcon_core.environment:checking '/home/sunrise/Robot_Car/install/car_navigation/lib/pkgconfig/car_navigation.pc'
[13.610s] Level 1:colcon.colcon_core.environment:checking '/home/sunrise/Robot_Car/install/car_navigation/lib/python3.10/site-packages'
[13.613s] Level 1:colcon.colcon_core.environment:checking '/home/sunrise/Robot_Car/install/car_navigation/bin'
[13.616s] INFO:colcon.colcon_core.shell:Creating package script '/home/sunrise/Robot_Car/install/car_navigation/share/car_navigation/package.ps1'
[13.620s] INFO:colcon.colcon_core.shell:Creating package descriptor '/home/sunrise/Robot_Car/install/car_navigation/share/car_navigation/package.dsv'
[13.623s] INFO:colcon.colcon_core.shell:Creating package script '/home/sunrise/Robot_Car/install/car_navigation/share/car_navigation/package.sh'
[13.626s] INFO:colcon.colcon_core.shell:Creating package script '/home/sunrise/Robot_Car/install/car_navigation/share/car_navigation/package.bash'
[13.629s] INFO:colcon.colcon_core.shell:Creating package script '/home/sunrise/Robot_Car/install/car_navigation/share/car_navigation/package.zsh'
[13.632s] Level 1:colcon.colcon_core.environment:create_file_with_runtime_dependencies(/home/sunrise/Robot_Car/install/car_navigation/share/colcon-core/packages/car_navigation)
[13.634s] DEBUG:colcon.colcon_parallel_executor.executor.parallel:closing loop
[13.635s] DEBUG:colcon.colcon_parallel_executor.executor.parallel:loop closed
[13.636s] DEBUG:colcon.colcon_parallel_executor.executor.parallel:run_until_complete finished with '0'
[13.637s] DEBUG:colcon.colcon_core.event_reactor:joining thread
[13.672s] INFO:colcon.colcon_core.plugin_system:Skipping extension 'colcon_notification.desktop_notification.notify_send': Could not find 'notify-send'
[13.673s] INFO:colcon.colcon_core.plugin_system:Skipping extension 'colcon_notification.desktop_notification.terminal_notifier': Not used on non-Darwin systems
[13.673s] INFO:colcon.colcon_core.plugin_system:Skipping extension 'colcon_notification.desktop_notification.win32': Not used on non-Windows systems
[13.674s] INFO:colcon.colcon_notification.desktop_notification:Sending desktop notification using 'notify2'
[13.702s] DEBUG:colcon.colcon_core.event_reactor:joined thread
[13.705s] INFO:colcon.colcon_core.shell:Creating prefix script '/home/sunrise/Robot_Car/install/local_setup.ps1'
[13.712s] INFO:colcon.colcon_core.shell:Creating prefix util module '/home/sunrise/Robot_Car/install/_local_setup_util_ps1.py'
[13.726s] INFO:colcon.colcon_core.shell:Creating prefix chain script '/home/sunrise/Robot_Car/install/setup.ps1'
[13.735s] INFO:colcon.colcon_core.shell:Creating prefix script '/home/sunrise/Robot_Car/install/local_setup.sh'
[13.738s] INFO:colcon.colcon_core.shell:Creating prefix util module '/home/sunrise/Robot_Car/install/_local_setup_util_sh.py'
[13.742s] INFO:colcon.colcon_core.shell:Creating prefix chain script '/home/sunrise/Robot_Car/install/setup.sh'
[13.750s] INFO:colcon.colcon_core.shell:Creating prefix script '/home/sunrise/Robot_Car/install/local_setup.bash'
[13.754s] INFO:colcon.colcon_core.shell:Creating prefix chain script '/home/sunrise/Robot_Car/install/setup.bash'
[13.760s] INFO:colcon.colcon_core.shell:Creating prefix script '/home/sunrise/Robot_Car/install/local_setup.zsh'
[13.764s] INFO:colcon.colcon_core.shell:Creating prefix chain script '/home/sunrise/Robot_Car/install/setup.zsh'
