[7.894s] Invoking command in '/home/sunrise/Robot_Car/src/car_base_driver': PYTHONPATH=/home/sunrise/Robot_Car/build/car_base_driver/prefix_override:/usr/lib/python3/dist-packages/colcon_core/task/python/colcon_distutils_commands:/home/sunrise/Robot_Car/install/car_base_driver/lib/python3.10/site-packages:${PYTHONPATH} /usr/bin/python3 -W ignore:setup.py install is deprecated -W ignore:easy_install command is deprecated setup.py egg_info --egg-base ../../build/car_base_driver build --build-base /home/sunrise/Robot_Car/build/car_base_driver/build install --record /home/sunrise/Robot_Car/build/car_base_driver/install.log --single-version-externally-managed install_data
[9.416s] /usr/local/lib/python3.10/dist-packages/setuptools/_distutils/dist.py:289: UserWarning: Unknown distribution option: 'tests_require'
[9.417s]   warnings.warn(msg)
[10.583s] running egg_info
[10.783s] writing ../../build/car_base_driver/car_base_driver.egg-info/PKG-INFO
[10.787s] writing dependency_links to ../../build/car_base_driver/car_base_driver.egg-info/dependency_links.txt
[10.793s] writing entry points to ../../build/car_base_driver/car_base_driver.egg-info/entry_points.txt
[10.794s] writing requirements to ../../build/car_base_driver/car_base_driver.egg-info/requires.txt
[10.795s] writing top-level names to ../../build/car_base_driver/car_base_driver.egg-info/top_level.txt
[11.185s] reading manifest file '../../build/car_base_driver/car_base_driver.egg-info/SOURCES.txt'
[11.195s] writing manifest file '../../build/car_base_driver/car_base_driver.egg-info/SOURCES.txt'
[11.197s] running build
[11.198s] running build_py
[11.199s] copying car_base_driver/__init__.py -> /home/sunrise/Robot_Car/build/car_base_driver/build/lib/car_base_driver
[11.200s] copying car_base_driver/kinematics.py -> /home/sunrise/Robot_Car/build/car_base_driver/build/lib/car_base_driver
[11.201s] copying car_base_driver/serial_driver.py -> /home/sunrise/Robot_Car/build/car_base_driver/build/lib/car_base_driver
[11.204s] running install
[11.248s] running install_lib
[11.434s] running install_data
[11.436s] copying resource/car_base_driver -> /home/sunrise/Robot_Car/install/car_base_driver/share/ament_index/resource_index/packages
[11.440s] copying package.xml -> /home/sunrise/Robot_Car/install/car_base_driver/share/car_base_driver
[11.442s] copying launch/base_driver.launch.py -> /home/sunrise/Robot_Car/install/car_base_driver/share/car_base_driver/launch
[11.448s] copying config/base_driver.yaml -> /home/sunrise/Robot_Car/install/car_base_driver/share/car_base_driver/config
[11.449s] running install_egg_info
[11.638s] removing '/home/sunrise/Robot_Car/install/car_base_driver/lib/python3.10/site-packages/car_base_driver-0.0.1-py3.10.egg-info' (and everything under it)
[11.639s] Copying ../../build/car_base_driver/car_base_driver.egg-info to /home/sunrise/Robot_Car/install/car_base_driver/lib/python3.10/site-packages/car_base_driver-0.0.1-py3.10.egg-info
[11.645s] running install_scripts
[12.007s] Installing serial_driver script to /home/sunrise/Robot_Car/install/car_base_driver/lib/car_base_driver
[12.010s] writing list of installed files to '/home/sunrise/Robot_Car/build/car_base_driver/install.log'
[12.269s] Invoked command in '/home/sunrise/Robot_Car/src/car_base_driver' returned '0': PYTHONPATH=/home/sunrise/Robot_Car/build/car_base_driver/prefix_override:/usr/lib/python3/dist-packages/colcon_core/task/python/colcon_distutils_commands:/home/sunrise/Robot_Car/install/car_base_driver/lib/python3.10/site-packages:${PYTHONPATH} /usr/bin/python3 -W ignore:setup.py install is deprecated -W ignore:easy_install command is deprecated setup.py egg_info --egg-base ../../build/car_base_driver build --build-base /home/sunrise/Robot_Car/build/car_base_driver/build install --record /home/sunrise/Robot_Car/build/car_base_driver/install.log --single-version-externally-managed install_data
