[2.023s] Invoking command in '/home/sunrise/Robot_Car/build/car_model_urdf': CMAKE_PREFIX_PATH=/opt/ros/humble /usr/bin/cmake --build /home/sunrise/Robot_Car/build/car_model_urdf -- -j4 -l4
[4.092s] gmake: 警告：文件“Makefile”的修改时间在未来 3688499 秒后
[4.093s] gmake[1]: 警告：文件“CMakeFiles/Makefile2”的修改时间在未来 3688499 秒后
[4.094s] gmake[1]: 警告：检测到时钟错误。您的构建版本可能是不完整的。
[4.095s] gmake: 警告：检测到时钟错误。您的构建版本可能是不完整的。
[4.127s] Invoked command in '/home/sunrise/Robot_Car/build/car_model_urdf' returned '0': CMAKE_PREFIX_PATH=/opt/ros/humble /usr/bin/cmake --build /home/sunrise/Robot_Car/build/car_model_urdf -- -j4 -l4
[4.184s] Invoking command in '/home/sunrise/Robot_Car/build/car_model_urdf': CMAKE_PREFIX_PATH=/opt/ros/humble /usr/bin/cmake --install /home/sunrise/Robot_Car/build/car_model_urdf
[4.260s] -- Install configuration: ""
[4.264s] -- Up-to-date: /home/sunrise/Robot_Car/install/car_model_urdf/share/car_model_urdf/launch
[4.266s] -- Up-to-date: /home/sunrise/Robot_Car/install/car_model_urdf/share/car_model_urdf/launch/display_xacro.launch.py
[4.266s] -- Up-to-date: /home/sunrise/Robot_Car/install/car_model_urdf/share/car_model_urdf/launch/descriptionl.launch.py
[4.267s] -- Up-to-date: /home/sunrise/Robot_Car/install/car_model_urdf/share/car_model_urdf/launch/display_urdf.launch.py
[4.270s] -- Up-to-date: /home/sunrise/Robot_Car/install/car_model_urdf/share/car_model_urdf/urdf
[4.271s] -- Up-to-date: /home/sunrise/Robot_Car/install/car_model_urdf/share/car_model_urdf/urdf/car_model.urdf
[4.272s] -- Up-to-date: /home/sunrise/Robot_Car/install/car_model_urdf/share/car_model_urdf/urdf/car_model.urdf.xacro
[4.278s] -- Up-to-date: /home/sunrise/Robot_Car/install/car_model_urdf/share/car_model_urdf/config
[4.278s] -- Up-to-date: /home/sunrise/Robot_Car/install/car_model_urdf/share/car_model_urdf/config/rviz
[4.279s] -- Up-to-date: /home/sunrise/Robot_Car/install/car_model_urdf/share/car_model_urdf/config/rviz/dispaly_model.rviz
[4.284s] -- Up-to-date: /home/sunrise/Robot_Car/install/car_model_urdf/share/ament_index/resource_index/package_run_dependencies/car_model_urdf
[4.285s] -- Up-to-date: /home/sunrise/Robot_Car/install/car_model_urdf/share/ament_index/resource_index/parent_prefix_path/car_model_urdf
[4.297s] -- Up-to-date: /home/sunrise/Robot_Car/install/car_model_urdf/share/car_model_urdf/environment/ament_prefix_path.sh
[4.304s] -- Up-to-date: /home/sunrise/Robot_Car/install/car_model_urdf/share/car_model_urdf/environment/ament_prefix_path.dsv
[4.316s] -- Up-to-date: /home/sunrise/Robot_Car/install/car_model_urdf/share/car_model_urdf/environment/path.sh
[4.318s] -- Up-to-date: /home/sunrise/Robot_Car/install/car_model_urdf/share/car_model_urdf/environment/path.dsv
[4.319s] -- Up-to-date: /home/sunrise/Robot_Car/install/car_model_urdf/share/car_model_urdf/local_setup.bash
[4.320s] -- Up-to-date: /home/sunrise/Robot_Car/install/car_model_urdf/share/car_model_urdf/local_setup.sh
[4.329s] -- Up-to-date: /home/sunrise/Robot_Car/install/car_model_urdf/share/car_model_urdf/local_setup.zsh
[4.331s] -- Up-to-date: /home/sunrise/Robot_Car/install/car_model_urdf/share/car_model_urdf/local_setup.dsv
[4.335s] -- Installing: /home/sunrise/Robot_Car/install/car_model_urdf/share/car_model_urdf/package.dsv
[4.343s] -- Up-to-date: /home/sunrise/Robot_Car/install/car_model_urdf/share/ament_index/resource_index/packages/car_model_urdf
[4.345s] -- Up-to-date: /home/sunrise/Robot_Car/install/car_model_urdf/share/car_model_urdf/cmake/car_model_urdfConfig.cmake
[4.350s] -- Up-to-date: /home/sunrise/Robot_Car/install/car_model_urdf/share/car_model_urdf/cmake/car_model_urdfConfig-version.cmake
[4.351s] -- Up-to-date: /home/sunrise/Robot_Car/install/car_model_urdf/share/car_model_urdf/package.xml
[4.353s] Invoked command in '/home/sunrise/Robot_Car/build/car_model_urdf' returned '0': CMAKE_PREFIX_PATH=/opt/ros/humble /usr/bin/cmake --install /home/sunrise/Robot_Car/build/car_model_urdf
