/usr/local/lib/python3.10/dist-packages/setuptools/_distutils/dist.py:289: UserWarning: Unknown distribution option: 'tests_require'
  warnings.warn(msg)
running egg_info
creating ../../build/car_control_tools/car_control_tools.egg-info
writing ../../build/car_control_tools/car_control_tools.egg-info/PKG-INFO
writing dependency_links to ../../build/car_control_tools/car_control_tools.egg-info/dependency_links.txt
writing entry points to ../../build/car_control_tools/car_control_tools.egg-info/entry_points.txt
writing requirements to ../../build/car_control_tools/car_control_tools.egg-info/requires.txt
writing top-level names to ../../build/car_control_tools/car_control_tools.egg-info/top_level.txt
writing manifest file '../../build/car_control_tools/car_control_tools.egg-info/SOURCES.txt'
reading manifest file '../../build/car_control_tools/car_control_tools.egg-info/SOURCES.txt'
writing manifest file '../../build/car_control_tools/car_control_tools.egg-info/SOURCES.txt'
running build
running build_py
creating /home/sunrise/Robot_Car/build/car_control_tools/build/lib/car_control_tools
copying car_control_tools/__init__.py -> /home/sunrise/Robot_Car/build/car_control_tools/build/lib/car_control_tools
copying car_control_tools/goal_utils.py -> /home/sunrise/Robot_Car/build/car_control_tools/build/lib/car_control_tools
copying car_control_tools/terminal_goal.py -> /home/sunrise/Robot_Car/build/car_control_tools/build/lib/car_control_tools
running install
running install_lib
creating /home/sunrise/Robot_Car/install/car_control_tools/lib/python3.10/site-packages/car_control_tools
copying /home/sunrise/Robot_Car/build/car_control_tools/build/lib/car_control_tools/__init__.py -> /home/sunrise/Robot_Car/install/car_control_tools/lib/python3.10/site-packages/car_control_tools
copying /home/sunrise/Robot_Car/build/car_control_tools/build/lib/car_control_tools/goal_utils.py -> /home/sunrise/Robot_Car/install/car_control_tools/lib/python3.10/site-packages/car_control_tools
copying /home/sunrise/Robot_Car/build/car_control_tools/build/lib/car_control_tools/terminal_goal.py -> /home/sunrise/Robot_Car/install/car_control_tools/lib/python3.10/site-packages/car_control_tools
byte-compiling /home/sunrise/Robot_Car/install/car_control_tools/lib/python3.10/site-packages/car_control_tools/__init__.py to __init__.cpython-310.pyc
byte-compiling /home/sunrise/Robot_Car/install/car_control_tools/lib/python3.10/site-packages/car_control_tools/goal_utils.py to goal_utils.cpython-310.pyc
byte-compiling /home/sunrise/Robot_Car/install/car_control_tools/lib/python3.10/site-packages/car_control_tools/terminal_goal.py to terminal_goal.cpython-310.pyc
running install_data
creating /home/sunrise/Robot_Car/install/car_control_tools/share/ament_index/resource_index/packages
copying resource/car_control_tools -> /home/sunrise/Robot_Car/install/car_control_tools/share/ament_index/resource_index/packages
copying package.xml -> /home/sunrise/Robot_Car/install/car_control_tools/share/car_control_tools
running install_egg_info
Copying ../../build/car_control_tools/car_control_tools.egg-info to /home/sunrise/Robot_Car/install/car_control_tools/lib/python3.10/site-packages/car_control_tools-0.0.1-py3.10.egg-info
running install_scripts
Installing terminal_goal script to /home/sunrise/Robot_Car/install/car_control_tools/lib/car_control_tools
writing list of installed files to '/home/sunrise/Robot_Car/build/car_control_tools/install.log'
