[9.058s] Invoking command in '/home/sunrise/Robot_Car/src/car_control_tools': PYTHONPATH=/home/sunrise/Robot_Car/build/car_control_tools/prefix_override:/usr/lib/python3/dist-packages/colcon_core/task/python/colcon_distutils_commands:/home/sunrise/Robot_Car/install/car_control_tools/lib/python3.10/site-packages:${PYTHONPATH} /usr/bin/python3 -W ignore:setup.py install is deprecated -W ignore:easy_install command is deprecated setup.py egg_info --egg-base ../../build/car_control_tools build --build-base /home/sunrise/Robot_Car/build/car_control_tools/build install --record /home/sunrise/Robot_Car/build/car_control_tools/install.log --single-version-externally-managed install_data
[10.547s] /usr/local/lib/python3.10/dist-packages/setuptools/_distutils/dist.py:289: UserWarning: Unknown distribution option: 'tests_require'
[10.548s]   warnings.warn(msg)
[11.731s] running egg_info
[11.925s] creating ../../build/car_control_tools/car_control_tools.egg-info
[11.929s] writing ../../build/car_control_tools/car_control_tools.egg-info/PKG-INFO
[11.934s] writing dependency_links to ../../build/car_control_tools/car_control_tools.egg-info/dependency_links.txt
[11.937s] writing entry points to ../../build/car_control_tools/car_control_tools.egg-info/entry_points.txt
[11.941s] writing requirements to ../../build/car_control_tools/car_control_tools.egg-info/requires.txt
[11.943s] writing top-level names to ../../build/car_control_tools/car_control_tools.egg-info/top_level.txt
[11.945s] writing manifest file '../../build/car_control_tools/car_control_tools.egg-info/SOURCES.txt'
[12.728s] reading manifest file '../../build/car_control_tools/car_control_tools.egg-info/SOURCES.txt'
[12.740s] writing manifest file '../../build/car_control_tools/car_control_tools.egg-info/SOURCES.txt'
[12.743s] running build
[12.745s] running build_py
[12.748s] creating /home/sunrise/Robot_Car/build/car_control_tools/build/lib/car_control_tools
[12.752s] copying car_control_tools/__init__.py -> /home/sunrise/Robot_Car/build/car_control_tools/build/lib/car_control_tools
[12.756s] copying car_control_tools/goal_utils.py -> /home/sunrise/Robot_Car/build/car_control_tools/build/lib/car_control_tools
[12.762s] copying car_control_tools/terminal_goal.py -> /home/sunrise/Robot_Car/build/car_control_tools/build/lib/car_control_tools
[12.767s] running install
[12.829s] running install_lib
[13.068s] creating /home/sunrise/Robot_Car/install/car_control_tools/lib/python3.10/site-packages/car_control_tools
[13.070s] copying /home/sunrise/Robot_Car/build/car_control_tools/build/lib/car_control_tools/__init__.py -> /home/sunrise/Robot_Car/install/car_control_tools/lib/python3.10/site-packages/car_control_tools
[13.071s] copying /home/sunrise/Robot_Car/build/car_control_tools/build/lib/car_control_tools/goal_utils.py -> /home/sunrise/Robot_Car/install/car_control_tools/lib/python3.10/site-packages/car_control_tools
[13.073s] copying /home/sunrise/Robot_Car/build/car_control_tools/build/lib/car_control_tools/terminal_goal.py -> /home/sunrise/Robot_Car/install/car_control_tools/lib/python3.10/site-packages/car_control_tools
[13.077s] byte-compiling /home/sunrise/Robot_Car/install/car_control_tools/lib/python3.10/site-packages/car_control_tools/__init__.py to __init__.cpython-310.pyc
[13.084s] byte-compiling /home/sunrise/Robot_Car/install/car_control_tools/lib/python3.10/site-packages/car_control_tools/goal_utils.py to goal_utils.cpython-310.pyc
[13.092s] byte-compiling /home/sunrise/Robot_Car/install/car_control_tools/lib/python3.10/site-packages/car_control_tools/terminal_goal.py to terminal_goal.cpython-310.pyc
[13.097s] running install_data
[13.098s] creating /home/sunrise/Robot_Car/install/car_control_tools/share/ament_index/resource_index/packages
[13.100s] copying resource/car_control_tools -> /home/sunrise/Robot_Car/install/car_control_tools/share/ament_index/resource_index/packages
[13.101s] copying package.xml -> /home/sunrise/Robot_Car/install/car_control_tools/share/car_control_tools
[13.102s] running install_egg_info
[13.342s] Copying ../../build/car_control_tools/car_control_tools.egg-info to /home/sunrise/Robot_Car/install/car_control_tools/lib/python3.10/site-packages/car_control_tools-0.0.1-py3.10.egg-info
[13.349s] running install_scripts
[13.784s] Installing terminal_goal script to /home/sunrise/Robot_Car/install/car_control_tools/lib/car_control_tools
[13.788s] writing list of installed files to '/home/sunrise/Robot_Car/build/car_control_tools/install.log'
[14.088s] Invoked command in '/home/sunrise/Robot_Car/src/car_control_tools' returned '0': PYTHONPATH=/home/sunrise/Robot_Car/build/car_control_tools/prefix_override:/usr/lib/python3/dist-packages/colcon_core/task/python/colcon_distutils_commands:/home/sunrise/Robot_Car/install/car_control_tools/lib/python3.10/site-packages:${PYTHONPATH} /usr/bin/python3 -W ignore:setup.py install is deprecated -W ignore:easy_install command is deprecated setup.py egg_info --egg-base ../../build/car_control_tools build --build-base /home/sunrise/Robot_Car/build/car_control_tools/build install --record /home/sunrise/Robot_Car/build/car_control_tools/install.log --single-version-externally-managed install_data
