[8.190s] Invoking command in '/home/sunrise/Robot_Car/src/car_base_driver': PYTHONPATH=/home/sunrise/Robot_Car/build/car_base_driver/prefix_override:/usr/lib/python3/dist-packages/colcon_core/task/python/colcon_distutils_commands:/home/sunrise/Robot_Car/install/car_base_driver/lib/python3.10/site-packages:${PYTHONPATH} /usr/bin/python3 -W ignore:setup.py install is deprecated -W ignore:easy_install command is deprecated setup.py egg_info --egg-base ../../build/car_base_driver build --build-base /home/sunrise/Robot_Car/build/car_base_driver/build install --record /home/sunrise/Robot_Car/build/car_base_driver/install.log --single-version-externally-managed install_data
[9.450s] /usr/local/lib/python3.10/dist-packages/setuptools/_distutils/dist.py:289: UserWarning: Unknown distribution option: 'tests_require'
[9.452s]   warnings.warn(msg)
[10.425s] running egg_info
[10.617s] writing ../../build/car_base_driver/car_base_driver.egg-info/PKG-INFO
[10.619s] writing dependency_links to ../../build/car_base_driver/car_base_driver.egg-info/dependency_links.txt
[10.621s] writing entry points to ../../build/car_base_driver/car_base_driver.egg-info/entry_points.txt
[10.623s] writing requirements to ../../build/car_base_driver/car_base_driver.egg-info/requires.txt
[10.624s] writing top-level names to ../../build/car_base_driver/car_base_driver.egg-info/top_level.txt
[10.939s] reading manifest file '../../build/car_base_driver/car_base_driver.egg-info/SOURCES.txt'
[10.954s] writing manifest file '../../build/car_base_driver/car_base_driver.egg-info/SOURCES.txt'
[10.956s] running build
[10.957s] running build_py
[10.958s] copying car_base_driver/__init__.py -> /home/sunrise/Robot_Car/build/car_base_driver/build/lib/car_base_driver
[10.960s] copying car_base_driver/kinematics.py -> /home/sunrise/Robot_Car/build/car_base_driver/build/lib/car_base_driver
[10.961s] copying car_base_driver/serial_driver.py -> /home/sunrise/Robot_Car/build/car_base_driver/build/lib/car_base_driver
[10.967s] running install
[11.009s] running install_lib
[11.170s] running install_data
[11.171s] copying resource/car_base_driver -> /home/sunrise/Robot_Car/install/car_base_driver/share/ament_index/resource_index/packages
[11.175s] copying package.xml -> /home/sunrise/Robot_Car/install/car_base_driver/share/car_base_driver
[11.177s] copying launch/base_driver.launch.py -> /home/sunrise/Robot_Car/install/car_base_driver/share/car_base_driver/launch
[11.183s] copying config/base_driver.yaml -> /home/sunrise/Robot_Car/install/car_base_driver/share/car_base_driver/config
[11.184s] running install_egg_info
[11.351s] removing '/home/sunrise/Robot_Car/install/car_base_driver/lib/python3.10/site-packages/car_base_driver-0.0.1-py3.10.egg-info' (and everything under it)
[11.352s] Copying ../../build/car_base_driver/car_base_driver.egg-info to /home/sunrise/Robot_Car/install/car_base_driver/lib/python3.10/site-packages/car_base_driver-0.0.1-py3.10.egg-info
[11.358s] running install_scripts
[11.694s] Installing serial_driver script to /home/sunrise/Robot_Car/install/car_base_driver/lib/car_base_driver
[11.699s] writing list of installed files to '/home/sunrise/Robot_Car/build/car_base_driver/install.log'
[11.971s] Invoked command in '/home/sunrise/Robot_Car/src/car_base_driver' returned '0': PYTHONPATH=/home/sunrise/Robot_Car/build/car_base_driver/prefix_override:/usr/lib/python3/dist-packages/colcon_core/task/python/colcon_distutils_commands:/home/sunrise/Robot_Car/install/car_base_driver/lib/python3.10/site-packages:${PYTHONPATH} /usr/bin/python3 -W ignore:setup.py install is deprecated -W ignore:easy_install command is deprecated setup.py egg_info --egg-base ../../build/car_base_driver build --build-base /home/sunrise/Robot_Car/build/car_base_driver/build install --record /home/sunrise/Robot_Car/build/car_base_driver/install.log --single-version-externally-managed install_data
