[13.307s] Invoking command in '/home/sunrise/Robot_Car/src/car_base_driver': PYTHONPATH=/home/sunrise/Robot_Car/build/car_base_driver/prefix_override:/usr/lib/python3/dist-packages/colcon_core/task/python/colcon_distutils_commands:/home/sunrise/Robot_Car/install/car_base_driver/lib/python3.10/site-packages:${PYTHONPATH} /usr/bin/python3 -W ignore:setup.py install is deprecated -W ignore:easy_install command is deprecated setup.py egg_info --egg-base ../../build/car_base_driver build --build-base /home/sunrise/Robot_Car/build/car_base_driver/build install --record /home/sunrise/Robot_Car/build/car_base_driver/install.log --single-version-externally-managed install_data
[15.401s] /usr/local/lib/python3.10/dist-packages/setuptools/_distutils/dist.py:289: UserWarning: Unknown distribution option: 'tests_require'
[15.402s]   warnings.warn(msg)
[16.855s] running egg_info
[17.115s] writing ../../build/car_base_driver/car_base_driver.egg-info/PKG-INFO
[17.120s] writing dependency_links to ../../build/car_base_driver/car_base_driver.egg-info/dependency_links.txt
[17.125s] writing entry points to ../../build/car_base_driver/car_base_driver.egg-info/entry_points.txt
[17.127s] writing requirements to ../../build/car_base_driver/car_base_driver.egg-info/requires.txt
[17.129s] writing top-level names to ../../build/car_base_driver/car_base_driver.egg-info/top_level.txt
[17.701s] reading manifest file '../../build/car_base_driver/car_base_driver.egg-info/SOURCES.txt'
[17.719s] writing manifest file '../../build/car_base_driver/car_base_driver.egg-info/SOURCES.txt'
[17.720s] running build
[17.723s] running build_py
[17.725s] copying car_base_driver/__init__.py -> /home/sunrise/Robot_Car/build/car_base_driver/build/lib/car_base_driver
[17.727s] copying car_base_driver/kinematics.py -> /home/sunrise/Robot_Car/build/car_base_driver/build/lib/car_base_driver
[17.728s] copying car_base_driver/serial_driver.py -> /home/sunrise/Robot_Car/build/car_base_driver/build/lib/car_base_driver
[17.731s] running install
[17.793s] running install_lib
[18.131s] running install_data
[18.135s] copying resource/car_base_driver -> /home/sunrise/Robot_Car/install/car_base_driver/share/ament_index/resource_index/packages
[18.140s] copying package.xml -> /home/sunrise/Robot_Car/install/car_base_driver/share/car_base_driver
[18.144s] copying launch/base_driver.launch.py -> /home/sunrise/Robot_Car/install/car_base_driver/share/car_base_driver/launch
[18.148s] copying config/base_driver.yaml -> /home/sunrise/Robot_Car/install/car_base_driver/share/car_base_driver/config
[18.151s] running install_egg_info
[18.580s] removing '/home/sunrise/Robot_Car/install/car_base_driver/lib/python3.10/site-packages/car_base_driver-0.0.1-py3.10.egg-info' (and everything under it)
[18.582s] Copying ../../build/car_base_driver/car_base_driver.egg-info to /home/sunrise/Robot_Car/install/car_base_driver/lib/python3.10/site-packages/car_base_driver-0.0.1-py3.10.egg-info
[18.602s] running install_scripts
[19.174s] Installing serial_driver script to /home/sunrise/Robot_Car/install/car_base_driver/lib/car_base_driver
[19.179s] writing list of installed files to '/home/sunrise/Robot_Car/build/car_base_driver/install.log'
[19.496s] Invoked command in '/home/sunrise/Robot_Car/src/car_base_driver' returned '0': PYTHONPATH=/home/sunrise/Robot_Car/build/car_base_driver/prefix_override:/usr/lib/python3/dist-packages/colcon_core/task/python/colcon_distutils_commands:/home/sunrise/Robot_Car/install/car_base_driver/lib/python3.10/site-packages:${PYTHONPATH} /usr/bin/python3 -W ignore:setup.py install is deprecated -W ignore:easy_install command is deprecated setup.py egg_info --egg-base ../../build/car_base_driver build --build-base /home/sunrise/Robot_Car/build/car_base_driver/build install --record /home/sunrise/Robot_Car/build/car_base_driver/install.log --single-version-externally-managed install_data
