[10.910s] Invoking command in '/home/sunrise/Robot_Car/src/car_control_tools': PYTHONPATH=/home/sunrise/Robot_Car/build/car_control_tools/prefix_override:/usr/lib/python3/dist-packages/colcon_core/task/python/colcon_distutils_commands:/home/sunrise/Robot_Car/install/car_control_tools/lib/python3.10/site-packages:${PYTHONPATH} /usr/bin/python3 -W ignore:setup.py install is deprecated -W ignore:easy_install command is deprecated setup.py egg_info --egg-base ../../build/car_control_tools build --build-base /home/sunrise/Robot_Car/build/car_control_tools/build install --record /home/sunrise/Robot_Car/build/car_control_tools/install.log --single-version-externally-managed install_data
[12.487s] /usr/local/lib/python3.10/dist-packages/setuptools/_distutils/dist.py:289: UserWarning: Unknown distribution option: 'tests_require'
[12.488s]   warnings.warn(msg)
[13.864s] running egg_info
[14.094s] writing ../../build/car_control_tools/car_control_tools.egg-info/PKG-INFO
[14.099s] writing dependency_links to ../../build/car_control_tools/car_control_tools.egg-info/dependency_links.txt
[14.103s] writing entry points to ../../build/car_control_tools/car_control_tools.egg-info/entry_points.txt
[14.106s] writing requirements to ../../build/car_control_tools/car_control_tools.egg-info/requires.txt
[14.109s] writing top-level names to ../../build/car_control_tools/car_control_tools.egg-info/top_level.txt
[14.574s] reading manifest file '../../build/car_control_tools/car_control_tools.egg-info/SOURCES.txt'
[14.590s] writing manifest file '../../build/car_control_tools/car_control_tools.egg-info/SOURCES.txt'
[14.592s] running build
[14.594s] running build_py
[14.598s] copying car_control_tools/__init__.py -> /home/sunrise/Robot_Car/build/car_control_tools/build/lib/car_control_tools
[14.600s] copying car_control_tools/goal_utils.py -> /home/sunrise/Robot_Car/build/car_control_tools/build/lib/car_control_tools
[14.605s] copying car_control_tools/terminal_goal.py -> /home/sunrise/Robot_Car/build/car_control_tools/build/lib/car_control_tools
[14.612s] running install
[14.660s] running install_lib
[14.893s] running install_data
[14.896s] copying resource/car_control_tools -> /home/sunrise/Robot_Car/install/car_control_tools/share/ament_index/resource_index/packages
[14.900s] copying package.xml -> /home/sunrise/Robot_Car/install/car_control_tools/share/car_control_tools
[14.903s] running install_egg_info
[15.152s] removing '/home/sunrise/Robot_Car/install/car_control_tools/lib/python3.10/site-packages/car_control_tools-0.0.1-py3.10.egg-info' (and everything under it)
[15.157s] Copying ../../build/car_control_tools/car_control_tools.egg-info to /home/sunrise/Robot_Car/install/car_control_tools/lib/python3.10/site-packages/car_control_tools-0.0.1-py3.10.egg-info
[15.168s] running install_scripts
[15.641s] Installing terminal_goal script to /home/sunrise/Robot_Car/install/car_control_tools/lib/car_control_tools
[15.646s] writing list of installed files to '/home/sunrise/Robot_Car/build/car_control_tools/install.log'
[15.933s] Invoked command in '/home/sunrise/Robot_Car/src/car_control_tools' returned '0': PYTHONPATH=/home/sunrise/Robot_Car/build/car_control_tools/prefix_override:/usr/lib/python3/dist-packages/colcon_core/task/python/colcon_distutils_commands:/home/sunrise/Robot_Car/install/car_control_tools/lib/python3.10/site-packages:${PYTHONPATH} /usr/bin/python3 -W ignore:setup.py install is deprecated -W ignore:easy_install command is deprecated setup.py egg_info --egg-base ../../build/car_control_tools build --build-base /home/sunrise/Robot_Car/build/car_control_tools/build install --record /home/sunrise/Robot_Car/build/car_control_tools/install.log --single-version-externally-managed install_data
