[2.129s] Invoking command in '/home/sunrise/Robot_Car/build/car_model_urdf': CMAKE_PREFIX_PATH=/opt/ros/humble /usr/bin/cmake --build /home/sunrise/Robot_Car/build/car_model_urdf -- -j4 -l4
[3.933s] Invoked command in '/home/sunrise/Robot_Car/build/car_model_urdf' returned '0': CMAKE_PREFIX_PATH=/opt/ros/humble /usr/bin/cmake --build /home/sunrise/Robot_Car/build/car_model_urdf -- -j4 -l4
[3.978s] Invoking command in '/home/sunrise/Robot_Car/build/car_model_urdf': CMAKE_PREFIX_PATH=/opt/ros/humble /usr/bin/cmake --install /home/sunrise/Robot_Car/build/car_model_urdf
[4.025s] -- Install configuration: ""
[4.026s] -- Up-to-date: /home/sunrise/Robot_Car/install/car_model_urdf/share/car_model_urdf/launch
[4.029s] -- Up-to-date: /home/sunrise/Robot_Car/install/car_model_urdf/share/car_model_urdf/launch/description.launch.py
[4.030s] -- Up-to-date: /home/sunrise/Robot_Car/install/car_model_urdf/share/car_model_urdf/launch/display_xacro.launch.py
[4.031s] -- Up-to-date: /home/sunrise/Robot_Car/install/car_model_urdf/share/car_model_urdf/launch/display_urdf.launch.py
[4.057s] -- Up-to-date: /home/sunrise/Robot_Car/install/car_model_urdf/share/car_model_urdf/urdf
[4.060s] -- Up-to-date: /home/sunrise/Robot_Car/install/car_model_urdf/share/car_model_urdf/urdf/car_model.urdf
[4.062s] -- Up-to-date: /home/sunrise/Robot_Car/install/car_model_urdf/share/car_model_urdf/urdf/car_model.urdf.xacro
[4.065s] -- Up-to-date: /home/sunrise/Robot_Car/install/car_model_urdf/share/car_model_urdf/config
[4.067s] -- Up-to-date: /home/sunrise/Robot_Car/install/car_model_urdf/share/car_model_urdf/config/rviz
[4.073s] -- Up-to-date: /home/sunrise/Robot_Car/install/car_model_urdf/share/car_model_urdf/config/rviz/dispaly_model.rviz
[4.077s] -- Up-to-date: /home/sunrise/Robot_Car/install/car_model_urdf/share/ament_index/resource_index/package_run_dependencies/car_model_urdf
[4.090s] -- Up-to-date: /home/sunrise/Robot_Car/install/car_model_urdf/share/ament_index/resource_index/parent_prefix_path/car_model_urdf
[4.091s] -- Up-to-date: /home/sunrise/Robot_Car/install/car_model_urdf/share/car_model_urdf/environment/ament_prefix_path.sh
[4.091s] -- Up-to-date: /home/sunrise/Robot_Car/install/car_model_urdf/share/car_model_urdf/environment/ament_prefix_path.dsv
[4.092s] -- Up-to-date: /home/sunrise/Robot_Car/install/car_model_urdf/share/car_model_urdf/environment/path.sh
[4.093s] -- Up-to-date: /home/sunrise/Robot_Car/install/car_model_urdf/share/car_model_urdf/environment/path.dsv
[4.094s] -- Up-to-date: /home/sunrise/Robot_Car/install/car_model_urdf/share/car_model_urdf/local_setup.bash
[4.095s] -- Up-to-date: /home/sunrise/Robot_Car/install/car_model_urdf/share/car_model_urdf/local_setup.sh
[4.096s] -- Up-to-date: /home/sunrise/Robot_Car/install/car_model_urdf/share/car_model_urdf/local_setup.zsh
[4.097s] -- Up-to-date: /home/sunrise/Robot_Car/install/car_model_urdf/share/car_model_urdf/local_setup.dsv
[4.098s] -- Installing: /home/sunrise/Robot_Car/install/car_model_urdf/share/car_model_urdf/package.dsv
[4.099s] -- Up-to-date: /home/sunrise/Robot_Car/install/car_model_urdf/share/ament_index/resource_index/packages/car_model_urdf
[4.122s] -- Up-to-date: /home/sunrise/Robot_Car/install/car_model_urdf/share/car_model_urdf/cmake/car_model_urdfConfig.cmake
[4.124s] -- Up-to-date: /home/sunrise/Robot_Car/install/car_model_urdf/share/car_model_urdf/cmake/car_model_urdfConfig-version.cmake
[4.125s] -- Up-to-date: /home/sunrise/Robot_Car/install/car_model_urdf/share/car_model_urdf/package.xml
[4.127s] Invoked command in '/home/sunrise/Robot_Car/build/car_model_urdf' returned '0': CMAKE_PREFIX_PATH=/opt/ros/humble /usr/bin/cmake --install /home/sunrise/Robot_Car/build/car_model_urdf
