[7.222s] Invoking command in '/home/sunrise/Robot_Car/src/car_control_tools': PYTHONPATH=/home/sunrise/Robot_Car/build/car_control_tools/prefix_override:/usr/lib/python3/dist-packages/colcon_core/task/python/colcon_distutils_commands:/home/sunrise/Robot_Car/install/car_control_tools/lib/python3.10/site-packages:${PYTHONPATH} /usr/bin/python3 -W ignore:setup.py install is deprecated -W ignore:easy_install command is deprecated setup.py egg_info --egg-base ../../build/car_control_tools build --build-base /home/sunrise/Robot_Car/build/car_control_tools/build install --record /home/sunrise/Robot_Car/build/car_control_tools/install.log --single-version-externally-managed install_data
[8.425s] /usr/local/lib/python3.10/dist-packages/setuptools/_distutils/dist.py:289: UserWarning: Unknown distribution option: 'tests_require'
[8.426s]   warnings.warn(msg)
[9.329s] running egg_info
[9.476s] writing ../../build/car_control_tools/car_control_tools.egg-info/PKG-INFO
[9.481s] writing dependency_links to ../../build/car_control_tools/car_control_tools.egg-info/dependency_links.txt
[9.483s] writing entry points to ../../build/car_control_tools/car_control_tools.egg-info/entry_points.txt
[9.485s] writing requirements to ../../build/car_control_tools/car_control_tools.egg-info/requires.txt
[9.486s] writing top-level names to ../../build/car_control_tools/car_control_tools.egg-info/top_level.txt
[9.791s] reading manifest file '../../build/car_control_tools/car_control_tools.egg-info/SOURCES.txt'
[9.801s] writing manifest file '../../build/car_control_tools/car_control_tools.egg-info/SOURCES.txt'
[9.804s] running build
[9.806s] running build_py
[9.806s] copying car_control_tools/__init__.py -> /home/sunrise/Robot_Car/build/car_control_tools/build/lib/car_control_tools
[9.807s] copying car_control_tools/goal_utils.py -> /home/sunrise/Robot_Car/build/car_control_tools/build/lib/car_control_tools
[9.809s] copying car_control_tools/terminal_goal.py -> /home/sunrise/Robot_Car/build/car_control_tools/build/lib/car_control_tools
[9.811s] running install
[9.850s] running install_lib
[10.006s] running install_data
[10.008s] copying resource/car_control_tools -> /home/sunrise/Robot_Car/install/car_control_tools/share/ament_index/resource_index/packages
[10.009s] copying package.xml -> /home/sunrise/Robot_Car/install/car_control_tools/share/car_control_tools
[10.010s] running install_egg_info
[10.166s] removing '/home/sunrise/Robot_Car/install/car_control_tools/lib/python3.10/site-packages/car_control_tools-0.0.1-py3.10.egg-info' (and everything under it)
[10.167s] Copying ../../build/car_control_tools/car_control_tools.egg-info to /home/sunrise/Robot_Car/install/car_control_tools/lib/python3.10/site-packages/car_control_tools-0.0.1-py3.10.egg-info
[10.173s] running install_scripts
[10.485s] Installing terminal_goal script to /home/sunrise/Robot_Car/install/car_control_tools/lib/car_control_tools
[10.490s] writing list of installed files to '/home/sunrise/Robot_Car/build/car_control_tools/install.log'
[10.730s] Invoked command in '/home/sunrise/Robot_Car/src/car_control_tools' returned '0': PYTHONPATH=/home/sunrise/Robot_Car/build/car_control_tools/prefix_override:/usr/lib/python3/dist-packages/colcon_core/task/python/colcon_distutils_commands:/home/sunrise/Robot_Car/install/car_control_tools/lib/python3.10/site-packages:${PYTHONPATH} /usr/bin/python3 -W ignore:setup.py install is deprecated -W ignore:easy_install command is deprecated setup.py egg_info --egg-base ../../build/car_control_tools build --build-base /home/sunrise/Robot_Car/build/car_control_tools/build install --record /home/sunrise/Robot_Car/build/car_control_tools/install.log --single-version-externally-managed install_data
