[10.868s] Invoking command in '/home/sunrise/Robot_Car/src/car_base_driver': PYTHONPATH=/home/sunrise/Robot_Car/build/car_base_driver/prefix_override:/usr/lib/python3/dist-packages/colcon_core/task/python/colcon_distutils_commands:/home/sunrise/Robot_Car/install/car_base_driver/lib/python3.10/site-packages:${PYTHONPATH} /usr/bin/python3 -W ignore:setup.py install is deprecated -W ignore:easy_install command is deprecated setup.py egg_info --egg-base ../../build/car_base_driver build --build-base /home/sunrise/Robot_Car/build/car_base_driver/build install --record /home/sunrise/Robot_Car/build/car_base_driver/install.log --single-version-externally-managed install_data
[12.630s] /usr/local/lib/python3.10/dist-packages/setuptools/_distutils/dist.py:289: UserWarning: Unknown distribution option: 'tests_require'
[12.631s]   warnings.warn(msg)
[14.132s] running egg_info
[14.387s] writing ../../build/car_base_driver/car_base_driver.egg-info/PKG-INFO
[14.392s] writing dependency_links to ../../build/car_base_driver/car_base_driver.egg-info/dependency_links.txt
[14.396s] writing entry points to ../../build/car_base_driver/car_base_driver.egg-info/entry_points.txt
[14.400s] writing requirements to ../../build/car_base_driver/car_base_driver.egg-info/requires.txt
[14.403s] writing top-level names to ../../build/car_base_driver/car_base_driver.egg-info/top_level.txt
[14.876s] reading manifest file '../../build/car_base_driver/car_base_driver.egg-info/SOURCES.txt'
[14.896s] writing manifest file '../../build/car_base_driver/car_base_driver.egg-info/SOURCES.txt'
[14.899s] running build
[14.900s] running build_py
[14.901s] copying car_base_driver/__init__.py -> /home/sunrise/Robot_Car/build/car_base_driver/build/lib/car_base_driver
[14.902s] copying car_base_driver/kinematics.py -> /home/sunrise/Robot_Car/build/car_base_driver/build/lib/car_base_driver
[14.905s] copying car_base_driver/serial_driver.py -> /home/sunrise/Robot_Car/build/car_base_driver/build/lib/car_base_driver
[14.911s] running install
[14.967s] running install_lib
[15.211s] running install_data
[15.213s] copying resource/car_base_driver -> /home/sunrise/Robot_Car/install/car_base_driver/share/ament_index/resource_index/packages
[15.215s] copying package.xml -> /home/sunrise/Robot_Car/install/car_base_driver/share/car_base_driver
[15.217s] copying launch/base_driver.launch.py -> /home/sunrise/Robot_Car/install/car_base_driver/share/car_base_driver/launch
[15.240s] copying config/base_driver.yaml -> /home/sunrise/Robot_Car/install/car_base_driver/share/car_base_driver/config
[15.241s] running install_egg_info
[15.476s] removing '/home/sunrise/Robot_Car/install/car_base_driver/lib/python3.10/site-packages/car_base_driver-0.0.1-py3.10.egg-info' (and everything under it)
[15.477s] Copying ../../build/car_base_driver/car_base_driver.egg-info to /home/sunrise/Robot_Car/install/car_base_driver/lib/python3.10/site-packages/car_base_driver-0.0.1-py3.10.egg-info
[15.489s] running install_scripts
[15.996s] Installing serial_driver script to /home/sunrise/Robot_Car/install/car_base_driver/lib/car_base_driver
[16.000s] writing list of installed files to '/home/sunrise/Robot_Car/build/car_base_driver/install.log'
[16.355s] Invoked command in '/home/sunrise/Robot_Car/src/car_base_driver' returned '0': PYTHONPATH=/home/sunrise/Robot_Car/build/car_base_driver/prefix_override:/usr/lib/python3/dist-packages/colcon_core/task/python/colcon_distutils_commands:/home/sunrise/Robot_Car/install/car_base_driver/lib/python3.10/site-packages:${PYTHONPATH} /usr/bin/python3 -W ignore:setup.py install is deprecated -W ignore:easy_install command is deprecated setup.py egg_info --egg-base ../../build/car_base_driver build --build-base /home/sunrise/Robot_Car/build/car_base_driver/build install --record /home/sunrise/Robot_Car/build/car_base_driver/install.log --single-version-externally-managed install_data
