[1.720s] Invoking command in '/home/sunrise/Robot_Car/build/car_model_urdf': CMAKE_PREFIX_PATH=/opt/ros/humble /usr/bin/cmake --build /home/sunrise/Robot_Car/build/car_model_urdf -- -j4 -l4
[3.286s] Invoked command in '/home/sunrise/Robot_Car/build/car_model_urdf' returned '0': CMAKE_PREFIX_PATH=/opt/ros/humble /usr/bin/cmake --build /home/sunrise/Robot_Car/build/car_model_urdf -- -j4 -l4
[3.328s] Invoking command in '/home/sunrise/Robot_Car/build/car_model_urdf': CMAKE_PREFIX_PATH=/opt/ros/humble /usr/bin/cmake --install /home/sunrise/Robot_Car/build/car_model_urdf
[3.363s] -- Install configuration: ""
[3.365s] -- Up-to-date: /home/sunrise/Robot_Car/install/car_model_urdf/share/car_model_urdf/launch
[3.367s] -- Up-to-date: /home/sunrise/Robot_Car/install/car_model_urdf/share/car_model_urdf/launch/description.launch.py
[3.368s] -- Up-to-date: /home/sunrise/Robot_Car/install/car_model_urdf/share/car_model_urdf/launch/display_xacro.launch.py
[3.370s] -- Up-to-date: /home/sunrise/Robot_Car/install/car_model_urdf/share/car_model_urdf/launch/display_urdf.launch.py
[3.375s] -- Up-to-date: /home/sunrise/Robot_Car/install/car_model_urdf/share/car_model_urdf/urdf
[3.377s] -- Up-to-date: /home/sunrise/Robot_Car/install/car_model_urdf/share/car_model_urdf/urdf/car_model.urdf
[3.378s] -- Up-to-date: /home/sunrise/Robot_Car/install/car_model_urdf/share/car_model_urdf/urdf/car_model.urdf.xacro
[3.380s] -- Up-to-date: /home/sunrise/Robot_Car/install/car_model_urdf/share/car_model_urdf/config
[3.383s] -- Up-to-date: /home/sunrise/Robot_Car/install/car_model_urdf/share/car_model_urdf/config/rviz
[3.384s] -- Up-to-date: /home/sunrise/Robot_Car/install/car_model_urdf/share/car_model_urdf/config/rviz/dispaly_model.rviz
[3.385s] -- Up-to-date: /home/sunrise/Robot_Car/install/car_model_urdf/share/ament_index/resource_index/package_run_dependencies/car_model_urdf
[3.391s] -- Up-to-date: /home/sunrise/Robot_Car/install/car_model_urdf/share/ament_index/resource_index/parent_prefix_path/car_model_urdf
[3.392s] -- Up-to-date: /home/sunrise/Robot_Car/install/car_model_urdf/share/car_model_urdf/environment/ament_prefix_path.sh
[3.393s] -- Up-to-date: /home/sunrise/Robot_Car/install/car_model_urdf/share/car_model_urdf/environment/ament_prefix_path.dsv
[3.394s] -- Up-to-date: /home/sunrise/Robot_Car/install/car_model_urdf/share/car_model_urdf/environment/path.sh
[3.395s] -- Up-to-date: /home/sunrise/Robot_Car/install/car_model_urdf/share/car_model_urdf/environment/path.dsv
[3.396s] -- Up-to-date: /home/sunrise/Robot_Car/install/car_model_urdf/share/car_model_urdf/local_setup.bash
[3.398s] -- Up-to-date: /home/sunrise/Robot_Car/install/car_model_urdf/share/car_model_urdf/local_setup.sh
[3.399s] -- Up-to-date: /home/sunrise/Robot_Car/install/car_model_urdf/share/car_model_urdf/local_setup.zsh
[3.400s] -- Up-to-date: /home/sunrise/Robot_Car/install/car_model_urdf/share/car_model_urdf/local_setup.dsv
[3.403s] -- Installing: /home/sunrise/Robot_Car/install/car_model_urdf/share/car_model_urdf/package.dsv
[3.416s] -- Up-to-date: /home/sunrise/Robot_Car/install/car_model_urdf/share/ament_index/resource_index/packages/car_model_urdf
[3.417s] -- Up-to-date: /home/sunrise/Robot_Car/install/car_model_urdf/share/car_model_urdf/cmake/car_model_urdfConfig.cmake
[3.418s] -- Up-to-date: /home/sunrise/Robot_Car/install/car_model_urdf/share/car_model_urdf/cmake/car_model_urdfConfig-version.cmake
[3.432s] -- Up-to-date: /home/sunrise/Robot_Car/install/car_model_urdf/share/car_model_urdf/package.xml
[3.433s] Invoked command in '/home/sunrise/Robot_Car/build/car_model_urdf' returned '0': CMAKE_PREFIX_PATH=/opt/ros/humble /usr/bin/cmake --install /home/sunrise/Robot_Car/build/car_model_urdf
