[8.090s] Invoking command in '/home/sunrise/Robot_Car/src/car_base_driver': PYTHONPATH=/home/sunrise/Robot_Car/build/car_base_driver/prefix_override:/usr/lib/python3/dist-packages/colcon_core/task/python/colcon_distutils_commands:/home/sunrise/Robot_Car/install/car_base_driver/lib/python3.10/site-packages:${PYTHONPATH} /usr/bin/python3 -W ignore:setup.py install is deprecated -W ignore:easy_install command is deprecated setup.py egg_info --egg-base ../../build/car_base_driver build --build-base /home/sunrise/Robot_Car/build/car_base_driver/build install --record /home/sunrise/Robot_Car/build/car_base_driver/install.log --single-version-externally-managed install_data
[9.587s] /usr/local/lib/python3.10/dist-packages/setuptools/_distutils/dist.py:289: UserWarning: Unknown distribution option: 'tests_require'
[9.588s]   warnings.warn(msg)
[10.807s] running egg_info
[11.107s] writing ../../build/car_base_driver/car_base_driver.egg-info/PKG-INFO
[11.112s] writing dependency_links to ../../build/car_base_driver/car_base_driver.egg-info/dependency_links.txt
[11.113s] writing entry points to ../../build/car_base_driver/car_base_driver.egg-info/entry_points.txt
[11.114s] writing requirements to ../../build/car_base_driver/car_base_driver.egg-info/requires.txt
[11.115s] writing top-level names to ../../build/car_base_driver/car_base_driver.egg-info/top_level.txt
[11.554s] reading manifest file '../../build/car_base_driver/car_base_driver.egg-info/SOURCES.txt'
[11.567s] writing manifest file '../../build/car_base_driver/car_base_driver.egg-info/SOURCES.txt'
[11.568s] running build
[11.569s] running build_py
[11.570s] copying car_base_driver/__init__.py -> /home/sunrise/Robot_Car/build/car_base_driver/build/lib/car_base_driver
[11.573s] copying car_base_driver/kinematics.py -> /home/sunrise/Robot_Car/build/car_base_driver/build/lib/car_base_driver
[11.574s] copying car_base_driver/serial_driver.py -> /home/sunrise/Robot_Car/build/car_base_driver/build/lib/car_base_driver
[11.577s] running install
[11.617s] running install_lib
[11.807s] running install_data
[11.809s] copying resource/car_base_driver -> /home/sunrise/Robot_Car/install/car_base_driver/share/ament_index/resource_index/packages
[11.811s] copying package.xml -> /home/sunrise/Robot_Car/install/car_base_driver/share/car_base_driver
[11.813s] copying launch/base_driver.launch.py -> /home/sunrise/Robot_Car/install/car_base_driver/share/car_base_driver/launch
[11.816s] copying config/base_driver.yaml -> /home/sunrise/Robot_Car/install/car_base_driver/share/car_base_driver/config
[11.817s] running install_egg_info
[11.992s] removing '/home/sunrise/Robot_Car/install/car_base_driver/lib/python3.10/site-packages/car_base_driver-0.0.1-py3.10.egg-info' (and everything under it)
[11.993s] Copying ../../build/car_base_driver/car_base_driver.egg-info to /home/sunrise/Robot_Car/install/car_base_driver/lib/python3.10/site-packages/car_base_driver-0.0.1-py3.10.egg-info
[11.999s] running install_scripts
[12.342s] Installing serial_driver script to /home/sunrise/Robot_Car/install/car_base_driver/lib/car_base_driver
[12.346s] writing list of installed files to '/home/sunrise/Robot_Car/build/car_base_driver/install.log'
[12.615s] Invoked command in '/home/sunrise/Robot_Car/src/car_base_driver' returned '0': PYTHONPATH=/home/sunrise/Robot_Car/build/car_base_driver/prefix_override:/usr/lib/python3/dist-packages/colcon_core/task/python/colcon_distutils_commands:/home/sunrise/Robot_Car/install/car_base_driver/lib/python3.10/site-packages:${PYTHONPATH} /usr/bin/python3 -W ignore:setup.py install is deprecated -W ignore:easy_install command is deprecated setup.py egg_info --egg-base ../../build/car_base_driver build --build-base /home/sunrise/Robot_Car/build/car_base_driver/build install --record /home/sunrise/Robot_Car/build/car_base_driver/install.log --single-version-externally-managed install_data
