[12.901s] Invoking command in '/home/sunrise/Robot_Car/src/car_base_driver': PYTHONPATH=/home/sunrise/Robot_Car/build/car_base_driver/prefix_override:/usr/lib/python3/dist-packages/colcon_core/task/python/colcon_distutils_commands:/home/sunrise/Robot_Car/install/car_base_driver/lib/python3.10/site-packages:${PYTHONPATH} /usr/bin/python3 -W ignore:setup.py install is deprecated -W ignore:easy_install command is deprecated setup.py egg_info --egg-base ../../build/car_base_driver build --build-base /home/sunrise/Robot_Car/build/car_base_driver/build install --record /home/sunrise/Robot_Car/build/car_base_driver/install.log --single-version-externally-managed install_data
[14.812s] /usr/local/lib/python3.10/dist-packages/setuptools/_distutils/dist.py:289: UserWarning: Unknown distribution option: 'tests_require'
[14.815s]   warnings.warn(msg)
[16.404s] running egg_info
[16.679s] writing ../../build/car_base_driver/car_base_driver.egg-info/PKG-INFO
[16.683s] writing dependency_links to ../../build/car_base_driver/car_base_driver.egg-info/dependency_links.txt
[16.686s] writing entry points to ../../build/car_base_driver/car_base_driver.egg-info/entry_points.txt
[16.690s] writing requirements to ../../build/car_base_driver/car_base_driver.egg-info/requires.txt
[16.694s] writing top-level names to ../../build/car_base_driver/car_base_driver.egg-info/top_level.txt
[17.227s] reading manifest file '../../build/car_base_driver/car_base_driver.egg-info/SOURCES.txt'
[17.248s] writing manifest file '../../build/car_base_driver/car_base_driver.egg-info/SOURCES.txt'
[17.249s] running build
[17.251s] running build_py
[17.256s] copying car_base_driver/__init__.py -> /home/sunrise/Robot_Car/build/car_base_driver/build/lib/car_base_driver
[17.258s] copying car_base_driver/kinematics.py -> /home/sunrise/Robot_Car/build/car_base_driver/build/lib/car_base_driver
[17.261s] copying car_base_driver/serial_driver.py -> /home/sunrise/Robot_Car/build/car_base_driver/build/lib/car_base_driver
[17.264s] running install
[17.342s] running install_lib
[17.634s] running install_data
[17.636s] copying resource/car_base_driver -> /home/sunrise/Robot_Car/install/car_base_driver/share/ament_index/resource_index/packages
[17.639s] copying package.xml -> /home/sunrise/Robot_Car/install/car_base_driver/share/car_base_driver
[17.642s] copying launch/base_driver.launch.py -> /home/sunrise/Robot_Car/install/car_base_driver/share/car_base_driver/launch
[17.645s] copying config/base_driver.yaml -> /home/sunrise/Robot_Car/install/car_base_driver/share/car_base_driver/config
[17.659s] running install_egg_info
[17.965s] removing '/home/sunrise/Robot_Car/install/car_base_driver/lib/python3.10/site-packages/car_base_driver-0.0.1-py3.10.egg-info' (and everything under it)
[17.967s] Copying ../../build/car_base_driver/car_base_driver.egg-info to /home/sunrise/Robot_Car/install/car_base_driver/lib/python3.10/site-packages/car_base_driver-0.0.1-py3.10.egg-info
[17.979s] running install_scripts
[18.540s] Installing serial_driver script to /home/sunrise/Robot_Car/install/car_base_driver/lib/car_base_driver
[18.544s] writing list of installed files to '/home/sunrise/Robot_Car/build/car_base_driver/install.log'
[18.873s] Invoked command in '/home/sunrise/Robot_Car/src/car_base_driver' returned '0': PYTHONPATH=/home/sunrise/Robot_Car/build/car_base_driver/prefix_override:/usr/lib/python3/dist-packages/colcon_core/task/python/colcon_distutils_commands:/home/sunrise/Robot_Car/install/car_base_driver/lib/python3.10/site-packages:${PYTHONPATH} /usr/bin/python3 -W ignore:setup.py install is deprecated -W ignore:easy_install command is deprecated setup.py egg_info --egg-base ../../build/car_base_driver build --build-base /home/sunrise/Robot_Car/build/car_base_driver/build install --record /home/sunrise/Robot_Car/build/car_base_driver/install.log --single-version-externally-managed install_data
