[8.955s] Invoking command in '/home/sunrise/Robot_Car/src/car_base_driver': PYTHONPATH=/home/sunrise/Robot_Car/build/car_base_driver/prefix_override:/usr/lib/python3/dist-packages/colcon_core/task/python/colcon_distutils_commands:/home/sunrise/Robot_Car/install/car_base_driver/lib/python3.10/site-packages:${PYTHONPATH} /usr/bin/python3 -W ignore:setup.py install is deprecated -W ignore:easy_install command is deprecated setup.py egg_info --egg-base ../../build/car_base_driver build --build-base /home/sunrise/Robot_Car/build/car_base_driver/build install --record /home/sunrise/Robot_Car/build/car_base_driver/install.log --single-version-externally-managed install_data
[10.265s] /usr/local/lib/python3.10/dist-packages/setuptools/_distutils/dist.py:289: UserWarning: Unknown distribution option: 'tests_require'
[10.266s]   warnings.warn(msg)
[11.764s] running egg_info
[11.960s] writing ../../build/car_base_driver/car_base_driver.egg-info/PKG-INFO
[11.966s] writing dependency_links to ../../build/car_base_driver/car_base_driver.egg-info/dependency_links.txt
[11.967s] writing entry points to ../../build/car_base_driver/car_base_driver.egg-info/entry_points.txt
[11.968s] writing requirements to ../../build/car_base_driver/car_base_driver.egg-info/requires.txt
[11.969s] writing top-level names to ../../build/car_base_driver/car_base_driver.egg-info/top_level.txt
[12.273s] reading manifest file '../../build/car_base_driver/car_base_driver.egg-info/SOURCES.txt'
[12.284s] writing manifest file '../../build/car_base_driver/car_base_driver.egg-info/SOURCES.txt'
[12.285s] running build
[12.287s] running build_py
[12.288s] copying car_base_driver/__init__.py -> /home/sunrise/Robot_Car/build/car_base_driver/build/lib/car_base_driver
[12.289s] copying car_base_driver/kinematics.py -> /home/sunrise/Robot_Car/build/car_base_driver/build/lib/car_base_driver
[12.292s] copying car_base_driver/serial_driver.py -> /home/sunrise/Robot_Car/build/car_base_driver/build/lib/car_base_driver
[12.295s] running install
[12.335s] running install_lib
[12.486s] running install_data
[12.488s] copying resource/car_base_driver -> /home/sunrise/Robot_Car/install/car_base_driver/share/ament_index/resource_index/packages
[12.492s] copying package.xml -> /home/sunrise/Robot_Car/install/car_base_driver/share/car_base_driver
[12.494s] copying launch/base_driver.launch.py -> /home/sunrise/Robot_Car/install/car_base_driver/share/car_base_driver/launch
[12.496s] copying config/base_driver.yaml -> /home/sunrise/Robot_Car/install/car_base_driver/share/car_base_driver/config
[12.497s] running install_egg_info
[12.731s] removing '/home/sunrise/Robot_Car/install/car_base_driver/lib/python3.10/site-packages/car_base_driver-0.0.1-py3.10.egg-info' (and everything under it)
[12.733s] Copying ../../build/car_base_driver/car_base_driver.egg-info to /home/sunrise/Robot_Car/install/car_base_driver/lib/python3.10/site-packages/car_base_driver-0.0.1-py3.10.egg-info
[12.742s] running install_scripts
[13.264s] Installing serial_driver script to /home/sunrise/Robot_Car/install/car_base_driver/lib/car_base_driver
[13.267s] writing list of installed files to '/home/sunrise/Robot_Car/build/car_base_driver/install.log'
[13.552s] Invoked command in '/home/sunrise/Robot_Car/src/car_base_driver' returned '0': PYTHONPATH=/home/sunrise/Robot_Car/build/car_base_driver/prefix_override:/usr/lib/python3/dist-packages/colcon_core/task/python/colcon_distutils_commands:/home/sunrise/Robot_Car/install/car_base_driver/lib/python3.10/site-packages:${PYTHONPATH} /usr/bin/python3 -W ignore:setup.py install is deprecated -W ignore:easy_install command is deprecated setup.py egg_info --egg-base ../../build/car_base_driver build --build-base /home/sunrise/Robot_Car/build/car_base_driver/build install --record /home/sunrise/Robot_Car/build/car_base_driver/install.log --single-version-externally-managed install_data
