[10.443s] Invoking command in '/home/sunrise/Robot_Car/src/car_control_tools': PYTHONPATH=/home/sunrise/Robot_Car/build/car_control_tools/prefix_override:/usr/lib/python3/dist-packages/colcon_core/task/python/colcon_distutils_commands:/home/sunrise/Robot_Car/install/car_control_tools/lib/python3.10/site-packages:${PYTHONPATH} /usr/bin/python3 -W ignore:setup.py install is deprecated -W ignore:easy_install command is deprecated setup.py egg_info --egg-base ../../build/car_control_tools build --build-base /home/sunrise/Robot_Car/build/car_control_tools/build install --record /home/sunrise/Robot_Car/build/car_control_tools/install.log --single-version-externally-managed install_data
[12.103s] /usr/local/lib/python3.10/dist-packages/setuptools/_distutils/dist.py:289: UserWarning: Unknown distribution option: 'tests_require'
[12.104s]   warnings.warn(msg)
[13.466s] running egg_info
[13.689s] writing ../../build/car_control_tools/car_control_tools.egg-info/PKG-INFO
[13.694s] writing dependency_links to ../../build/car_control_tools/car_control_tools.egg-info/dependency_links.txt
[13.695s] writing entry points to ../../build/car_control_tools/car_control_tools.egg-info/entry_points.txt
[13.702s] writing requirements to ../../build/car_control_tools/car_control_tools.egg-info/requires.txt
[13.703s] writing top-level names to ../../build/car_control_tools/car_control_tools.egg-info/top_level.txt
[14.147s] reading manifest file '../../build/car_control_tools/car_control_tools.egg-info/SOURCES.txt'
[14.160s] writing manifest file '../../build/car_control_tools/car_control_tools.egg-info/SOURCES.txt'
[14.162s] running build
[14.166s] running build_py
[14.170s] copying car_control_tools/__init__.py -> /home/sunrise/Robot_Car/build/car_control_tools/build/lib/car_control_tools
[14.171s] copying car_control_tools/goal_utils.py -> /home/sunrise/Robot_Car/build/car_control_tools/build/lib/car_control_tools
[14.172s] copying car_control_tools/terminal_goal.py -> /home/sunrise/Robot_Car/build/car_control_tools/build/lib/car_control_tools
[14.173s] running install
[14.215s] running install_lib
[14.439s] running install_data
[14.442s] copying resource/car_control_tools -> /home/sunrise/Robot_Car/install/car_control_tools/share/ament_index/resource_index/packages
[14.444s] copying package.xml -> /home/sunrise/Robot_Car/install/car_control_tools/share/car_control_tools
[14.446s] running install_egg_info
[14.681s] removing '/home/sunrise/Robot_Car/install/car_control_tools/lib/python3.10/site-packages/car_control_tools-0.0.1-py3.10.egg-info' (and everything under it)
[14.683s] Copying ../../build/car_control_tools/car_control_tools.egg-info to /home/sunrise/Robot_Car/install/car_control_tools/lib/python3.10/site-packages/car_control_tools-0.0.1-py3.10.egg-info
[14.691s] running install_scripts
[15.154s] Installing terminal_goal script to /home/sunrise/Robot_Car/install/car_control_tools/lib/car_control_tools
[15.162s] writing list of installed files to '/home/sunrise/Robot_Car/build/car_control_tools/install.log'
[15.543s] Invoked command in '/home/sunrise/Robot_Car/src/car_control_tools' returned '0': PYTHONPATH=/home/sunrise/Robot_Car/build/car_control_tools/prefix_override:/usr/lib/python3/dist-packages/colcon_core/task/python/colcon_distutils_commands:/home/sunrise/Robot_Car/install/car_control_tools/lib/python3.10/site-packages:${PYTHONPATH} /usr/bin/python3 -W ignore:setup.py install is deprecated -W ignore:easy_install command is deprecated setup.py egg_info --egg-base ../../build/car_control_tools build --build-base /home/sunrise/Robot_Car/build/car_control_tools/build install --record /home/sunrise/Robot_Car/build/car_control_tools/install.log --single-version-externally-managed install_data
