[8.690s] Invoking command in '/home/sunrise/Robot_Car/src/car_control_tools': PYTHONPATH=/home/sunrise/Robot_Car/build/car_control_tools/prefix_override:/usr/lib/python3/dist-packages/colcon_core/task/python/colcon_distutils_commands:/home/sunrise/Robot_Car/install/car_control_tools/lib/python3.10/site-packages:${PYTHONPATH} /usr/bin/python3 -W ignore:setup.py install is deprecated -W ignore:easy_install command is deprecated setup.py egg_info --egg-base ../../build/car_control_tools build --build-base /home/sunrise/Robot_Car/build/car_control_tools/build install --record /home/sunrise/Robot_Car/build/car_control_tools/install.log --single-version-externally-managed install_data
[9.976s] /usr/local/lib/python3.10/dist-packages/setuptools/_distutils/dist.py:289: UserWarning: Unknown distribution option: 'tests_require'
[9.977s]   warnings.warn(msg)
[11.051s] running egg_info
[11.217s] writing ../../build/car_control_tools/car_control_tools.egg-info/PKG-INFO
[11.221s] writing dependency_links to ../../build/car_control_tools/car_control_tools.egg-info/dependency_links.txt
[11.223s] writing entry points to ../../build/car_control_tools/car_control_tools.egg-info/entry_points.txt
[11.226s] writing requirements to ../../build/car_control_tools/car_control_tools.egg-info/requires.txt
[11.228s] writing top-level names to ../../build/car_control_tools/car_control_tools.egg-info/top_level.txt
[11.592s] reading manifest file '../../build/car_control_tools/car_control_tools.egg-info/SOURCES.txt'
[11.604s] writing manifest file '../../build/car_control_tools/car_control_tools.egg-info/SOURCES.txt'
[11.605s] running build
[11.606s] running build_py
[11.607s] copying car_control_tools/__init__.py -> /home/sunrise/Robot_Car/build/car_control_tools/build/lib/car_control_tools
[11.608s] copying car_control_tools/goal_utils.py -> /home/sunrise/Robot_Car/build/car_control_tools/build/lib/car_control_tools
[11.610s] copying car_control_tools/terminal_goal.py -> /home/sunrise/Robot_Car/build/car_control_tools/build/lib/car_control_tools
[11.613s] running install
[11.658s] running install_lib
[11.831s] running install_data
[11.834s] copying resource/car_control_tools -> /home/sunrise/Robot_Car/install/car_control_tools/share/ament_index/resource_index/packages
[11.837s] copying package.xml -> /home/sunrise/Robot_Car/install/car_control_tools/share/car_control_tools
[11.840s] running install_egg_info
[12.016s] removing '/home/sunrise/Robot_Car/install/car_control_tools/lib/python3.10/site-packages/car_control_tools-0.0.1-py3.10.egg-info' (and everything under it)
[12.018s] Copying ../../build/car_control_tools/car_control_tools.egg-info to /home/sunrise/Robot_Car/install/car_control_tools/lib/python3.10/site-packages/car_control_tools-0.0.1-py3.10.egg-info
[12.025s] running install_scripts
[12.393s] Installing terminal_goal script to /home/sunrise/Robot_Car/install/car_control_tools/lib/car_control_tools
[12.396s] writing list of installed files to '/home/sunrise/Robot_Car/build/car_control_tools/install.log'
[12.723s] Invoked command in '/home/sunrise/Robot_Car/src/car_control_tools' returned '0': PYTHONPATH=/home/sunrise/Robot_Car/build/car_control_tools/prefix_override:/usr/lib/python3/dist-packages/colcon_core/task/python/colcon_distutils_commands:/home/sunrise/Robot_Car/install/car_control_tools/lib/python3.10/site-packages:${PYTHONPATH} /usr/bin/python3 -W ignore:setup.py install is deprecated -W ignore:easy_install command is deprecated setup.py egg_info --egg-base ../../build/car_control_tools build --build-base /home/sunrise/Robot_Car/build/car_control_tools/build install --record /home/sunrise/Robot_Car/build/car_control_tools/install.log --single-version-externally-managed install_data
